###############################################################################
#
# IAR ANSI C/C++ Compiler V7.70.2.11706/W32 for ARM       17/Jun/2026  08:45:29
# Copyright 1999-2016 IAR Systems AB.
#
#    Cpu mode     =  thumb
#    Endian       =  little
#    Source file  =  
#        D:\2-通用定制归档程序\04-通用程序\00-900F\【通用程序】ZRR900FV2HYLCD-ATF3.03-解决零漂-8BA6-0F1B-20260316\00-源码\ZRR900FV2HYLCDATFSoftUlib-V2.0-20260316\Drive.c
#    Command line =  
#        D:\2-通用定制归档程序\04-通用程序\00-900F\【通用程序】ZRR900FV2HYLCD-ATF3.03-解决零漂-8BA6-0F1B-20260316\00-源码\ZRR900FV2HYLCDATFSoftUlib-V2.0-20260316\Drive.c
#        -D ATF403AVCT7 -D LIBRARY_VERSION -D USE_STDPERIPH_DRIVER -D
#        AT_START_F403A_V1_0 -lcN
#        D:\2-通用定制归档程序\04-通用程序\00-900F\【通用程序】ZRR900FV2HYLCD-ATF3.03-解决零漂-8BA6-0F1B-20260316\00-源码\ZRR900FV2HYLCDATFSoftUlib-V2.0-20260316\Debug\List
#        -lA
#        D:\2-通用定制归档程序\04-通用程序\00-900F\【通用程序】ZRR900FV2HYLCD-ATF3.03-解决零漂-8BA6-0F1B-20260316\00-源码\ZRR900FV2HYLCDATFSoftUlib-V2.0-20260316\Debug\List
#        -o
#        D:\2-通用定制归档程序\04-通用程序\00-900F\【通用程序】ZRR900FV2HYLCD-ATF3.03-解决零漂-8BA6-0F1B-20260316\00-源码\ZRR900FV2HYLCDATFSoftUlib-V2.0-20260316\Debug\Obj
#        --no_cse --no_unroll --no_inline --no_code_motion --no_tbaa
#        --no_clustering --no_scheduling --debug --endian=little
#        --cpu=Cortex-M4 -e --char_is_signed --enable_multibytes --fpu=VFPv4_sp
#        --dlib_config "C:\Program Files (x86)\IAR Systems\Embedded Workbench
#        7.5\arm\INC\c\DLib_Config_Full.h" -I
#        D:\2-通用定制归档程序\04-通用程序\00-900F\【通用程序】ZRR900FV2HYLCD-ATF3.03-解决零漂-8BA6-0F1B-20260316\00-源码\ZRR900FV2HYLCDATFSoftUlib-V2.0-20260316\
#        -I
#        D:\2-通用定制归档程序\04-通用程序\00-900F\【通用程序】ZRR900FV2HYLCD-ATF3.03-解决零漂-8BA6-0F1B-20260316\00-源码\ZRR900FV2HYLCDATFSoftUlib-V2.0-20260316\Libraries\STM32F10x_StdPeriph_Driver\inc\
#        -I
#        D:\2-通用定制归档程序\04-通用程序\00-900F\【通用程序】ZRR900FV2HYLCD-ATF3.03-解决零漂-8BA6-0F1B-20260316\00-源码\ZRR900FV2HYLCDATFSoftUlib-V2.0-20260316\Libraries\CMSIS\CM4\CoreSupport\
#        -I
#        D:\2-通用定制归档程序\04-通用程序\00-900F\【通用程序】ZRR900FV2HYLCD-ATF3.03-解决零漂-8BA6-0F1B-20260316\00-源码\ZRR900FV2HYLCDATFSoftUlib-V2.0-20260316\Libraries\CMSIS\CM4\DeviceSupport\
#        -On --use_c++_inline
#    Locale       =  Chinese (Simplified)_China.936
#    List file    =  
#        D:\2-通用定制归档程序\04-通用程序\00-900F\【通用程序】ZRR900FV2HYLCD-ATF3.03-解决零漂-8BA6-0F1B-20260316\00-源码\ZRR900FV2HYLCDATFSoftUlib-V2.0-20260316\Debug\List\Drive.lst
#    Object file  =  
#        D:\2-通用定制归档程序\04-通用程序\00-900F\【通用程序】ZRR900FV2HYLCD-ATF3.03-解决零漂-8BA6-0F1B-20260316\00-源码\ZRR900FV2HYLCDATFSoftUlib-V2.0-20260316\Debug\Obj\Drive.o
#
###############################################################################

D:\2-通用定制归档程序\04-通用程序\00-900F\【通用程序】ZRR900FV2HYLCD-ATF3.03-解决零漂-8BA6-0F1B-20260316\00-源码\ZRR900FV2HYLCDATFSoftUlib-V2.0-20260316\Drive.c
      1          /* 
      2          ******************************************************************
      3          * Title:	Drive.c
      4          * Description:	所有系统硬件底层驱动
      5          * Function:
      6          
      7          ******************************************************************
      8          */
      9          #include <stdio.h>
     10          #include <string.h>
     11          
     12          #include "stm32f10x.h"
     13          #include "Drive.h"
     14          #include "bhjdq.h"
     15          #include "GlobeDef.h"
     16          #include "Hzk.h"
     17          #include "Lib.h"
     18          #include "rtctime.h"
     19          #include "SD3077.h"
     20          #include "Eep.h"
     21          #include "EventManage.h"
     22          #include "rlycomm.h"
     23          #include "MenuDiplay.h"
     24          #include "pmodbuss.h"
     25          #include "UartDrv.h"
     26          #include "W25Q64.h"
     27          
     28          uc8 DCB_HEX_TAB[8] = {0x80, 0x40, 0x20, 0x10, 0x08, 0x04, 0x02, 0x01};		//按照正序取模
     29          
     30          u8   Drive_Eep_WriteOne(u32 wAddr,u16 wValue)
     31          {
     32          	u8 j;
     33          	u16 wOldVal;
     34          	u8 buf[2];
     35          	
     36          	buf[0]=HIBYTE(wValue);
     37          	buf[1]=LOBYTE(wValue);
     38          	for(j=1;j<2;j++)
     39          	{
     40          		W25Q_WritePageBytes(buf, wAddr, 2);
     41          		wOldVal=Drive_Eep_read_one(wAddr)*0x100+Drive_Eep_read_one(wAddr+1);
     42          		if(wValue==wOldVal)
     43          			return TRUE;
     44          	}
     45          	return FALSE;
     46          }
     47          
     48          
     49          u8 Drive_Eep_read_one(u32 wAddr)
     50          {
     51          	u8 tmp;
     52          	W25Q_ReadMultiBytes(&tmp, wAddr, 1);
     53          	return((u8)tmp);
     54          }
     55          
     56           
     57          
     58          void Drive_Eep_write_one(u32 wAddr,u8 uData)
     59          {
     60          	W25Q_WritePageBytes(&uData, wAddr, 1);
     61          }
     62          
     63          void Drive_Eep_write_two(u32 wAddr,u16 uData)
     64          {
     65          	u8 buf[2];
     66          	
     67          	buf[0]=HIBYTE(uData);
     68          	buf[1]=LOBYTE(uData);
     69          	W25Q_WritePageBytes(buf, wAddr, 2);
     70          }
     71          
     72          ////////////
     73          //GPIO初始化
     74          //////////// 
     75          //void GPIO_Configuration(void);
     76          void GPIO_Configuration(void)
     77          {
     78          	GPIO_InitTypeDef GPIO_InitStructure;
     79          	
     80          	//PA.0-PA.2--Ain for--ADC0-7
     81          	//PA.8--out for--COMLED
     82          	//PA.9--out for--txd0
     83          	//PA.10--in for--rxd0
     84          	//PA.11--out for--DO4
     85          	//PA.12--in for--f(Hz)测频输入
     86          	//PA.15--out for LED_TZ
     87          	GPIO_DeInit(GPIOA);
     88          	// Configure USART1 Tx (PA.09) as alternate function push-pull  
     89          	GPIO_InitStructure.GPIO_Pin = GPIO_Pin_9;
     90          	GPIO_InitStructure.GPIO_Speed = GPIO_Speed_50MHz;
     91          	GPIO_InitStructure.GPIO_Mode = GPIO_Mode_AF_PP;
     92          	GPIO_Init(GPIOA, &GPIO_InitStructure);
     93          	
     94          	// Configure USART1 Rx (PA.10) as input floating  
     95          	GPIO_InitStructure.GPIO_Pin = GPIO_Pin_10;
     96          //	GPIO_InitStructure.GPIO_Mode = GPIO_Mode_IN_FLOATING;
     97          	GPIO_InitStructure.GPIO_Mode = GPIO_Mode_IPU;
     98          	GPIO_Init(GPIOA, &GPIO_InitStructure);
     99          	
    100          	GPIO_InitStructure.GPIO_Pin = GPIO_Pin_8 | GPIO_Pin_11 | GPIO_Pin_12 | GPIO_Pin_15;
    101          	GPIO_InitStructure.GPIO_Mode = GPIO_Mode_IPU;
    102          	GPIO_InitStructure.GPIO_Speed = GPIO_Speed_50MHz;
    103          	GPIO_Init(GPIOA, &GPIO_InitStructure);
    104              
    105          	GPIO_InitStructure.GPIO_Pin = GPIO_Pin_0 | GPIO_Pin_1 | GPIO_Pin_2 | GPIO_Pin_3 | GPIO_Pin_4 | GPIO_Pin_5 | GPIO_Pin_6 | GPIO_Pin_7;
    106          	GPIO_InitStructure.GPIO_Mode = GPIO_Mode_AIN;
    107          	GPIO_InitStructure.GPIO_Speed = GPIO_Speed_50MHz;
    108          	GPIO_Init(GPIOA, &GPIO_InitStructure);
    109          	
    110          	//
    111          	GPIO_DeInit(GPIOB);
    112          	GPIO_InitStructure.GPIO_Pin = GPIO_Pin_0 | GPIO_Pin_1 | GPIO_Pin_2 | GPIO_Pin_3 | GPIO_Pin_4 | GPIO_Pin_5 | GPIO_Pin_6 | GPIO_Pin_7 | GPIO_Pin_8 | GPIO_Pin_9 | GPIO_Pin_12;
    113          	GPIO_InitStructure.GPIO_Mode = GPIO_Mode_Out_PP;
    114          	GPIO_InitStructure.GPIO_Speed = GPIO_Speed_50MHz;
    115          	GPIO_Init(GPIOB, &GPIO_InitStructure);
    116          	
    117          	//设置初始状态
    118          	GPIO_SetBits(GPIOB, GPIO_Pin_0);
    119          	GPIO_SetBits(GPIOB, GPIO_Pin_1);
    120          	GPIO_SetBits(GPIOB, GPIO_Pin_2);
    121          	GPIO_SetBits(GPIOB, GPIO_Pin_3);
    122          	GPIO_SetBits(GPIOB, GPIO_Pin_4);
    123          	GPIO_SetBits(GPIOB, GPIO_Pin_5);
    124          	GPIO_SetBits(GPIOB, GPIO_Pin_6);
    125          	GPIO_SetBits(GPIOB, GPIO_Pin_7);
    126          	GPIO_SetBits(GPIOB, GPIO_Pin_8);
    127          	GPIO_SetBits(GPIOB, GPIO_Pin_9);
    128          	GPIO_SetBits(GPIOB, GPIO_Pin_12);
    129          	
    130          	//PB.10 in for KEY_HZ
    131          	GPIO_InitStructure.GPIO_Pin = GPIO_Pin_10;
    132          	GPIO_InitStructure.GPIO_Mode = GPIO_Mode_IPU;
    133          	GPIO_InitStructure.GPIO_Speed = GPIO_Speed_50MHz;
    134          	GPIO_Init(GPIOB, &GPIO_InitStructure);
    135          	
    136          	//
    137          	GPIO_DeInit(GPIOC);
    138          	GPIO_InitStructure.GPIO_Pin = GPIO_Pin_0;
    139          	GPIO_InitStructure.GPIO_Mode = GPIO_Mode_AIN;
    140          	GPIO_InitStructure.GPIO_Speed = GPIO_Speed_50MHz;
    141          	GPIO_Init(GPIOC, &GPIO_InitStructure);
    142              
    143          	GPIO_InitStructure.GPIO_Pin =GPIO_Pin_3| GPIO_Pin_4 | GPIO_Pin_5 | GPIO_Pin_6;
    144          	GPIO_InitStructure.GPIO_Mode = GPIO_Mode_Out_PP;
    145          	GPIO_InitStructure.GPIO_Speed = GPIO_Speed_50MHz;
    146          	GPIO_Init(GPIOC, &GPIO_InitStructure);
    147          	
    148          	//设置初始状态
    149          	GPIO_SetBits(GPIOC, GPIO_Pin_3);
    150          	GPIO_SetBits(GPIOC, GPIO_Pin_4);
    151          	GPIO_SetBits(GPIOC, GPIO_Pin_5);
    152          	GPIO_SetBits(GPIOC, GPIO_Pin_6);
    153          	
    154          	GPIO_InitStructure.GPIO_Pin = GPIO_Pin_7 | GPIO_Pin_8 | GPIO_Pin_9 | GPIO_Pin_10 | GPIO_Pin_11 | GPIO_Pin_12;
    155          	GPIO_InitStructure.GPIO_Mode = GPIO_Mode_IPU;
    156          	GPIO_InitStructure.GPIO_Speed = GPIO_Speed_50MHz;
    157          	GPIO_Init(GPIOC, &GPIO_InitStructure);
    158          	
    159          	//
    160          	GPIO_DeInit(GPIOD);
    161          	GPIO_InitStructure.GPIO_Pin = GPIO_Pin_0 | GPIO_Pin_1 | GPIO_Pin_2 | GPIO_Pin_3;
    162          	GPIO_InitStructure.GPIO_Mode = GPIO_Mode_IPU;
    163          	GPIO_InitStructure.GPIO_Speed = GPIO_Speed_50MHz;
    164          	GPIO_Init(GPIOD, &GPIO_InitStructure);
    165          	
    166          	GPIO_InitStructure.GPIO_Pin = GPIO_Pin_4 | GPIO_Pin_5 | GPIO_Pin_6 | GPIO_Pin_7 | 
    167          								  GPIO_Pin_8 | GPIO_Pin_9 | GPIO_Pin_10 | GPIO_Pin_11 | GPIO_Pin_12 | GPIO_Pin_13 | GPIO_Pin_14 | GPIO_Pin_15;
    168          	GPIO_InitStructure.GPIO_Mode = GPIO_Mode_Out_PP;
    169          	GPIO_InitStructure.GPIO_Speed = GPIO_Speed_50MHz;
    170          	GPIO_Init(GPIOD, &GPIO_InitStructure);
    171          	
    172          	//设置初始状态
    173          	GPIO_SetBits(GPIOD, GPIO_Pin_4);
    174          	GPIO_SetBits(GPIOD, GPIO_Pin_5);
    175          	GPIO_SetBits(GPIOD, GPIO_Pin_6);
    176          	GPIO_SetBits(GPIOD, GPIO_Pin_7);
    177          	GPIO_SetBits(GPIOD, GPIO_Pin_8);
    178          	GPIO_SetBits(GPIOD, GPIO_Pin_9);
    179          	GPIO_SetBits(GPIOD, GPIO_Pin_10);
    180          	GPIO_SetBits(GPIOD, GPIO_Pin_11);
    181          	GPIO_SetBits(GPIOD, GPIO_Pin_12);
    182          	GPIO_SetBits(GPIOD, GPIO_Pin_13);
    183          	GPIO_SetBits(GPIOD, GPIO_Pin_14);
    184          	GPIO_SetBits(GPIOD, GPIO_Pin_15);
    185          	
    186          	GPIO_DeInit(GPIOE);
    187          	GPIO_InitStructure.GPIO_Pin = GPIO_Pin_5 | GPIO_Pin_7;
    188          	GPIO_InitStructure.GPIO_Mode = GPIO_Mode_Out_PP;
    189          	GPIO_InitStructure.GPIO_Speed = GPIO_Speed_50MHz;
    190          	GPIO_Init(GPIOE, &GPIO_InitStructure);
    191          	
    192          	//设置初始状态
    193          	GPIO_SetBits(GPIOE, GPIO_Pin_5);
    194          	GPIO_SetBits(GPIOE, GPIO_Pin_7);
    195          	
    196          	GPIO_InitStructure.GPIO_Pin = GPIO_Pin_0;
    197          	GPIO_InitStructure.GPIO_Mode = GPIO_Mode_IPU;
    198          	GPIO_InitStructure.GPIO_Speed = GPIO_Speed_50MHz;
    199          	GPIO_Init(GPIOE, &GPIO_InitStructure);
    200          	
    201          	GPIO_InitStructure.GPIO_Pin = GPIO_Pin_8 | GPIO_Pin_9 | GPIO_Pin_10 | GPIO_Pin_11 | GPIO_Pin_12 | GPIO_Pin_13 | GPIO_Pin_14 | GPIO_Pin_15;
    202          	GPIO_InitStructure.GPIO_Mode = GPIO_Mode_IPU;
    203          	GPIO_InitStructure.GPIO_Speed = GPIO_Speed_50MHz;
    204          	GPIO_Init(GPIOE, &GPIO_InitStructure);
    205          	
    206          }
    207          
    208           
    209          void	Trip_P(u8 Kno)
    210          {
    211          	if(Kno==1) 		//KC1,2——保护跳闸
    212          	{
    213          		GPIO_ResetBits(GPIOB, GPIO_Pin_4);
    214          	}
    215          	if(Kno==2)		//KC3,4——保护合闸
    216          	{
    217              	GPIO_ResetBits(GPIOB, GPIO_Pin_3);
    218          	}
    219          	if(Kno==3) 		//XHGJ——点告警信号
    220          	{
    221          	  GPIO_ResetBits(GPIOC, GPIO_Pin_5);
    222              	GPIO_ResetBits(GPIOD, GPIO_Pin_5);
    223          		
    224          	}
    225          	if(Kno==4)		//XHDZ——点事故信号
    226          	{
    227          	    GPIO_ResetBits(GPIOB, GPIO_Pin_0);
    228          		GPIO_ResetBits(GPIOD, GPIO_Pin_4);
    229          	}
    230          	if(Kno==5)		//KC9,遥控合闸
    231              	GPIO_ResetBits(GPIOD, GPIO_Pin_6);
    232          	if(Kno==6)		//KC10,遥控跳闸
    233              	GPIO_ResetBits(GPIOD, GPIO_Pin_7);
    234          	if(Kno==7)		//KC10,备用出口1
    235              	GPIO_ResetBits(GPIOC, GPIO_Pin_3);
    236          		
    237          	if(Kno==8)		//RUNLED
    238          		GPIO_ResetBits(GPIOE, GPIO_Pin_7);
    239             	if(Kno==9)		//TWLED
    240              	GPIO_ResetBits(GPIOB, GPIO_Pin_2);
    241          	if(Kno==10) 	//HWLED
    242              	GPIO_ResetBits(GPIOB, GPIO_Pin_1);
    243          	if(Kno==11)		//DZLED
    244              	GPIO_ResetBits(GPIOB, GPIO_Pin_0);
    245          	if(Kno==12)		//GJLED
    246              	GPIO_ResetBits(GPIOC, GPIO_Pin_5);
    247          	if(Kno==13)		//COMLED
    248              	GPIO_ResetBits(GPIOC, GPIO_Pin_4);
    249          	if(Kno==14)		//BLLED
    250              	GPIO_SetBits(GPIOC, GPIO_Pin_6);
    251          }
    252          
    253          void	Trip_F(u8 Kno)
    254          {
    255          	if(Kno==1) 		//KC1,2——保护跳闸
    256          	{
    257          		GPIO_SetBits(GPIOB, GPIO_Pin_4);
    258          	}
    259          	if(Kno==2)		//KC3,4——保护合闸
    260          	{
    261              	GPIO_SetBits(GPIOB, GPIO_Pin_3);
    262          	}
    263          	if(Kno==3) 		//XHGJ——点告警信号
    264          	{
    265          	      	GPIO_SetBits(GPIOC, GPIO_Pin_5);
    266              	GPIO_SetBits(GPIOD, GPIO_Pin_5);
    267          	}
    268          	if(Kno==4)		//XHDZ——点事故信号
    269          	{
    270          	     GPIO_SetBits(GPIOB, GPIO_Pin_0);
    271          		GPIO_SetBits(GPIOD, GPIO_Pin_4);
    272          	}
    273          	if(Kno==5)		//KC9,遥控合闸
    274              	GPIO_SetBits(GPIOD, GPIO_Pin_6);
    275          	if(Kno==6)		//KC10,遥控跳闸
    276              	GPIO_SetBits(GPIOD, GPIO_Pin_7);
    277          	if(Kno==7)		//KC10,备用出口1
    278              	GPIO_SetBits(GPIOC, GPIO_Pin_3);
    279          	if(Kno==8)		//RUNLED
    280          		GPIO_SetBits(GPIOE, GPIO_Pin_7);
    281             	if(Kno==9)		//TWLED
    282              	GPIO_SetBits(GPIOB, GPIO_Pin_2);
    283          	if(Kno==10) 	//HWLED
    284              	GPIO_SetBits(GPIOB, GPIO_Pin_1);
    285          	if(Kno==11)		//DZLED
    286              	GPIO_SetBits(GPIOB, GPIO_Pin_0);
    287          	if(Kno==12)		//GJLED
    288              	GPIO_SetBits(GPIOC, GPIO_Pin_5);
    289          	if(Kno==13)		//COMLED
    290              	GPIO_SetBits(GPIOC, GPIO_Pin_4);
    291          	if(Kno==14)		//BLLED
    292              	GPIO_ResetBits(GPIOC, GPIO_Pin_6);
    293          }
    294          
    295          void delay_ms(u16 ms)
    296          {
    297          	u16 i;
    298          	for(i=0; i<ms; i++)
    299          	{
    300          		delay_us(1000);
    301          	}
    302          }
    303          
    304          void delay_us(u16 us)
    305          {
    306          	u16 i;
    307          	u8 j;
    308          	for(i=0; i<us; i++)
    309          	{
    310          		for(j=0; j<10; j++);
    311          	}
    312          }
    313          
    314          void	LED_Init()
    315          {  
    316            u8	 j;
    317              for(j=0;j<6;j++)
    318              {
    319                Trip_P(KC_LED_RUN+j);
    320                delay_ms(150);
    321                 Trip_F(KC_LED_RUN+j);
    322              }
    323            
    324          }
    325          
    326          
    327          ////////////////
    328          //CPU初始化/////
    329          ////////////////
    330          void Cpu_Init(void)
    331          {
    332          	
    333          }
    334          extern u8 name_int[];
    335          extern u8 RTC_int[];
    336          
    337          //扫描键值
    338          void ScanKey(void)	//10毫秒中断函数中,键盘扫描
    339          {  
    340          	u8  i;
    341           
    342          	if (!KEY_Str.touch)
    343          	{       
    344          		i=((~GPIO_ReadInputData(GPIOE))&0xFF00)>>8;		//读键值
    345          		if (i == Nokey)
    346          		{
    347          		  KEY_Str.Counter = 0;
    348          		  KEY_err=0;
    349          		}
    350          		else	KEY_Str.Counter++;
    351          		if ((KEY_Str.Counter == 5)&&(i != KEY_Str.Value ))  //键值5毫秒确认
    352          		{ 
    353          			KEY_Str.Value = i;
    354          			KEY_Str.touch = 1;
    355          			MenuTimer=BL_TIMER;
    356          			LightTimer=0;		//专门为背光关闭问题,2012.11.12
    357          		}
    358          		else if (KEY_Str.Counter >= 500)
    359          		{
    360          			KEY_Str.Value = 0;
    361          			//KEY_Str.Counter = 0;
    362          			KEY_err=i;
    363          		}
    364          		 
    365          		  
    366          	}
    367          
    368          }
    369          u16 YX_cnt[32];
    370          
    371          u16 tim_kr=0;
    372          //开入高级中断函数
    373          void	KR_Hinterrupt()		////1毫秒中断函数中,开入高级中断函数
    374          {
    375          	u8 j; 
    376              u32 w_Kiss;	
    377          	w_Kiss=0;
    378          	tim_kr++;
    379          	if(GPIO_ReadInputDataBit(GPIOC, GPIO_Pin_9)==Bit_RESET) w_Kiss |= 0x01;		//DI1
    380          	if(GPIO_ReadInputDataBit(GPIOA, GPIO_Pin_8)==Bit_RESET)w_Kiss |= 0x02;		//DI2
    381          	if(GPIO_ReadInputDataBit(GPIOA, GPIO_Pin_11)==Bit_RESET)w_Kiss |= 0x04;	//DI3
    382          	if(GPIO_ReadInputDataBit(GPIOA, GPIO_Pin_12)==Bit_RESET)w_Kiss|= 0x08;	//DI4
    383          	if(GPIO_ReadInputDataBit(GPIOA, GPIO_Pin_15)==Bit_RESET) w_Kiss |= 0x10;	//DI5
    384          	w_Kiss |= (~((GPIO_ReadInputData(GPIOC)&0x1C00)>>5))&0xe0;					//DI6-8
    385          
    386          	w_Kiss|= (~GPIO_ReadInputData(GPIOD)&0x0F)<<8;
    387          	w_Kiss|= (~GPIO_ReadInputData(GPIOC)&0x180)<<5;
    388          //	YX0_sts[1]^= YX1_sts[1];	   
    389          	w_Kiss=w_Kiss&0x3fff;        
    390          	for (j=0;j<16;j++)
    391          	{
    392          		if (Bit_tst((u8 *)&w_Kiss,j))
    393          		      YX_cnt[j]++;
    394          	}
    395          	if(tim_kr>=12)
    396          	{
    397          		tim_kr=0;
    398          		for (j=0;j<16;j++)
    399          		{
    400          			if (YX_cnt[j] >=6)
    401          			{                                           // 滤波计数确认变位
    402          				Bit_set((u8 *)&YX1_sts,j);		//原状态取
    403          			}
    404          			else
    405          			{
    406          				Bit_clr((u8 *)&YX1_sts,j);
    407          			}
    408          			YX_cnt[j] = 0;
    409          		}
    410          	}
    411          }
    412          	
    413          
    414          uc8 Text[16]={0x40,0x40,0x40,0x70,0x20,0x40,0x80,0x00,0x04,0x04,0x04,0x1C,0x08,0x04,0x02,0x01};
    415          //打开光标
    416          //参数：row		= 行的位置:0-19
    417          //	  	col		= 列的位置:0-19
    418          void Lcd_opencur(u8 row,u8 col)
    419          { 	
    420          	u8 i,y;
    421          	
    422          	LcdWrite_Code(0x30);//Extension command 1
    423          	
    424          	LcdWrite_Code(0x75);//Set Page Address
    425          	LcdWrite_Data(row);	//行地址
    426          	LcdWrite_Data(0x13);//End Page
    427          	
    428          	LcdWrite_Code(0x15);//Set Column Address
    429          	LcdWrite_Data(col<<3);	//列地址
    430          	LcdWrite_Data(0x9F);//End Column
    431          	
    432          	LcdWrite_Code(0x5C);//写数据到DRAM中
    433          	for(i=0;i<8;i++)
    434          	{
    435          		LcdWrite_Data(Text[i]);
    436          	}
    437          	LcdWrite_Code(0x30);//Extension command 1
    438          	
    439          	LcdWrite_Code(0x75);//Set Page Address
    440          	LcdWrite_Data(row+1);	//行地址
    441          	LcdWrite_Data(0x13);//End Page
    442          	
    443          	LcdWrite_Code(0x15);//Set Column Address
    444          	LcdWrite_Data(col<<3);	//列地址
    445          	LcdWrite_Data(0x9F);//End Column
    446          	
    447          	LcdWrite_Code(0x5C);//写数据到DRAM中
    448          	for(i=0;i<8;i++)
    449          	{
    450          		LcdWrite_Data(Text[i+8]);
    451          	}
    452          }
    453          
    454          //关闭光标
    455          //参数：row		= 行的位置:0-19
    456          //	  	col		= 列的位置:0-19
    457          void Lcd_closecur(u8 row,u8 col)
    458          { 	
    459          	u8 i,y;
    460          	
    461          	LcdWrite_Code(0x30);//Extension command 1
    462          	
    463          	LcdWrite_Code(0x75);//Set Page Address
    464          	LcdWrite_Data(row);	//行地址
    465          	LcdWrite_Data(0x13);//End Page
    466          	
    467          	LcdWrite_Code(0x15);//Set Column Address
    468          	LcdWrite_Data(col<<3);	//列地址
    469          	LcdWrite_Data(0x9F);//End Column
    470          	
    471          	LcdWrite_Code(0x5C);//写数据到DRAM中
    472          	for(i=0;i<8;i++)
    473          	{
    474          		LcdWrite_Data(0x00);
    475          	}
    476          	LcdWrite_Code(0x30);//Extension command 1
    477          	
    478          	LcdWrite_Code(0x75);//Set Page Address
    479          	LcdWrite_Data(row+1);	//行地址
    480          	LcdWrite_Data(0x13);//End Page
    481          	
    482          	LcdWrite_Code(0x15);//Set Column Address
    483          	LcdWrite_Data(col<<3);	//列地址
    484          	LcdWrite_Data(0x9F);//End Column
    485          	
    486          	LcdWrite_Code(0x5C);//写数据到DRAM中
    487          	for(i=0;i<8;i++)
    488          	{
    489          		LcdWrite_Data(0x00);
    490          	}
    491          }
    492          
    493          void GUI_Refresh3Point(u8 x,u8 y,u8 row,u8 col,char *sstring)
    494          {
    495          	u8 i,j;
    496              
    497              LcdWrite_Code(0x30);//Extension command 1
    498              
    499              LcdWrite_Code(0x75);//Set Page Address
    500              LcdWrite_Data(x);	//行地址
    501              LcdWrite_Data(0x13);//End Page
    502              
    503              LcdWrite_Code(0x15);//Set Column Address
    504              LcdWrite_Data(y);	//列地址
    505              LcdWrite_Data(0x9F);//End Column
    506              
    507              LcdWrite_Code(0x5C);//写数据到DRAM中
    508              for(i=0;i<row;i++)
    509              {
    510                  for(j=0;j<col;j++)
    511                  {
    512                      LcdWrite_Data(sstring[i*col+j]);
    513                  }
    514              }
    515          }
    516          
    517          void  PIC_Point(u8 x,u8 y,u8 row,u8 col,char *sstring)
    518          {
    519          	u8 i,j;
    520              LcdWrite_Code(0x30);//Extension command 1
    521              
    522              LcdWrite_Code(0x75);//Set Page Address
    523              LcdWrite_Data(x);	//行地址
    524              LcdWrite_Data(0x13);//End Page
    525              
    526              LcdWrite_Code(0x15);//Set Column Address
    527              LcdWrite_Data(y);	//列地址
    528              LcdWrite_Data(0x9F);//End Column
    529              
    530              LcdWrite_Code(0x5C);//写数据到DRAM中
    531              for(j=0;j<8;j++)
    532              {
    533                  LcdWrite_Data(sstring[j]);
    534              }
    535              LcdWrite_Code(0x30);//Extension command 1
    536              
    537              LcdWrite_Code(0x75);//Set Page Address
    538              LcdWrite_Data(x+1);	//行地址
    539              LcdWrite_Data(0x13);//End Page
    540              
    541              LcdWrite_Code(0x15);//Set Column Address
    542              LcdWrite_Data(y);	//列地址
    543              LcdWrite_Data(0x9F);//End Column
    544              
    545              LcdWrite_Code(0x5C);//写数据到DRAM中
    546              for(j=0;j<8;j++)
    547              {
    548                  LcdWrite_Data(sstring[j+8]);
    549              }
    550          }
    551          
    552          void   Lcd_wrchar_T(u8 row,u8 col,u8 cd,u8 disp)
    553          {   
    554          	u8 i,j,y,nrow;
    555          	u8 *dAddr;
    556          	u8 data;
    557          	
    558          	dAddr = (u8*)(&zichar[0]+(cd-0x20)*16);
    559          	
    560          	LcdWrite_Code(0x30);//Extension command 1
    561          	
    562          	LcdWrite_Code(0x75);//Set Page Address
    563          	LcdWrite_Data(row);	//行地址
    564          	LcdWrite_Data(0x13);//End Page
    565          	
    566          	LcdWrite_Code(0x15);//Set Column Address
    567          	LcdWrite_Data(col<<3);	//列地址
    568          	LcdWrite_Data(0x9F);//End Column
    569          	
    570          	LcdWrite_Code(0x5C);//写数据到DRAM中
    571          	for(i=0;i<8;i++)
    572          	{
    573          		if(disp) LcdWrite_Data(~(*(dAddr+i)));
    574          		else LcdWrite_Data(*(dAddr+i));
    575          	}
    576          	LcdWrite_Code(0x30);//Extension command 1
    577          	
    578          	LcdWrite_Code(0x75);//Set Page Address
    579          	LcdWrite_Data(row+1);	//行地址
    580          	LcdWrite_Data(0x13);//End Page
    581          	
    582          	LcdWrite_Code(0x15);//Set Column Address
    583          	LcdWrite_Data(col<<3);	//列地址
    584          	LcdWrite_Data(0x9F);//End Column
    585          	
    586          	LcdWrite_Code(0x5C);//写数据到DRAM中
    587          	for(i=0;i<8;i++)
    588          	{
    589          		if(disp) LcdWrite_Data(~(*(dAddr+i+8)));
    590          		else LcdWrite_Data(*(dAddr+i+8));
    591          	}
    592          } 
    593          
    594          /***********************************************************************
    595          功能：在液晶上任意位置显示一个字符,不限制为16的倍数
    596          参数：row		=行的位置:0-19
    597          	  col		=列的位置:0-19
    598          	  ch		=要显示的字符
    599          	  bReverse	=是否要反显0-不需要,1-需要
    600          返回：无
    601          ************************************************************************/
    602          void Lcd_wrchar(u8 row,u8 col,u8 cd,u8 disp)
    603          {  
    604          	u8 i,j,y,nrow;
    605          	u8 *dAddr;
    606          	u8 data;
    607          	
    608          	dAddr = (u8*)(&zichar[0]+(cd-0x20)*16);
    609          	
    610          	LcdWrite_Code(0x30);//Extension command 1
    611          	
    612          	LcdWrite_Code(0x75);//Set Page Address
    613          	LcdWrite_Data(row);	//行地址
    614          	LcdWrite_Data(0x13);//End Page
    615          	
    616          	LcdWrite_Code(0x15);//Set Column Address
    617          	LcdWrite_Data(col<<3);	//列地址
    618          	LcdWrite_Data(0x9F);//End Column
    619          	
    620          	LcdWrite_Code(0x5C);//写数据到DRAM中
    621          	for(i=0;i<8;i++)
    622          	{
    623          		if(disp) LcdWrite_Data(~(*(dAddr+i)));
    624          		else LcdWrite_Data(*(dAddr+i));
    625          	}
    626          	LcdWrite_Code(0x30);//Extension command 1
    627          	
    628          	LcdWrite_Code(0x75);//Set Page Address
    629          	LcdWrite_Data(row+1);	//行地址
    630          	LcdWrite_Data(0x13);//End Page
    631          	
    632          	LcdWrite_Code(0x15);//Set Column Address
    633          	LcdWrite_Data(col<<3);	//列地址
    634          	LcdWrite_Data(0x9F);//End Column
    635          	
    636          	LcdWrite_Code(0x5C);//写数据到DRAM中
    637          	for(i=0;i<8;i++)
    638          	{
    639          		if(disp) LcdWrite_Data(~(*(dAddr+i+8)));
    640          		else LcdWrite_Data(*(dAddr+i+8));
    641          	}
    642          } 
    643          
    644          /***********************************************************************
    645          功能：在液晶上指定位置显示一个中文汉字
    646          参数：row		=行的位置:0-7
    647          	  col		=列的位置:0-15
    648          	  wCn		=要显示的中文汉字
    649          	  bReverse	=是否要反显0-不需要,1-需要
    650          返回：无
    651          ************************************************************************/
    652          void Lcd_wrhz(u8 row,u8 col,u16 Word,u8 disp)
    653          {  
    654          	u8 i,j,y,nrow;
    655          	u16 low,high;
    656              u8 data;
    657              u8 buf[32];
    658              
    659              low=0;
    660              high=ZIKUNUM-1;
    661              for(i=0;i<32;i++) buf[i]=0;
    662              while(low<=high)	//查找汉字位置
    663              {
    664                  if(Word==hzIndex[low])
    665                  {
    666          			LcdWrite_Code(0x30);//Extension command 1
    667          			
    668          			LcdWrite_Code(0x75);//Set Page Address
    669          			LcdWrite_Data(row);	//行地址
    670          			LcdWrite_Data(0x13);//End Page
    671          			
    672          			LcdWrite_Code(0x15);//Set Column Address
    673          			LcdWrite_Data(col<<3);	//列地址
    674          			LcdWrite_Data(0x9F);//End Column
    675          			
    676          			LcdWrite_Code(0x5C);//写数据到DRAM中
    677          			for(i=0; i<16; i++)
    678          			{
    679          				if(disp) LcdWrite_Data(~(*(zilib+low*32+i)));
    680          				else LcdWrite_Data(*(zilib+low*32+i));
    681          			}
    682          			LcdWrite_Code(0x30);//Extension command 1
    683          			
    684          			LcdWrite_Code(0x75);//Set Page Address
    685          			LcdWrite_Data(row+1);	//行地址
    686          			LcdWrite_Data(0x13);//End Page
    687          			
    688          			LcdWrite_Code(0x15);//Set Column Address
    689          			LcdWrite_Data(col<<3);	//列地址
    690          			LcdWrite_Data(0x9F);//End Column
    691          			
    692          			LcdWrite_Code(0x5C);//写数据到DRAM中
    693          			for(i=0; i<16; i++)
    694          			{
    695          				if(disp) LcdWrite_Data(~(*(zilib+low*32+i+16)));
    696          				else LcdWrite_Data(*(zilib+low*32+i+16));
    697          			}
    698                      break;
    699                  }
    700                  else
    701                      low++;
    702              }
    703          }
    704          
    705          //显示一个字符串 row=行(0-9); col=列(0-19); str=串指针;
    706          void Lcd_printstr(u8 row, u8 col, char *sstring)
    707          {
    708          	u8 c1,c2;
    709          	u16 Wcode;
    710          	
    711          	row=row*2;         
    712          	while( *sstring != 0 )
    713          	{
    714          		if( ( (*sstring) & 0x80 ) == 0)
    715          		{
    716          			Wcode=*sstring++;			
    717          			Lcd_wrchar(row,col,Wcode,0);
    718          			col++;
    719          		}
    720          		else
    721          		{
    722          			c1 = *sstring++;
    723          			c2 = *sstring++;
    724          			Wcode =((u16)c1<<8)+((u16)c2);	    	
    725          			Lcd_wrhz(row,col,Wcode,0);
    726          			col = col + 2;
    727          		}
    728          		if(col > 19)
    729          			return;
    730          	}
    731          }
    732          
    733          //反白显示一个字符串 row=行(0-9); col=列(0-16); str=串指针
    734          void Lcd_printstr_W(u8 row, u8 col, char *sstring)
    735          {
    736          	u8 c1,c2;
    737          	u16 Wcode;
    738              
    739              row=row*2;  
    740               
    741           
    742          	while( *sstring != 0 )
    743          	{
    744          		if( ( (*sstring) & 0x80 ) == 0)
    745          		{
    746          			Wcode=*sstring++;
    747          			Lcd_wrchar(row,col,Wcode,1);
    748          			col++;
    749          		}
    750          		else
    751          		{
    752          			c1 = *sstring++;
    753          			c2 = *sstring++;
    754          			Wcode = (u16)c2+(((u16)c1)<<8);
    755          			Lcd_wrhz(row,col,Wcode,1);
    756                      col+=2;
    757          		}
    758          		if(col >19)
    759          			return;
    760          	}
    761          }
    762          
    763          void Lcd_WriteStr(u8 row, u8 col,u8 len, char *sstring,u8 bMirror)
    764          {
    765          	u8 c1,c2,num;
    766          	u16 Wcode;
    767          	row=row*2;   
    768           
    769          
    770          	
    771          	if(row>=20 || col>=20) return;
    772          	num=0;    
    773          	while( *sstring != 0 )
    774          	{
    775          		if( ( (*sstring) & 0x80 ) == 0)
    776          		{
    777          			Wcode=*sstring++;			
    778          			Lcd_wrchar(row,col,Wcode,bMirror);
    779          			col++;
    780                    num++;
    781          		}
    782          		else
    783          		{
    784          			c1 = *sstring++;
    785          			c2 = *sstring++;
    786          			Wcode =((u16)c1<<8)+((u16)c2);	    	
    787          			Lcd_wrhz(row,col,Wcode,bMirror);
    788                      col+=2;
    789                      num=num+2;
    790          		}
    791                   if(num >= len)
    792          		 	return;
    793                  
    794          		if(col > 19)
    795          			return;
    796          	}
    797          }
    798          
    799          
    800          void HYG160160A6G_Initial(void)
    801          {
    802          	LCD_RST_HIGH();
    803          	delay_ms(2);
    804          	LCD_RST_LOW();
    805          	delay_ms(200);
    806          //	delay_ms(200);
    807          //	delay_ms(200);
    808          	LCD_RST_HIGH();
    809          	LCD_RD_HIGH();
    810          	delay_ms(200);
    811          //	delay_ms(200);
    812          //	delay_ms(200);
    813          	
    814          	LcdWrite_Code(0x31); // Extension Command 2
    815          	LcdWrite_Code(0xD7); // Disable Auto Read
    816          	LcdWrite_Code(0x9F);
    817          	
    818          	LcdWrite_Code(0xE0); // Enable OTP Read
    819          	LcdWrite_Data(0x00);
    820          	delay_ms(10);
    821          	
    822          	LcdWrite_Code(0xE3); // OTP Up-Load
    823          	delay_ms(20);
    824          	
    825          	LcdWrite_Code(0xE1); // OTP Control Out
    826          	
    827          	LcdWrite_Code(0x30);//Extension command 1
    828          	LcdWrite_Code(0x94);//Sleep out mode
    829          	LcdWrite_Code(0xD1);//Turns on the internal oscillation circuit.
    830          	
    831          	LcdWrite_Code(0xAE);//Display OFF
    832          	LcdWrite_Code(0xA6);//INV=0: Normal display
    833          	
    834          	LcdWrite_Code(0xCA);//Display Control
    835          	LcdWrite_Data(0x00);//CLD=0: not divide
    836          	LcdWrite_Data(0x9F);//1/160 Duty
    837          	LcdWrite_Data(0x00);//0 Line cycles in a frame  0x00
    838          	
    839          	LcdWrite_Code(0xBC);//Data Scan Direction
    840          	LcdWrite_Data(0x00);//MV =0: In the column direction;MX =0: Normal
    841          	
    842          	LcdWrite_Code(0xAB);//Start line address
    843          	LcdWrite_Data(0x00);
    844          	
    845          	LcdWrite_Code(0x20);//Power Control
    846          	LcdWrite_Data(0x0B);//VB\VR\VF On
    847          	
    848          	LcdWrite_Code(0x81);//Power Control 
    849          	LcdWrite_Data(Run_Signal.LCD_S);//Vop5~Vop0,0~3F  对比度细调，可以修改范围在0x10-38
    850          	LcdWrite_Data(0x04);//Vop8~Vop6,0~7，对比度粗调，不可改
    851          	
    852          	LcdWrite_Code(0x0C);//Data Format Select,DO=1: LSB is on top; D0~D7  0C
    853          	
    854          	LcdWrite_Code(0xF0);//Display Mode
    855          	LcdWrite_Data(0x10);//DM=0 :Mono(Default)
    856          	
    857          	LcdWrite_Code(0x76);//ICON=0 ; Disable ICON RAM.
    858          	
    859          	LcdWrite_Code(0x31);//Extension command 2
    860          	LcdWrite_Code(0x32);//Analog circuit set
    861          	LcdWrite_Data(0x00);//
    862          	LcdWrite_Data(0x01);//Booster Efficiency =6KHz
    863          	LcdWrite_Data(0x03);//1/11 Bias
    864          	
    865          	LcdWrite_Code(0x51);//Booster Level
    866          	LcdWrite_Data(0xFB);	//10 Times
    867          	
    868          	LcdWrite_Code(0x40);//Driving Select.DS=0 ; Internal (default)
    869          	
    870          	LcdWrite_Code(0xF0);     // Frame Rate 
    871          	LcdWrite_Data(0x03);    // FA=34.5Hz
    872          	LcdWrite_Data(0x07);    // FB=49Hz
    873          	LcdWrite_Data(0x0C);    // FC=69Hz
    874          	LcdWrite_Data(0x14);    // FD=83Hz
    875          	
    876          	LcdWrite_Code(0xF2);     // Temperature Range
    877          	LcdWrite_Data(0x0F);    // TA=-25
    878          	LcdWrite_Data(0x28);    // TB=0
    879          	LcdWrite_Data(0x5A);    // TC=50
    880          	
    881          	LcdWrite_Code(0xF4);    // Temperature Gradient Compensation
    882          	LcdWrite_Data(0x6F);    // MT1=7,MT0=15
    883          	LcdWrite_Data(0x22);    // MT3=2,MT2=2
    884          	LcdWrite_Data(0x11);    // MT5=1,MT4=1
    885          	LcdWrite_Data(0x02);    // MT7=0,MT6=2
    886          	LcdWrite_Data(0x00);    // MT9=0,MT8=0
    887          	LcdWrite_Data(0x32);    // MTB=3,MTA=2 
    888          	LcdWrite_Data(0x82);    // MTD=8,MTC=2
    889          	LcdWrite_Data(0xB6);    // MTF=11,MTE=6
    890          	
    891          	LcdWrite_Code(0x30);//Extension command 1
    892          	LcdWrite_Code(0xAF);//Display On
    893          	
    894          	disp_dots(0x00,0x00);
    895          	Trip_P(KC_LCD_BL);				//点背光
    896          	
    897          //	disp_dots(0xFF,0xFF);
    898          //	disp_dots(0x00,0x00);
    899          //	disp_dots(0xFF,0x00);
    900          //	disp_dots(0xAA,0xAA);
    901          //	disp_dots(0xCC,0xCC);
    902          //	disp_dots(0xAA,0x55);
    903          //	disp_dots(0x00,0x00);
    904          	
    905          }
    906          
    907          //专用于关背光时清屏，用于在某些干扰情况下快速恢复显示
    908          void Lcd_RST(void)
    909          {
    910          	LCD_RST_HIGH();
    911          	delay_ms(2);
    912          	LCD_RST_LOW();
    913          	delay_ms(200);
    914          //	delay_ms(200);
    915          //	delay_ms(200);
    916          	LCD_RST_HIGH();
    917          	LCD_RD_HIGH();
    918          	delay_ms(200);
    919          //	delay_ms(200);
    920          //	delay_ms(200);
    921          	
    922          	LcdWrite_Code(0x31); // Extension Command 2
    923          	LcdWrite_Code(0xD7); // Disable Auto Read
    924          	LcdWrite_Code(0x9F);
    925          	
    926          	LcdWrite_Code(0xE0); // Enable OTP Read
    927          	LcdWrite_Data(0x00);
    928          	delay_ms(10);
    929          	
    930          	LcdWrite_Code(0xE3); // OTP Up-Load
    931          	delay_ms(20);
    932          	
    933          	LcdWrite_Code(0xE1); // OTP Control Out
    934          	
    935          	LcdWrite_Code(0x30);//Extension command 1
    936          	LcdWrite_Code(0x94);//Sleep out mode
    937          	LcdWrite_Code(0xD1);//Turns on the internal oscillation circuit.
    938          	
    939          	LcdWrite_Code(0xAE);//Display OFF
    940          	LcdWrite_Code(0xA6);//INV=0: Normal display
    941          	
    942          	LcdWrite_Code(0xCA);//Display Control
    943          	LcdWrite_Data(0x00);//CLD=0: not divide
    944          	LcdWrite_Data(0x9F);//1/160 Duty
    945          	LcdWrite_Data(0x00);//0 Line cycles in a frame  0x00
    946          	
    947          	LcdWrite_Code(0xBC);//Data Scan Direction
    948          	LcdWrite_Data(0x00);//MV =0: In the column direction;MX =0: Normal
    949          	
    950          	LcdWrite_Code(0xAB);//Start line address
    951          	LcdWrite_Data(0x00);
    952          	
    953          	LcdWrite_Code(0x20);//Power Control
    954          	LcdWrite_Data(0x0B);//VB\VR\VF On
    955          	
    956          	LcdWrite_Code(0x81);//Power Control 
    957          	LcdWrite_Data(Run_Signal.LCD_S);//Vop5~Vop0,0~3F  对比度细调，可以修改范围在0x10-38
    958          	LcdWrite_Data(0x04);//Vop8~Vop6,0~7，对比度粗调，不可改
    959          	
    960          	LcdWrite_Code(0x0C);//Data Format Select,DO=1: LSB is on top; D0~D7  0C
    961          	
    962          	LcdWrite_Code(0xF0);//Display Mode
    963          	LcdWrite_Data(0x10);//DM=0 :Mono(Default)
    964          	
    965          	LcdWrite_Code(0x76);//ICON=0 ; Disable ICON RAM.
    966          	
    967          	LcdWrite_Code(0x31);//Extension command 2
    968          	LcdWrite_Code(0x32);//Analog circuit set
    969          	LcdWrite_Data(0x00);//
    970          	LcdWrite_Data(0x01);//Booster Efficiency =6KHz
    971          	LcdWrite_Data(0x03);//1/11 Bias
    972          	
    973          	LcdWrite_Code(0x51);//Booster Level
    974          	LcdWrite_Data(0xFB);	//10 Times
    975          	
    976          	LcdWrite_Code(0x40);//Driving Select.DS=0 ; Internal (default)
    977          	
    978          	LcdWrite_Code(0xF0);     // Frame Rate 
    979          	LcdWrite_Data(0x03);    // FA=34.5Hz
    980          	LcdWrite_Data(0x07);    // FB=49Hz
    981          	LcdWrite_Data(0x0C);    // FC=69Hz
    982          	LcdWrite_Data(0x14);    // FD=83Hz
    983          	
    984          	LcdWrite_Code(0xF2);     // Temperature Range
    985          	LcdWrite_Data(0x0F);    // TA=-25
    986          	LcdWrite_Data(0x28);    // TB=0
    987          	LcdWrite_Data(0x5A);    // TC=50
    988          	
    989          	LcdWrite_Code(0xF4);    // Temperature Gradient Compensation
    990          	LcdWrite_Data(0x6F);    // MT1=7,MT0=15
    991          	LcdWrite_Data(0x22);    // MT3=2,MT2=2
    992          	LcdWrite_Data(0x11);    // MT5=1,MT4=1
    993          	LcdWrite_Data(0x02);    // MT7=0,MT6=2
    994          	LcdWrite_Data(0x00);    // MT9=0,MT8=0
    995          	LcdWrite_Data(0x32);    // MTB=3,MTA=2 
    996          	LcdWrite_Data(0x82);    // MTD=8,MTC=2
    997          	LcdWrite_Data(0xB6);    // MTF=11,MTE=6
    998          	
    999          	LcdWrite_Code(0x30);//Extension command 1
   1000          	LcdWrite_Code(0xAF);//Display On
   1001          	
   1002          	disp_dots(0x00,0x00);
   1003          }
   1004          
   1005          void disp_dots(u8 dat1,u8 dat2)
   1006          {
   1007          	u8 uc_RowCnt,uc_ColCnt;	 //LINE=COL COL=LINE
   1008          
   1009          	LcdWrite_Code(0x30);//Extension command 1
   1010          	
   1011          	LcdWrite_Code(0x75);//Set Page Address
   1012          	LcdWrite_Data(0x00);//Start Page
   1013          	LcdWrite_Data(0x13);//End Page
   1014          	
   1015          	LcdWrite_Code(0x15);//Set Column Address
   1016          	LcdWrite_Data(0x00);//Start Column
   1017          	LcdWrite_Data(0x9F);//End Column
   1018          	
   1019          	LcdWrite_Code(0x5C);//写数据到DRAM中
   1020          	
   1021          	for (uc_RowCnt=0;uc_RowCnt<20;uc_RowCnt++)
   1022          	{
   1023          		for (uc_ColCnt=0;uc_ColCnt<80;uc_ColCnt++)
   1024          		{
   1025          				LcdWrite_Data(dat1);
   1026          				LcdWrite_Data(dat2);
   1027          		}
   1028          	}
   1029          	
   1030          	delay_ms(10);
   1031          }
   1032          
   1033          //清液晶
   1034          void Lcd_clrram()
   1035          {
   1036          	LcdWrite_Code(0x31); // Extension Command 2
   1037          	LcdWrite_Code(0xD7); // Disable Auto Read
   1038          	LcdWrite_Code(0x9F);
   1039          	
   1040          	LcdWrite_Code(0xE0); // Enable OTP Read
   1041          	LcdWrite_Data(0x00);
   1042          	delay_ms(10);
   1043          	
   1044          	LcdWrite_Code(0xE3); // OTP Up-Load
   1045          	delay_ms(20);
   1046          	
   1047          	LcdWrite_Code(0xE1); // OTP Control Out
   1048          	
   1049          	LcdWrite_Code(0x30);//Extension command 1
   1050          	LcdWrite_Code(0x94);//Sleep out mode
   1051          	LcdWrite_Code(0xD1);//Turns on the internal oscillation circuit.
   1052          	
   1053          	LcdWrite_Code(0xAE);//Display OFF
   1054          	LcdWrite_Code(0xA6);//INV=0: Normal display
   1055          	
   1056          	LcdWrite_Code(0xCA);//Display Control
   1057          	LcdWrite_Data(0x00);//CLD=0: not divide
   1058          	LcdWrite_Data(0x9F);//1/160 Duty
   1059          	LcdWrite_Data(0x00);//0 Line cycles in a frame  0x00
   1060          	
   1061          	LcdWrite_Code(0xBC);//Data Scan Direction
   1062          	LcdWrite_Data(0x00);//MV =0: In the column direction;MX =0: Normal
   1063          	
   1064          	LcdWrite_Code(0xAB);//Start line address
   1065          	LcdWrite_Data(0x00);
   1066          	
   1067          	LcdWrite_Code(0x20);//Power Control
   1068          	LcdWrite_Data(0x0B);//VB\VR\VF On
   1069          	
   1070          	LcdWrite_Code(0x81);//Power Control 
   1071          	//LcdWrite_Data(0x28);//Vop5~Vop0,0~3F  对比度细调，可以修改范围在0x10-38
   1072          	LcdWrite_Data(Run_Signal.LCD_S);//Vop5~Vop0,0~3F  对比度细调，可以修改范围在0x10-38
   1073          	LcdWrite_Data(0x04);//Vop8~Vop6,0~7，对比度粗调，不可改
   1074          	
   1075          	LcdWrite_Code(0x0C);//Data Format Select,DO=1: LSB is on top; D0~D7  0C
   1076          	
   1077          	LcdWrite_Code(0xF0);//Display Mode
   1078          	LcdWrite_Data(0x10);//DM=0 :Mono(Default)
   1079          	
   1080          	LcdWrite_Code(0x76);//ICON=0 ; Disable ICON RAM.
   1081          	
   1082          	LcdWrite_Code(0x31);//Extension command 2
   1083          	LcdWrite_Code(0x32);//Analog circuit set
   1084          	LcdWrite_Data(0x00);//
   1085          	LcdWrite_Data(0x01);//Booster Efficiency =6KHz
   1086          	LcdWrite_Data(0x03);//1/11 Bias
   1087          	
   1088          	LcdWrite_Code(0x51);//Booster Level
   1089          	LcdWrite_Data(0xFB);	//10 Times
   1090          	
   1091          	LcdWrite_Code(0x40);//Driving Select.DS=0 ; Internal (default)
   1092          	
   1093          	LcdWrite_Code(0xF0);     // Frame Rate 
   1094          	LcdWrite_Data(0x03);    // FA=34.5Hz
   1095          	LcdWrite_Data(0x07);    // FB=49Hz
   1096          	LcdWrite_Data(0x0C);    // FC=69Hz
   1097          	LcdWrite_Data(0x14);    // FD=83Hz
   1098          	
   1099          	LcdWrite_Code(0xF2);     // Temperature Range
   1100          	LcdWrite_Data(0x0F);    // TA=-25
   1101          	LcdWrite_Data(0x28);    // TB=0
   1102          	LcdWrite_Data(0x5A);    // TC=50
   1103          	
   1104          	LcdWrite_Code(0xF4);    // Temperature Gradient Compensation
   1105          	LcdWrite_Data(0x6F);    // MT1=7,MT0=15
   1106          	LcdWrite_Data(0x22);    // MT3=2,MT2=2
   1107          	LcdWrite_Data(0x11);    // MT5=1,MT4=1
   1108          	LcdWrite_Data(0x02);    // MT7=0,MT6=2
   1109          	LcdWrite_Data(0x00);    // MT9=0,MT8=0
   1110          	LcdWrite_Data(0x32);    // MTB=3,MTA=2 
   1111          	LcdWrite_Data(0x82);    // MTD=8,MTC=2
   1112          	LcdWrite_Data(0xB6);    // MTF=11,MTE=6
   1113          	
   1114          	LcdWrite_Code(0x30);//Extension command 1
   1115          	LcdWrite_Code(0xAF);//Display On
   1116          	
   1117          	disp_dots(0x00,0x00);
   1118          }
   1119          
   1120          //============================================================================= 
   1121          //函 数 名:  LcdWrite_Code() 
   1122          //功 能：	写命令到UC1698U
   1123          //入口参数： CmdData:命令码
   1124          //出口参数： 无
   1125          //返 回 值： 无
   1126          //============================================================================= 
   1127          void LcdWrite_Code(u16 CmdData)
   1128          {
   1129          //	u16 data;
   1130          //	u8 delaynum;
   1131          	
   1132          //	delaynum=1;
   1133          	LCD_CS_LOW();		//设置片选
   1134          	LCD_DCMD_LOW();
   1135          //	data = (u16)CmdData;
   1136          //	data = (GPIO_ReadOutputData(GPIOD)&0x00ff) | (data<<8);
   1137          	GPIO_Write(GPIOD, (GPIO_ReadOutputData(GPIOD)&0x00ff)|(CmdData<<8));	//输出数据到PD.8-15
   1138          //	delay_us(delaynum);
   1139          //	LCD_WR_HIGH();
   1140          //	delay_us(delaynum);
   1141          	LCD_WR_LOW();
   1142          //	delay_us(delaynum);
   1143          	LCD_WR_HIGH();
   1144          	LCD_CS_HIGH();
   1145          }
   1146          
   1147          //============================================================================= 
   1148          //函 数 名:  LcdWrite_Data() 
   1149          //功 能：	写数据到UC1698U
   1150          //入口参数： Data:写入的数据
   1151          //出口参数： 无
   1152          //返 回 值： 无
   1153          //============================================================================= 
   1154          void LcdWrite_Data(u16 byData)
   1155          {
   1156          	//u16 data;
   1157          //	u8 delaynum;
   1158          	
   1159          //	delaynum=1;
   1160          	LCD_CS_LOW();		//设置片选
   1161          	LCD_DCMD_HIGH();
   1162          //	data = (u16)byData;
   1163          //	data = (GPIO_ReadOutputData(GPIOD)&0x00ff) | (data<<8);
   1164          	GPIO_Write(GPIOD, (GPIO_ReadOutputData(GPIOD)&0x00ff)|(byData<<8));	//输出数据到PD.8-15
   1165          //	delay_us(delaynum);
   1166          //	LCD_WR_HIGH();
   1167          //	delay_us(delaynum);
   1168          	LCD_WR_LOW();
   1169          //	delay_us(delaynum);
   1170          	LCD_WR_HIGH();
   1171          	LCD_CS_HIGH();
   1172          } 
   1173          
   1174          /////////////////////////////////////////////////////////////////////////
   1175          //DOG函数开始///
   1176          /////////////////
   1177          void WDog_Enable(void)
   1178          {                       
   1179          #if RELEASE==1
   1180          	// Enable write access to IWDG_PR and IWDG_RLR registers
   1181          	IWDG_WriteAccessCmd(IWDG_WriteAccess_Enable);
   1182          	
   1183          	// IWDG counter clock: 40KHz(LSI) / 32 = 1.25 KHz
   1184          	IWDG_SetPrescaler(IWDG_Prescaler_64);		//64分频 一个周期1.6ms
   1185          	
   1186          	// Set counter reload value to 349
   1187          	IWDG_SetReload(1600);		//最长12位 [0,4096] 800*1.6=1.28S 
   1188          	
   1189          	// Reload IWDG counter
   1190          	IWDG_ReloadCounter();
   1191          	
   1192          	IWDG_Enable();
   1193          #endif
   1194          }
   1195          
   1196          void WDog_Clear(void)
   1197          { 
   1198          #if RELEASE==1
   1199          	IWDG_ReloadCounter();
   1200          #endif
   1201          }
   1202          
   1203          //等待看门狗动作
   1204          void ResetSys(void)
   1205          {	
   1206          	while(1)
   1207          	;
   1208          }
   1209          
   1210          void	Init_Buf_P()						//上电复位缓冲区清0
   1211          {
   1212          
   1213          //
   1214          }
   1215          
   1216          u8 IsHaveSOE(void)
   1217          {
   1218          	u8 val=0;
   1219          	
   1220          	if(Soe_Buff.SoeManList[D_CAN].uStatus!=' ')
   1221          	{
   1222          		if(Soe_Buff.SoeManList[D_CAN].uReadPt!=Soe_Buff.uWritePt) val=1;
   1223          	}
   1224          	return val;
   1225          }
   1226          
   1227            
   1228          //Flash初始化
   1229          void Flash_Init()
   1230          {
   1231          }
   1232          
   1233          //////////////
   1234          //定时器初始化
   1235          //////////////
   1236          void TMR_Init(void);
   1237          void TMR_Init(void)
   1238          {
   1239          	TIM_TimeBaseInitTypeDef  TIM_TimeBaseStructure;
   1240          	 	
   1241          	
   1242          	//0.5ms中断用于保护启动判别、时钟
   1243          	//  TIM2CLK = 72 MHz, Prescaler = 1, TIM2 counter clock = 36 MHz 
   1244          	// 36x500=18000
   1245          	TIM_TimeBaseStructure.TIM_Period = 18000;
   1246          	TIM_TimeBaseStructure.TIM_Prescaler = 1;
   1247          	TIM_TimeBaseStructure.TIM_ClockDivision = 0x0;
   1248          	TIM_TimeBaseStructure.TIM_CounterMode = TIM_CounterMode_Up;
   1249          	TIM_TimeBaseStructure.TIM_RepetitionCounter = 0;
   1250          	TIM_TimeBaseInit(TIM2, &TIM_TimeBaseStructure);
   1251          	
   1252          	//5ms定时中断用于保护逻辑运算
   1253          	//  TIM2CLK = 72 MHz, Prescaler = 17, TIM2 counter clock = 4 MHz 
   1254          	// 4x5000=20000
   1255          //	TIM_TimeBaseStructure.TIM_Period = 9000;
   1256          //	TIM_TimeBaseStructure.TIM_Prescaler = 1;
   1257          //	TIM_TimeBaseStructure.TIM_Period = 40000;
   1258          	TIM_TimeBaseStructure.TIM_Period = 20000;
   1259          	TIM_TimeBaseStructure.TIM_Prescaler = 17;
   1260          	TIM_TimeBaseStructure.TIM_ClockDivision = 0x0;
   1261          	TIM_TimeBaseStructure.TIM_CounterMode = TIM_CounterMode_Up;
   1262          	TIM_TimeBaseStructure.TIM_RepetitionCounter = 0;
   1263          	TIM_TimeBaseInit(TIM3, &TIM_TimeBaseStructure);
   1264          	
   1265          	TIM_ARRPreloadConfig(TIM2,ENABLE);
   1266          	TIM_ARRPreloadConfig(TIM3,ENABLE);
   1267           	
   1268          	//使能TIM2中断源
   1269          	TIM_ITConfig(TIM2, TIM_IT_Update, ENABLE);
   1270          	TIM_ITConfig(TIM3, TIM_IT_Update, ENABLE);
   1271          	//清中断，以免一启用中断后立即产生中断
   1272          	TIM_ClearFlag(TIM2, TIM_FLAG_Update);
   1273          	TIM_ClearFlag(TIM3, TIM_FLAG_Update);
   1274          	
   1275          	TIM3_LifeFlag=0;		//活动标志
   1276          	
   1277          	// TIM enable counter
   1278          	TIM_Cmd(TIM2, ENABLE);
   1279          	TIM_Cmd(TIM3, ENABLE);
   1280           }
   1281          
   1282          //////////////
   1283          //AD采样初始化
   1284          //////////////
   1285          void AD_Init(void)
   1286          {
   1287          
   1288          	ADC_InitTypeDef ADC_InitStructure;
   1289          	/* ADC1 configuration ------------------------------------------------------*/
   1290          	ADC_InitStructure.ADC_Mode = ADC_Mode_Independent;
   1291          	ADC_InitStructure.ADC_ScanConvMode = ENABLE;
   1292          	ADC_InitStructure.ADC_ContinuousConvMode = DISABLE;
   1293          	ADC_InitStructure.ADC_ExternalTrigConv = ADC_ExternalTrigConv_None;
   1294          	ADC_InitStructure.ADC_DataAlign = ADC_DataAlign_Right;
   1295          	ADC_InitStructure.ADC_NbrOfChannel = 0;
   1296          	ADC_Init(ADC1, &ADC_InitStructure);
   1297          
   1298          #ifndef ZRR941F	 
   1299            	/* Set injected sequencer length */
   1300           	ADC_InjectedSequencerLengthConfig(ADC1, 3);			   //liliang
   1301             	/* ADC1 injected channel configuration */   
   1302          	ADC_InjectedChannelConfig(ADC1, ADC_Channel_3, 1, ADC_SampleTime_13Cycles5);    
   1303          	ADC_InjectedChannelConfig(ADC1, ADC_Channel_4, 2, ADC_SampleTime_13Cycles5);
   1304          	ADC_InjectedChannelConfig(ADC1, ADC_Channel_5, 3, ADC_SampleTime_13Cycles5);		//liliang
   1305          #else
   1306            	/* Set injected sequencer length */
   1307           	ADC_InjectedSequencerLengthConfig(ADC1, 2);			   //liliang
   1308             	/* ADC1 injected channel configuration */   
   1309          	ADC_InjectedChannelConfig(ADC1, ADC_Channel_3, 1, ADC_SampleTime_13Cycles5);    
   1310          	ADC_InjectedChannelConfig(ADC1, ADC_Channel_4, 2, ADC_SampleTime_13Cycles5);
   1311          #endif
   1312           
   1313          
   1314          
   1315            	/* ADC1 injected external trigger configuration */
   1316            	ADC_ExternalTrigInjectedConvConfig(ADC1, ADC_ExternalTrigInjecConv_None);
   1317            
   1318          	/* ADC2 configuration ------------------------------------------------------*/
   1319          	ADC_InitStructure.ADC_Mode = ADC_Mode_Independent;
   1320          	ADC_InitStructure.ADC_ScanConvMode = ENABLE;
   1321          	ADC_InitStructure.ADC_ContinuousConvMode = DISABLE;
   1322          	ADC_InitStructure.ADC_ExternalTrigConv = ADC_ExternalTrigConv_None;
   1323          	ADC_InitStructure.ADC_DataAlign = ADC_DataAlign_Right;
   1324          	ADC_InitStructure.ADC_NbrOfChannel = 0;
   1325          	ADC_Init(ADC2, &ADC_InitStructure);
   1326          #ifndef ZRR941F	 	
   1327            	/* Set injected sequencer length */
   1328              ADC_InjectedSequencerLengthConfig(ADC2, 3);	   //liliang
   1329          
   1330          	ADC_InjectedChannelConfig(ADC2, ADC_Channel_6,  1, ADC_SampleTime_13Cycles5);
   1331          	ADC_InjectedChannelConfig(ADC2, ADC_Channel_7,  2, ADC_SampleTime_13Cycles5);	
   1332          	ADC_InjectedChannelConfig(ADC2, ADC_Channel_10, 3, ADC_SampleTime_13Cycles5);
   1333          #else 
   1334            	/* Set injected sequencer length */
   1335              ADC_InjectedSequencerLengthConfig(ADC2, 4);	   //liliang
   1336          
   1337          	ADC_InjectedChannelConfig(ADC2, ADC_Channel_5,  1, ADC_SampleTime_13Cycles5);		//liliang
   1338          	ADC_InjectedChannelConfig(ADC2, ADC_Channel_6,  2, ADC_SampleTime_13Cycles5);
   1339          	ADC_InjectedChannelConfig(ADC2, ADC_Channel_7,  3, ADC_SampleTime_13Cycles5);	
   1340          	ADC_InjectedChannelConfig(ADC2, ADC_Channel_10, 4, ADC_SampleTime_13Cycles5);
   1341          #endif
   1342            	/* ADC1 injected external trigger configuration */
   1343            	ADC_ExternalTrigInjectedConvConfig(ADC2, ADC_ExternalTrigInjecConv_None);	
   1344          
   1345          
   1346          	/* ADC3 configuration ------------------------------------------------------*/
   1347          	ADC_InitStructure.ADC_Mode = ADC_Mode_Independent;
   1348          	ADC_InitStructure.ADC_ScanConvMode = ENABLE;
   1349          	ADC_InitStructure.ADC_ContinuousConvMode = DISABLE;
   1350          	ADC_InitStructure.ADC_ExternalTrigConv = ADC_ExternalTrigConv_None;
   1351          	ADC_InitStructure.ADC_DataAlign = ADC_DataAlign_Right;
   1352          	ADC_InitStructure.ADC_NbrOfChannel = 0;
   1353          	ADC_Init(ADC3, &ADC_InitStructure);
   1354          	
   1355            	ADC_InjectedSequencerLengthConfig(ADC3, 3);	     //原
   1356            	/* ADC1 injected channel configuration */ 
   1357           
   1358          	ADC_InjectedChannelConfig(ADC3, ADC_Channel_0, 1, ADC_SampleTime_13Cycles5); //IA
   1359          	ADC_InjectedChannelConfig(ADC3, ADC_Channel_1, 2, ADC_SampleTime_13Cycles5); //IB	
   1360          	//adref
   1361          	ADC_InjectedChannelConfig(ADC3, ADC_Channel_2, 3, ADC_SampleTime_13Cycles5); //IC	
   1362           
   1363            	/* ADC1 injected external trigger configuration */
   1364            	ADC_ExternalTrigInjectedConvConfig(ADC3, ADC_ExternalTrigInjecConv_None);		
   1365          
   1366          	/* Enable ADC1 */
   1367          	ADC_Cmd(ADC1, ENABLE);
   1368          	
   1369          	ADC_TempSensorVrefintCmd(ENABLE);
   1370          
   1371          	/* Enable ADC1 reset calibaration register */   
   1372          	ADC_ResetCalibration(ADC1);
   1373          	/* Check the end of ADC1 reset calibration register */
   1374          	while(ADC_GetResetCalibrationStatus(ADC1));
   1375          
   1376          	/* Start ADC1 calibaration */
   1377          	ADC_StartCalibration(ADC1);
   1378          	/* Check the end of ADC1 calibration */
   1379          	while(ADC_GetCalibrationStatus(ADC1));
   1380          
   1381          	/* Enable ADC2 */
   1382          	ADC_Cmd(ADC2, ENABLE);
   1383          
   1384          	/* Enable ADC2 reset calibaration register */   
   1385          	ADC_ResetCalibration(ADC2);
   1386          	/* Check the end of ADC2 reset calibration register */
   1387          	while(ADC_GetResetCalibrationStatus(ADC2));
   1388          
   1389          	/* Start ADC2 calibaration */
   1390          	ADC_StartCalibration(ADC2);
   1391          	/* Check the end of ADC2 calibration */
   1392          	while(ADC_GetCalibrationStatus(ADC2));
   1393          
   1394          	/* Enable ADC3 */
   1395          	ADC_Cmd(ADC3, ENABLE);
   1396          
   1397          	/* Enable ADC3 reset calibaration register */   
   1398          	ADC_ResetCalibration(ADC3);
   1399          	/* Check the end of ADC3 reset calibration register */
   1400          	while(ADC_GetResetCalibrationStatus(ADC3));
   1401          
   1402          	/* Start ADC3 calibaration */
   1403          	ADC_StartCalibration(ADC3);
   1404          	/* Check the end of ADC3 calibration */
   1405          	while(ADC_GetCalibrationStatus(ADC3));
   1406          	
   1407          
   1408          	
   1409           
   1410          }
   1411          
   1412          
   1413          //////////////////////////////
   1414          //时钟初始化
   1415          void Clock_init(void)
   1416          {
   1417          	I2C_SD3077_GPIO_Config();		//DS1302_IO初始化
   1418          	Drive_Read_clock((u8 *)&Rsys_clock);
   1419          	ClockReflashFlag=0;
   1420          }
   1421          
   1422          void	Signal_Init()
   1423          {
   1424          	Eep_Read_Signal((Signal *)&Run_Signal);
   1425          	if(Run_Signal.uStatus==0x5a)			     	
   1426          	{
   1427          
   1428          
   1429          		if(Run_Signal.uSignal&0x08) Trip_P(KC_DZ);
   1430                  if(Run_Signal.LCD_S<0x10||Run_Signal.LCD_S>0x38)
   1431          		{
   1432          		  Run_Signal.LCD_S=0x28;
   1433          		  Eep_Write_Signal(&Run_Signal);
   1434          		}
   1435          	}
   1436          	else
   1437          	{
   1438          		Run_Signal.uStatus=0x5a;
   1439          		Run_Signal.LCD_S=0x28;
   1440          		Eep_Write_Signal(&Run_Signal);
   1441          	}
   1442           
   1443          }
   1444          
   1445          
   1446          
   1447          void	Mange_Buff_Init()	 
   1448          {
   1449          	u8	 j,k;
   1450          	u16	wNewCrc;
   1451          	
   1452          	///////////	
   1453          	//事故管理区
   1454          	///////////	
   1455          	j=0;
   1456          	while(j++<3)
   1457          	{
   1458          		Eep_Read_EventMange();
   1459          		if(SgMagBuff.wSts!=SetSts)
   1460          		   
   1461          		{
   1462          			for(k=0;k<255;k++);
   1463          			continue;
   1464          		}
   1465          		
   1466          
   1467          	      wNewCrc =SgMagBuff.wStatus;
   1468          		  wNewCrc+=SgMagBuff.wUseMark;
   1469          		  wNewCrc+=SgMagBuff.wUseSart;			
   1470          	
   1471          		if(wNewCrc!=SgMagBuff.wCrc)		
   1472          			{
   1473          				for(k=0;k<255;k++);
   1474          				continue;
   1475          			}
   1476          				
   1477          		  if((SgMagBuff.wStatus!=' ')&&(SgMagBuff.wStatus!='R')&&(SgMagBuff.wStatus!='M'))
   1478          		  {
   1479          		  	for(k=0;k<255;k++);
   1480          				continue;
   1481          		  }	
   1482          		
   1483          		break;
   1484          	}
   1485          	if(j>=3)
   1486          	{
   1487          			
   1488          			SgMagBuff.wSts=SetSts;
   1489          			SgMagBuff.wStatus=' ';
   1490          			SgMagBuff.wUseMark=0;
   1491          	 	    SgMagBuff.wUseSart=0;
   1492          			SgMagBuff.wCrc =SgMagBuff.wStatus;
   1493          			SgMagBuff.wCrc+=SgMagBuff.wUseMark;				
   1494          			SgMagBuff.wCrc+=SgMagBuff.wUseSart;	
   1495          		j=0;
   1496          		while(j++<3)
   1497          		{
   1498          			if(!Eep_Write_EventMange())
   1499          			{
   1500          				for(k=0;k<255;k++);
   1501          				continue;
   1502          			}
   1503          			break;
   1504          		}		
   1505          	}
   1506          	if(j>=3)
   1507          	{
   1508              			Flag_BHER|=B_ERR_EEP;	
   1509                          l_fRelayAlarm|=_l_fRelayAlarm_CCQ_Err;
   1510                  return;
   1511          		
   1512          	}
   1513          
   1514          
   1515          	///////////	
   1516          	//soe管理区
   1517          	///////////	
   1518          	j=0;
   1519          	while(j++<3)
   1520          	{
   1521          			Eep_Read_SoeMange();
   1522          		if(SoeMagBuff.wSts!=SetSts)
   1523          		{
   1524          			for(k=0;k<255;k++);
   1525          			continue;
   1526          		}
   1527          		
   1528          
   1529          			wNewCrc=SoeMagBuff.wStatus;
   1530          			wNewCrc+=SoeMagBuff.wUseMark;
   1531          			wNewCrc+=SoeMagBuff.wUseSart;		
   1532          			if(wNewCrc!=SoeMagBuff.wCrc)			 
   1533          			{
   1534          				for(k=0;k<255;k++);
   1535          				continue;
   1536          			}
   1537          				
   1538          		  if((SoeMagBuff.wStatus!=' ')&&(SoeMagBuff.wStatus!='R')&&(SoeMagBuff.wStatus!='M'))
   1539          			  {
   1540          		    	for(k=0;k<255;k++);
   1541          			    	continue;
   1542          		    }	
   1543          		
   1544          		break;
   1545          	}
   1546          	if(j>=3)
   1547          	{
   1548          			
   1549          			SoeMagBuff.wSts=SetSts;
   1550          			SoeMagBuff.wStatus=' ';
   1551          			SoeMagBuff.wUseMark=0;
   1552                  	SoeMagBuff.wUseSart=0;
   1553          			SoeMagBuff.wCrc =SoeMagBuff.wStatus;
   1554          			SoeMagBuff.wCrc+=SoeMagBuff.wUseMark;
   1555          			SoeMagBuff.wCrc+=SoeMagBuff.wUseSart;				
   1556          		
   1557          		j=0;
   1558          		while(j++<3)
   1559          		{
   1560          			if(!Eep_Write_SoeMange())
   1561          			{
   1562          				for(k=0;k<255;k++);
   1563          				continue;
   1564          			}
   1565          			break;
   1566          		}		
   1567          	}
   1568          	if(j>=3)
   1569          	{
   1570                  Flag_BHER|=B_ERR_EEP;	
   1571                  l_fRelayAlarm|=_l_fRelayAlarm_CCQ_Err;
   1572                  return;
   1573          	}	
   1574          }
   1575          
   1576          //事故报文缓冲初始化
   1577          void  EventBuff_Init()
   1578          {
   1579          	u8 i;
   1580          	//保护事件总缓冲区清0
   1581          	Action_Buff.uStatus='R';	// 故障处理任务保护事件缓冲区清0
   1582          	Action_Buff.uWritePt=0;
   1583          	for(i=D_MMI;i<preuFanNumber;i++)
   1584          	{
   1585          		Action_Buff.ActionManList[i].uStatus=' ';
   1586          		Action_Buff.ActionManList[i].uReadPt=0;
   1587          	}	
   1588          	//保护事件暂存缓冲区清0	
   1589           	ReadEvtBuf.uStatus=' ';	
   1590          }
   1591          
   1592          //SOE报文缓冲初始化
   1593          void  SoeBuff_Init()
   1594          {
   1595          	u8 i;
   1596          	//soe总缓冲区清0	
   1597          	Soe_Buff.uWritePt=0;
   1598          	for(i=D_MMI;i<preuFanNumber;i++)
   1599          	{
   1600          		Soe_Buff.SoeManList[i].uStatus = ' ';
   1601          		Soe_Buff.SoeManList[i].uReadPt = 0;
   1602          	}	
   1603          }
   1604          
   1605          
   1606          s16 readpromflash(s32 address)
   1607          {
   1608           	return 0;
   1609          }
   1610          
   1611          

   Maximum stack usage in bytes:

   .cstack Function
   ------- --------
      24   AD_Init
        24   -> ADC_Cmd
        24   -> ADC_ExternalTrigInjectedConvConfig
        24   -> ADC_GetCalibrationStatus
        24   -> ADC_GetResetCalibrationStatus
        24   -> ADC_Init
        24   -> ADC_InjectedChannelConfig
        24   -> ADC_InjectedSequencerLengthConfig
        24   -> ADC_ResetCalibration
        24   -> ADC_StartCalibration
        24   -> ADC_TempSensorVrefintCmd
       8   Clock_init
         8   -> Drive_Read_clock
         8   -> I2C_SD3077_GPIO_Config
       0   Cpu_Init
      32   Drive_Eep_WriteOne
        32   -> Drive_Eep_read_one
        32   -> W25Q_WritePageBytes
      16   Drive_Eep_read_one
        16   -> W25Q_ReadMultiBytes
      16   Drive_Eep_write_one
        16   -> W25Q_WritePageBytes
      16   Drive_Eep_write_two
        16   -> W25Q_WritePageBytes
       0   EventBuff_Init
       0   Flash_Init
       8   GPIO_Configuration
         8   -> GPIO_DeInit
         8   -> GPIO_Init
         8   -> GPIO_SetBits
      32   GUI_Refresh3Point
        32   -> LcdWrite_Code
        32   -> LcdWrite_Data
       8   HYG160160A6G_Initial
         8   -> GPIO_ResetBits
         8   -> GPIO_SetBits
         8   -> LcdWrite_Code
         8   -> LcdWrite_Data
         8   -> Trip_P
         8   -> delay_ms
         8   -> disp_dots
       0   Init_Buf_P
       0   IsHaveSOE
      16   KR_Hinterrupt
        16   -> Bit_clr
        16   -> Bit_set
        16   -> Bit_tst
        16   -> GPIO_ReadInputData
        16   -> GPIO_ReadInputDataBit
       8   LED_Init
         8   -> Trip_F
         8   -> Trip_P
         8   -> delay_ms
       8   LcdWrite_Code
         8   -> GPIO_ReadOutputData
         8   -> GPIO_ResetBits
         8   -> GPIO_SetBits
         8   -> GPIO_Write
       8   LcdWrite_Data
         8   -> GPIO_ReadOutputData
         8   -> GPIO_ResetBits
         8   -> GPIO_SetBits
         8   -> GPIO_Write
       8   Lcd_RST
         8   -> GPIO_ResetBits
         8   -> GPIO_SetBits
         8   -> LcdWrite_Code
         8   -> LcdWrite_Data
         8   -> delay_ms
         8   -> disp_dots
      40   Lcd_WriteStr
        40   -> Lcd_wrchar
        40   -> Lcd_wrhz
      16   Lcd_closecur
        16   -> LcdWrite_Code
        16   -> LcdWrite_Data
       8   Lcd_clrram
         8   -> LcdWrite_Code
         8   -> LcdWrite_Data
         8   -> delay_ms
         8   -> disp_dots
      16   Lcd_opencur
        16   -> LcdWrite_Code
        16   -> LcdWrite_Data
      32   Lcd_printstr
        32   -> Lcd_wrchar
        32   -> Lcd_wrhz
      32   Lcd_printstr_W
        32   -> Lcd_wrchar
        32   -> Lcd_wrhz
      32   Lcd_wrchar
        32   -> LcdWrite_Code
        32   -> LcdWrite_Data
      32   Lcd_wrchar_T
        32   -> LcdWrite_Code
        32   -> LcdWrite_Data
      64   Lcd_wrhz
        64   -> LcdWrite_Code
        64   -> LcdWrite_Data
      16   Mange_Buff_Init
        16   -> Eep_Read_EventMange
        16   -> Eep_Read_SoeMange
        16   -> Eep_Write_EventMange
        16   -> Eep_Write_SoeMange
      32   PIC_Point
        32   -> LcdWrite_Code
        32   -> LcdWrite_Data
       0   ResetSys
       8   ScanKey
         8   -> GPIO_ReadInputData
       8   Signal_Init
         8   -> Eep_Read_Signal
         8   -> Eep_Write_Signal
         8   -> Trip_P
       0   SoeBuff_Init
      24   TMR_Init
        24   -> TIM_ARRPreloadConfig
        24   -> TIM_ClearFlag
        24   -> TIM_Cmd
        24   -> TIM_ITConfig
        24   -> TIM_TimeBaseInit
       8   Trip_F
         8   -> GPIO_ResetBits
         8   -> GPIO_SetBits
       8   Trip_P
         8   -> GPIO_ResetBits
         8   -> GPIO_SetBits
       8   WDog_Clear
         8   -> IWDG_ReloadCounter
       8   WDog_Enable
         8   -> IWDG_Enable
         8   -> IWDG_ReloadCounter
         8   -> IWDG_SetPrescaler
         8   -> IWDG_SetReload
         8   -> IWDG_WriteAccessCmd
      16   delay_ms
        16   -> delay_us
       4   delay_us
      24   disp_dots
        24   -> LcdWrite_Code
        24   -> LcdWrite_Data
        24   -> delay_ms
       0   readpromflash


   Section sizes:

   Bytes  Function/Label
   -----  --------------
       4  ??DataTable10
       4  ??DataTable10_1
       4  ??DataTable10_2
       4  ??DataTable10_3
       4  ??DataTable10_4
       4  ??DataTable13
       4  ??DataTable13_1
       4  ??DataTable14
       4  ??DataTable17
       4  ??DataTable18
       4  ??DataTable18_1
       4  ??DataTable21
       4  ??DataTable21_1
       4  ??DataTable21_10
       4  ??DataTable21_11
       4  ??DataTable21_12
       4  ??DataTable21_13
       4  ??DataTable21_14
       4  ??DataTable21_15
       4  ??DataTable21_16
       4  ??DataTable21_2
       4  ??DataTable21_3
       4  ??DataTable21_4
       4  ??DataTable21_5
       4  ??DataTable21_6
       4  ??DataTable21_7
       4  ??DataTable21_8
       4  ??DataTable21_9
       4  ??DataTable8
       4  ??DataTable8_1
       4  ??DataTable8_2
       4  ??DataTable8_3
       4  ??DataTable8_4
     482  AD_Init
      24  Clock_init
       2  Cpu_Init
       8  DCB_HEX_TAB
      98  Drive_Eep_WriteOne
      22  Drive_Eep_read_one
      16  Drive_Eep_write_one
      34  Drive_Eep_write_two
      58  EventBuff_Init
       2  Flash_Init
     758  GPIO_Configuration
     144  GUI_Refresh3Point
     442  HYG160160A6G_Initial
       2  Init_Buf_P
      36  IsHaveSOE
     364  KR_Hinterrupt
      44  LED_Init
      86  LcdWrite_Code
      86  LcdWrite_Data
     436  Lcd_RST
     194  Lcd_WriteStr
     160  Lcd_closecur
     372  Lcd_clrram
     178  Lcd_opencur
     116  Lcd_printstr
     116  Lcd_printstr_W
     264  Lcd_wrchar
     264  Lcd_wrchar_T
     390  Lcd_wrhz
     544  Mange_Buff_Init
     204  PIC_Point
       2  ResetSys
     152  ScanKey
      80  Signal_Init
      44  SoeBuff_Init
     176  TMR_Init
      16  Text
     250  Trip_F
     250  Trip_P
       8  WDog_Clear
      34  WDog_Enable
      64  YX_cnt
      34  delay_ms
      40  delay_us
     110  disp_dots
       6  readpromflash
       2  tim_kr

 
    66 bytes in section .bss
    24 bytes in section .rodata
 7 256 bytes in section .text
 
 7 256 bytes of CODE  memory
    24 bytes of CONST memory
    66 bytes of DATA  memory

Errors: none
Warnings: 19
