###############################################################################
#
# IAR ANSI C/C++ Compiler V7.70.2.11706/W32 for ARM       17/Jun/2026  08:45:29
# Copyright 1999-2016 IAR Systems AB.
#
#    Cpu mode     =  thumb
#    Endian       =  little
#    Source file  =  
#        D:\2-通用定制归档程序\04-通用程序\00-900F\【通用程序】ZRR900FV2HYLCD-ATF3.03-解决零漂-8BA6-0F1B-20260316\00-源码\ZRR900FV2HYLCDATFSoftUlib-V2.0-20260316\EventManage.c
#    Command line =  
#        D:\2-通用定制归档程序\04-通用程序\00-900F\【通用程序】ZRR900FV2HYLCD-ATF3.03-解决零漂-8BA6-0F1B-20260316\00-源码\ZRR900FV2HYLCDATFSoftUlib-V2.0-20260316\EventManage.c
#        -D ATF403AVCT7 -D LIBRARY_VERSION -D USE_STDPERIPH_DRIVER -D
#        AT_START_F403A_V1_0 -lcN
#        D:\2-通用定制归档程序\04-通用程序\00-900F\【通用程序】ZRR900FV2HYLCD-ATF3.03-解决零漂-8BA6-0F1B-20260316\00-源码\ZRR900FV2HYLCDATFSoftUlib-V2.0-20260316\Debug\List
#        -lA
#        D:\2-通用定制归档程序\04-通用程序\00-900F\【通用程序】ZRR900FV2HYLCD-ATF3.03-解决零漂-8BA6-0F1B-20260316\00-源码\ZRR900FV2HYLCDATFSoftUlib-V2.0-20260316\Debug\List
#        -o
#        D:\2-通用定制归档程序\04-通用程序\00-900F\【通用程序】ZRR900FV2HYLCD-ATF3.03-解决零漂-8BA6-0F1B-20260316\00-源码\ZRR900FV2HYLCDATFSoftUlib-V2.0-20260316\Debug\Obj
#        --no_cse --no_unroll --no_inline --no_code_motion --no_tbaa
#        --no_clustering --no_scheduling --debug --endian=little
#        --cpu=Cortex-M4 -e --char_is_signed --enable_multibytes --fpu=VFPv4_sp
#        --dlib_config "C:\Program Files (x86)\IAR Systems\Embedded Workbench
#        7.5\arm\INC\c\DLib_Config_Full.h" -I
#        D:\2-通用定制归档程序\04-通用程序\00-900F\【通用程序】ZRR900FV2HYLCD-ATF3.03-解决零漂-8BA6-0F1B-20260316\00-源码\ZRR900FV2HYLCDATFSoftUlib-V2.0-20260316\
#        -I
#        D:\2-通用定制归档程序\04-通用程序\00-900F\【通用程序】ZRR900FV2HYLCD-ATF3.03-解决零漂-8BA6-0F1B-20260316\00-源码\ZRR900FV2HYLCDATFSoftUlib-V2.0-20260316\Libraries\STM32F10x_StdPeriph_Driver\inc\
#        -I
#        D:\2-通用定制归档程序\04-通用程序\00-900F\【通用程序】ZRR900FV2HYLCD-ATF3.03-解决零漂-8BA6-0F1B-20260316\00-源码\ZRR900FV2HYLCDATFSoftUlib-V2.0-20260316\Libraries\CMSIS\CM4\CoreSupport\
#        -I
#        D:\2-通用定制归档程序\04-通用程序\00-900F\【通用程序】ZRR900FV2HYLCD-ATF3.03-解决零漂-8BA6-0F1B-20260316\00-源码\ZRR900FV2HYLCDATFSoftUlib-V2.0-20260316\Libraries\CMSIS\CM4\DeviceSupport\
#        -On --use_c++_inline
#    Locale       =  Chinese (Simplified)_China.936
#    List file    =  
#        D:\2-通用定制归档程序\04-通用程序\00-900F\【通用程序】ZRR900FV2HYLCD-ATF3.03-解决零漂-8BA6-0F1B-20260316\00-源码\ZRR900FV2HYLCDATFSoftUlib-V2.0-20260316\Debug\List\EventManage.lst
#    Object file  =  
#        D:\2-通用定制归档程序\04-通用程序\00-900F\【通用程序】ZRR900FV2HYLCD-ATF3.03-解决零漂-8BA6-0F1B-20260316\00-源码\ZRR900FV2HYLCDATFSoftUlib-V2.0-20260316\Debug\Obj\EventManage.o
#
###############################################################################

D:\2-通用定制归档程序\04-通用程序\00-900F\【通用程序】ZRR900FV2HYLCD-ATF3.03-解决零漂-8BA6-0F1B-20260316\00-源码\ZRR900FV2HYLCDATFSoftUlib-V2.0-20260316\EventManage.c
      1          /* 
      2          * Title:	EventManage.c
      3          * Description:	事故报文处理任务及相关函数
      4          * Function:
      5          
      6          */
      7          
      8          #include "Drive.h"
      9          #include "GlobeDef.h"
     10          #include "EventManage.h"
     11          #include "Lib.h"
     12          #include "Flash.h"
     13          #include "stm32f10x.h"
     14          
     15          ////////////////////////////////////////////////////////////////////////////////////
     16          //						
     17          //						微机线路保护,故障报文处理模块							//
     18          //
     19          ////////////////////////////////////////////////////////////////////////////////////
     20          //
     21          ////                            
     22          ////////////////////////////////////////////////////////////////////////////////////
     23          
     24          
     25          
     26          u32 l_fRelayTripBak=0;
     27          u32 l_fRelayAlarmBak=0;
     28          u32 l_fRelayBHkrBak=0;
     29          u32 l_fRelayYXkrBak=0;
     30          u8 l_fRelayTripsgz=0;
     31          u8 l_fRelayTripgjz=0;
     32          u32 l_fRelaytim;
     33          //保护和告警初始化
     34          void	Event_Record()
     35          {
     36              u8 j;
     37              u32 *ptr;
     38              
     39              ptr=(u32 *)&YX1_sts;
     40              l_fRelayBHkr=*ptr&0xffff;
     41              
     42              if(l_fRelayBHkr!=l_fRelayBHkrBak)
     43              {
     44                  for(j=0;j<16;j++)
     45                  {
     46                      if((l_fRelayBHkr&(1u<<j))&&!(l_fRelayBHkrBak&(1u<<j)))
     47                      {
     48                          l_fRelayBHkrBak|=1u<<j;
     49                          EventManage_SOE_Write(&Soe_Buff.SoeB[Soe_Buff.uWritePt],j);			//往总缓冲写遥信SOE
     50                          Fm_Operat_Request|=Fm_Write_SoeData;	       
     51                      }
     52                      if(!(l_fRelayBHkr&(1u<<j))&&(l_fRelayBHkrBak&(1u<<j)))
     53                      {
     54                          l_fRelayBHkrBak&=~(1u<<j);
     55                          EventManage_SOE_Write(&Soe_Buff.SoeB[Soe_Buff.uWritePt],j);			//往总缓冲写遥信SOE
     56                          Fm_Operat_Request|=Fm_Write_SoeData;	 
     57                      }
     58                  }
     59              }
     60              if(l_fRelayTrip!=l_fRelayTripBak)
     61              {
     62                  for(j=0;j<32;j++) 
     63                  {
     64                      if((l_fRelayTrip&(1u<<j))&&!(l_fRelayTripBak&(1u<<j)))
     65                      {
     66                          l_fRelayTripBak|=1u<<j;
     67                          EventManage_Bhdz_Event(&Action_Buff.ActionBuff[Action_Buff.uWritePt],j+TRIPEVENT);    
     68                          EventManage_Bhdz_SOE(j+TRIPEVENT,BHDZ);		//         
     69                      }
     70                      if(!(l_fRelayTrip&(1u<<j))&&(l_fRelayTripBak&(1u<<j)))
     71                      {
     72                          l_fRelayTripBak&=~(1u<<j);
     73                          EventManage_Bhdz_SOE(j+TRIPEVENT,BHFG);		//    
     74                      }
     75                  }
     76              }
     77              if(l_fRelayAlarm!=l_fRelayAlarmBak)
     78              {
     79                  for(j=0;j<32;j++) 
     80                  {
     81                      if((l_fRelayAlarm&(1u<<j))&&!(l_fRelayAlarmBak&(1u<<j)))
     82                      {
     83                          l_fRelayAlarmBak|=1u<<j;
     84                          EventManage_Bhgj_Event(&Action_Buff.ActionBuff[Action_Buff.uWritePt],j+FAILEVENT);
     85                          EventManage_Bhgj_SOE(j+FAILEVENT,BHDZ);		//         
     86                      }
     87                      if(!(l_fRelayAlarm&(1u<<j))&&(l_fRelayAlarmBak&(1u<<j)))
     88                      {
     89                          l_fRelayAlarmBak&=~(1u<<j);
     90                          EventManage_Bhgj_SOE(j+FAILEVENT,BHFG);		//    
     91                      }
     92                  }
     93              }  
     94              if((l_fRelayTrip&0xfffffffe)&&!l_fRelayTripsgz)
     95              {
     96                  l_fRelayTripsgz=1;
     97                  Bit_set((u8 *)&YX1_sts,YX_SOE_SGZ);  //事故总状态置1
     98                  EventManage_Bhdz_SOE(31+TRIPEVENT,BHDZ);		//  
     99              }
    100              if(!l_fRelayTrip&&l_fRelayTripsgz)
    101              {
    102                  if(l_fRelaytim>15000)
    103                  {
    104                      l_fRelaytim=0;
    105                      l_fRelayTripsgz=0;
    106                      Bit_clr((u8 *)&YX1_sts,YX_SOE_SGZ);	//事故总状态清0
    107                      EventManage_Bhdz_SOE(31+TRIPEVENT,BHFG);		//  
    108                  }
    109                  else
    110                      l_fRelaytim++;
    111              }
    112              else 
    113                  l_fRelaytim=0;	
    114              
    115              if(Fm_Operat_Request&Fm_Write_EventData)           // 写事件记录
    116              {
    117                  if(Action_Buff.ActionManList[D_FLASH].uReadPt==Action_Buff.uWritePt)
    118                      Fm_Operat_Request &=~Fm_Write_EventData;
    119              }
    120              else if(Fm_Operat_Request&Fm_Write_SoeData)         // 写soe记录
    121              {
    122                  if(Soe_Buff.SoeManList[D_FLASH].uReadPt==Soe_Buff.uWritePt)
    123                      Fm_Operat_Request &=~Fm_Write_SoeData;			
    124              }
    125          	else if(Fm_Operat_Request&Fm_Write_CZJLData)         // 写soe记录
    126          	{
    127                	if(CZJL_Buff.SoeManList[D_FLASH].uReadPt==CZJL_Buff.uWritePt)
    128                      Fm_Operat_Request &=~Fm_Write_CZJLData;			
    129          	}
    130          }
    131          
    132          
    133          /*
    134          *******************************************************************
    135          * Title:		void	EventManage_Bhgj_Event(ActionList *Buf,u8 uNo)
    136          * Description:		填保护告警事件报文至各缓冲
    137          * InputParameter:	ActionList *Buf	<需填入的保护事件缓冲指针>
    138          
    139          u8 uNo	<保护告警事件编号>
    140          
    141          
    142          *******************************************************************
    143          */
    144          void	EventManage_Bhgj_Event(ActionList *Buf,u8 uNo)
    145          {
    146          	u8 i;
    147          	
    148          	//填事件报文入任务缓冲区
    149          	Buf->timer=Rsys_clock;							//绝对时间	
    150          	Buf->uType=0x28;							// 告警报文							
    151          	Buf->uCode=uNo;		//保护动作代码	
    152          	Buf->uStatus='M';
    153          	Buf->uParaNum=0;
    154          	//type==1写入事故总缓冲,不然写的是临时缓冲,不刷新总事故指针
    155              Action_Buff.uWritePt = (Action_Buff.uWritePt+1) % TRIPRPT_NUM;		
    156          	for(i=D_MMI;i<preuFanNumber;i++)
    157          	{
    158          		if (Action_Buff.ActionManList[i].uStatus == 'R'&&
    159          			Action_Buff.uWritePt == Action_Buff.ActionManList[i].uReadPt)                                           
    160                      Action_Buff.ActionManList[i].uReadPt = (Action_Buff.ActionManList[i].uReadPt+1) % TRIPRPT_NUM;
    161          		if (Action_Buff.ActionManList[i].uStatus == ' ') 
    162          			Action_Buff.ActionManList[i].uStatus = 'R';
    163          	}
    164          	Fm_Operat_Request|=Fm_Write_EventData;  
    165          }
    166          
    167          
    168          /*
    169          *******************************************************************
    170          * Title:		void	EventManage_Bhdz_Event(ActionList *Buf,u8 uNo )
    171          * Description:		填保护动作事件报文至各缓冲
    172          * InputParameter:	ActionList *Buf	<需填入的保护事件缓冲指针>
    173          
    174          u8 uNo	<保护动作事件编号>
    175          
    176          
    177          *******************************************************************
    178          */
    179          void	EventManage_Bhdz_Event(ActionList *Buf,u8 uNo)
    180          {
    181          	u8 i,j,uCode,number;
    182              //填事件报文入任务缓冲区
    183              
    184          	Buf->timer=Rsys_clock;							//绝对时间	
    185          	Buf->uType=0x27;							// 动作报文							
    186          	
    187          	Buf->uCode=uNo;//tEvtTab[uNo].uNumber;		//保护动作代码		
    188              for(i=0;i<NumOfEvent;i++)
    189              {
    190                  if(uNo==tEvtTab[i].uNumber)
    191                  {
    192                      number=i;
    193                      break;
    194                  }
    195              }
    196          	j=Buf->uParaNum=tEvtTab[number].uParaNum;//参数项数
    197              
    198          	if(j)										//参数不为0
    199          	{
    200          		for(i=0;i<j;i++)
    201          		{				
    202          			Buf->Para[i].uParaCode=tEvtTab[number].uParaCode[i];	//参数编码						
    203          			uCode=Buf->Para[i].uParaCode;			
    204                      
    205          			switch(uCode)
    206          			{
    207                        case Para_IP:	//反时限电流
    208                        case Para_I:	//故障电流
    209          				if (ACT_buffer.ACT_I>=0x8000)
    210          				    Buf->Para[i].data=0x7fff;
    211          				else
    212          					Buf->Para[i].data=ACT_buffer.ACT_I;	 		
    213          				Buf->Para[i].Phase=P_Phase;
    214          				break; 
    215                        case Para_CQD:	//长启动
    216          				if (ACT_buffer.ACT_I>=0x8000)
    217          				    Buf->Para[i].data=0x7fff;
    218          				else
    219          					Buf->Para[i].data=ACT_buffer.ACT_I;	 		
    220          				Buf->Para[i].Phase=0;
    221          				break; 
    222                          //零序电流
    223                        case Para_I2:
    224          				if (ACT_buffer.ACT_I2>=0x8000)
    225          					Buf->Para[i].data=0x7fff;
    226          				else
    227          					Buf->Para[i].data=ACT_buffer.ACT_I2;	
    228                          Buf->Para[i].Phase=0;		 		
    229          				break;
    230                        case Para_I0:
    231                          
    232                          if (ACT_buffer.ACT_I0>=0x8000)
    233          				    Buf->Para[i].data=0x7fff;
    234          				else
    235                              Buf->Para[i].data=ACT_buffer.ACT_I0;	
    236                          Buf->Para[i].Phase=0;		    	
    237                          break;	
    238                        case Para_IH0:
    239                          
    240                          if (ACT_buffer.ACT_IH0>=0x8000)
    241          				    Buf->Para[i].data=0x7fff;
    242          				else
    243                              Buf->Para[i].data=ACT_buffer.ACT_IH0;	 
    244                          Buf->Para[i].Phase=0;		   	
    245                          break;	 
    246                        case Para_IL0:
    247                          
    248                          if (ACT_buffer.ACT_IL0>=0x8000)
    249          				    Buf->Para[i].data=0x7fff;
    250          				else
    251                              Buf->Para[i].data=ACT_buffer.ACT_IL0;	 
    252                          Buf->Para[i].Phase=0;		   	
    253                          break;	                       
    254                        	//不平衡电流
    255                        case Para_Ibp:
    256                          if (ACT_buffer.ACT_IBP>=0x8000)
    257                          {
    258                              Buf->Para[i].data=0x7fff;
    259                          }
    260          				else
    261                          {				
    262                              Buf->Para[i].data=ACT_buffer.ACT_IBP;
    263                              
    264                          }
    265                          Buf->Para[i].Phase=0;		
    266                          
    267                          break;	             
    268                          //不平衡电压
    269                        case Para_Ubp:
    270                          if (ACT_buffer.ACT_UBP>=0x8000)
    271                          {
    272                              Buf->Para[i].data=0x7fff;
    273                          }
    274          				else
    275                          {				
    276                              Buf->Para[i].data=ACT_buffer.ACT_UBP;
    277                              
    278                          }
    279                          Buf->Para[i].Phase=0;			    	
    280                          break;	                      
    281                          
    282                          //频率
    283                        case Para_F:
    284                          if (ACT_buffer.ACT_F>=0x8000)
    285                              Buf->Para[i].data=0x7fff;
    286                          else
    287                              Buf->Para[i].data=ACT_buffer.ACT_F;	
    288                          Buf->Para[i].Phase=0;		              
    289                          
    290                          
    291                          break;	                           
    292                    		//电压
    293                        case Para_U:
    294                          Buf->Para[i].data=ACT_buffer.ACT_U;	
    295                          Buf->Para[i].Phase=0;		
    296                          break;
    297                          //零序电压
    298                        case Para_U0:
    299          				Buf->Para[i].data=ACT_buffer.ACT_U0;
    300                          Buf->Para[i].Phase=0;							
    301                          break;  
    302                    		//电压
    303                        case Para_UII:
    304                          Buf->Para[i].data=ACT_buffer.ACT_UII;	
    305                          Buf->Para[i].Phase=0;				
    306                          break;
    307                          //零序电压
    308                        case Para_U0II:
    309          				Buf->Para[i].data=ACT_buffer.ACT_U0II;
    310                          Buf->Para[i].Phase=0;							
    311                          break;                  
    312                        default:
    313          				break;
    314          			}
    315          		}
    316          	}
    317          	
    318          	Buf->uStatus='M';
    319          	
    320          	//type==1写入事故总缓冲,不然写的是临时缓冲,不刷新总事故指针
    321              Action_Buff.uWritePt = (Action_Buff.uWritePt+1) % TRIPRPT_NUM;		
    322              for(i=D_MMI;i<preuFanNumber;i++)
    323              {
    324                  if (Action_Buff.ActionManList[i].uStatus == 'R'&&
    325                      Action_Buff.uWritePt == Action_Buff.ActionManList[i].uReadPt)                                           
    326                      Action_Buff.ActionManList[i].uReadPt = (Action_Buff.ActionManList[i].uReadPt+1) % TRIPRPT_NUM;
    327                  if (Action_Buff.ActionManList[i].uStatus == ' ') 
    328                      Action_Buff.ActionManList[i].uStatus = 'R';
    329              }
    330          	
    331              Fm_Operat_Request|=Fm_Write_EventData; 
    332              
    333          }
    334          
    335          
    336          
    337          
    338          
    339          
    340          
    341          
    342          /*
    343          *******************************************************************
    344          * Title:		void	EventManage_Bhgj_SOE(SoeBuf *Buf,u8 uNo,u8 uStatus)
    345          * Description:		填写保护告警SOE和遥信报文
    346          * InputParameter:	SoeList *Buf	<需填入的告警SOE缓冲指针>
    347          R_CLOCK *Clk	<实时时钟缓冲指针>
    348          u8 uNo		<告警事件编号>
    349          u8 uStatus	<SOE状态是发生还是消失>
    350          u8 uTtype	<该告警SOE缓冲定时器缓冲还是自检缓冲>
    351          
    352          *******************************************************************
    353          */
    354          void	EventManage_Bhgj_SOE(u8 uNo,u8 uStatus)
    355          {
    356          	u8	i,j,n,number;      
    357              
    358              //填SOE和遥信
    359              
    360              for(j=0;j<NumOfEvent;j++)
    361              {
    362                  if(uNo==tEvtTab[j].uNumber)
    363                      number=j;
    364              }    
    365          	i=tEvtTab[number].uSoeNo;	    				// 取SOE编号
    366          	
    367          	if((i!=0xff))			// SOE编号为FF表示不发生SOE,软遥信范围为(30,40];
    368          	{
    369          		if(uStatus)				                // 遥信置位(保护动作)
    370          		{
    371          			Bit_set((u8 *)&YX1_sts,i);		// 遥信状态置1
    372          			Bit_set((u8 *)&YX1_sts,YX_SOE_GJZ);	// 告警总状态置1
    373                      for(n=0;n<4;n++) Modbus_YX_sts[n+4]=YX1_sts[n+YX_GJ1];
    374          		}
    375          		else					                // 遥信复位(保护返回)
    376          		{
    377          			Bit_clr((u8 *)&YX1_sts,i);		// 遥信状态清0
    378          			Bit_clr((u8 *)&YX1_sts,YX_SOE_GJZ);	// 告警总状态清0
    379          		}
    380                  
    381             		EventManage_SOE_Write(&Soe_Buff.SoeB[Soe_Buff.uWritePt],i);			//往总缓冲写遥信SOE
    382          		EventManage_SOE_Write(&Soe_Buff.SoeB[Soe_Buff.uWritePt],YX_SOE_GJZ);	//往总缓冲写事故总SOE
    383              	
    384          	}	
    385             	Fm_Operat_Request|=Fm_Write_SoeData;
    386          }
    387          
    388          
    389          /*
    390          *******************************************************************
    391          * Title:		void	EventManage_Bhdz_SOE(R_CLOCK *Clk,u8 uNo,u8 uStatus,u8 uTotle)
    392          * Description:		保护动作SOE和遥信报文
    393          * InputParameter:	SoeBuf *Buf	<需填入的告警SOE缓冲指针>
    394          R_CLOCK *Clk	<实时时钟缓冲指针>
    395          u8 uNo	<保护动作事件编号>
    396          u8 uStatus	<SOE状态是发生还是消失>
    397          
    398          *******************************************************************
    399          */
    400          void	EventManage_Bhdz_SOE(u8 uNo,u8 uStatus)
    401          {
    402          	u8	i,j,n,number;  
    403              
    404              for(j=0;j<NumOfEvent;j++)
    405              {
    406                  if(uNo==tEvtTab[j].uNumber)
    407                  {
    408                      number=j;
    409                      break;
    410                  }        
    411              }       
    412          	//填SOE和遥信
    413          	i=tEvtTab[number].uSoeNo;						//取SOE编号
    414          	if((i!=0xff))			//SOE编号为FF表示不发生SOE,软遥信范围为(20,30];
    415          	{
    416          		if(uStatus)								//遥信置位(保护动作)
    417          		{	
    418          			Bit_set((u8 *)&YX1_sts,i);		//遥信状态置1
    419                      for(n=0;n<4;n++) Modbus_YX_sts[n]=YX1_sts[n+YX_SG1];
    420          		}
    421          		else									//遥信复位(保护返回)
    422          		{
    423          			Bit_clr((u8 *)&YX1_sts,i);		//遥信状态清0
    424          		}
    425          		
    426          		EventManage_SOE_Write(&Soe_Buff.SoeB[Soe_Buff.uWritePt],i);			//往总缓冲写遥信SOE
    427          	}
    428          	Fm_Operat_Request|=Fm_Write_SoeData;
    429          }
    430          /*
    431          *******************************************************************
    432          * Title:		void	EventManage_SOE_Write(SoeList *Buf,R_CLOCK *Clk,u8 num)
    433          * Description:		SOE 登录函数 num开入序号(写入暂存缓冲区) 
    434          * InputParameter:	SoeList *Buf	<需登记的SOE缓冲指针>
    435          R_CLOCK *Clk	<当前实时时钟缓冲指针>
    436          u8 num	<保护动作事件编号>
    437          u8 uTtype	<该告警SOE缓冲是否总缓冲>
    438          
    439          *******************************************************************
    440          */
    441          void	EventManage_SOE_Write(SoeList *Buf,u8 num)	 //(耗时us)		        
    442          {
    443              
    444          	u8	i;
    445              
    446          	
    447              Soe_Buff.SoeB[Soe_Buff.uWritePt].uStatus = Bit_tst((u8 *)&YX1_sts,num);   //(耗时us)				
    448              Soe_Buff.SoeB[Soe_Buff.uWritePt].timer=Rsys_clock;
    449              Soe_Buff.SoeB[Soe_Buff.uWritePt].uObjectNo = num;	
    450              Soe_Buff.uWritePt = (Soe_Buff.uWritePt+1) % TRIPRPT_NUM;		
    451              by_103SOESta=0x02;			
    452              for(i=D_MMI;i<preuFanNumber;i++)
    453              {
    454                  if ((Soe_Buff.SoeManList[i].uStatus == 'R')&&        
    455                      (Soe_Buff.uWritePt == Soe_Buff.SoeManList[i].uReadPt)) 
    456                      Soe_Buff.SoeManList[i].uReadPt=(Soe_Buff.SoeManList[i].uReadPt+1) % TRIPRPT_NUM;
    457                  if (Soe_Buff.SoeManList[i].uStatus == ' ') 
    458                      Soe_Buff.SoeManList[i].uStatus = 'R';
    459              }				
    460              
    461          }
    462          void	EventManage_CZJL_Write(u8 num,u8 by_kind)         
    463          {
    464              
    465          	u8	i;
    466              
    467          	
    468              CZJL_Buff.SoeB[CZJL_Buff.uWritePt].uStatus = by_kind;   // 0-就地  1-远方		
    469              CZJL_Buff.SoeB[CZJL_Buff.uWritePt].timer=Rsys_clock;
    470              CZJL_Buff.SoeB[CZJL_Buff.uWritePt].uObjectNo = num;	
    471              CZJL_Buff.uWritePt = (CZJL_Buff.uWritePt+1) % TRIPRPT_NUM;		
    472              
    473              for(i=D_MMI;i<preuFanNumber;i++)
    474              {
    475                  if ((CZJL_Buff.SoeManList[i].uStatus == 'R')&&        
    476                      (CZJL_Buff.uWritePt == CZJL_Buff.SoeManList[i].uReadPt)) 
    477                      CZJL_Buff.SoeManList[i].uReadPt=(CZJL_Buff.SoeManList[i].uReadPt+1) % TRIPRPT_NUM;
    478                  if (CZJL_Buff.SoeManList[i].uStatus == ' ') 
    479                      CZJL_Buff.SoeManList[i].uStatus = 'R';
    480              }				
    481              Fm_Operat_Request|=Fm_Write_CZJLData;                                                 
    482          }

   Maximum stack usage in bytes:

   .cstack Function
   ------- --------
      32   EventManage_Bhdz_Event
        32   -> __aeabi_memcpy
      32   EventManage_Bhdz_SOE
        32   -> Bit_clr
        32   -> Bit_set
        32   -> EventManage_SOE_Write
      16   EventManage_Bhgj_Event
        16   -> __aeabi_memcpy
      32   EventManage_Bhgj_SOE
        32   -> Bit_clr
        32   -> Bit_set
        32   -> EventManage_SOE_Write
      16   EventManage_CZJL_Write
        16   -> __aeabi_memcpy
      16   EventManage_SOE_Write
        16   -> Bit_tst
        16   -> __aeabi_memcpy
      16   Event_Record
        16   -> Bit_clr
        16   -> Bit_set
        16   -> EventManage_Bhdz_Event
        16   -> EventManage_Bhdz_SOE
        16   -> EventManage_Bhgj_Event
        16   -> EventManage_Bhgj_SOE
        16   -> EventManage_SOE_Write


   Section sizes:

   Bytes  Function/Label
   -----  --------------
       4  ??DataTable6
       4  ??DataTable6_1
       4  ??DataTable6_10
       4  ??DataTable6_11
       4  ??DataTable6_12
       4  ??DataTable6_13
       4  ??DataTable6_14
       4  ??DataTable6_15
       4  ??DataTable6_16
       4  ??DataTable6_17
       4  ??DataTable6_18
       4  ??DataTable6_19
       4  ??DataTable6_2
       4  ??DataTable6_3
       4  ??DataTable6_4
       4  ??DataTable6_5
       4  ??DataTable6_6
       4  ??DataTable6_7
       4  ??DataTable6_8
       4  ??DataTable6_9
    1094  EventManage_Bhdz_Event
     184  EventManage_Bhdz_SOE
     194  EventManage_Bhgj_Event
     220  EventManage_Bhgj_SOE
     188  EventManage_CZJL_Write
     192  EventManage_SOE_Write
     892  Event_Record
       4  l_fRelayAlarmBak
       4  l_fRelayBHkrBak
       4  l_fRelayTripBak
       1  l_fRelayTripgjz
       1  l_fRelayTripsgz
       4  l_fRelayYXkrBak
       4  l_fRelaytim

 
    22 bytes in section .bss
 3 044 bytes in section .text
 
 3 044 bytes of CODE memory
    22 bytes of DATA memory

Errors: none
Warnings: none
