###############################################################################
#
# IAR ANSI C/C++ Compiler V7.70.2.11706/W32 for ARM       17/Jun/2026  08:45:30
# Copyright 1999-2016 IAR Systems AB.
#
#    Cpu mode     =  thumb
#    Endian       =  little
#    Source file  =  
#        D:\2-通用定制归档程序\04-通用程序\00-900F\【通用程序】ZRR900FV2HYLCD-ATF3.03-解决零漂-8BA6-0F1B-20260316\00-源码\ZRR900FV2HYLCDATFSoftUlib-V2.0-20260316\Hzk.c
#    Command line =  
#        D:\2-通用定制归档程序\04-通用程序\00-900F\【通用程序】ZRR900FV2HYLCD-ATF3.03-解决零漂-8BA6-0F1B-20260316\00-源码\ZRR900FV2HYLCDATFSoftUlib-V2.0-20260316\Hzk.c
#        -D ATF403AVCT7 -D LIBRARY_VERSION -D USE_STDPERIPH_DRIVER -D
#        AT_START_F403A_V1_0 -lcN
#        D:\2-通用定制归档程序\04-通用程序\00-900F\【通用程序】ZRR900FV2HYLCD-ATF3.03-解决零漂-8BA6-0F1B-20260316\00-源码\ZRR900FV2HYLCDATFSoftUlib-V2.0-20260316\Debug\List
#        -lA
#        D:\2-通用定制归档程序\04-通用程序\00-900F\【通用程序】ZRR900FV2HYLCD-ATF3.03-解决零漂-8BA6-0F1B-20260316\00-源码\ZRR900FV2HYLCDATFSoftUlib-V2.0-20260316\Debug\List
#        -o
#        D:\2-通用定制归档程序\04-通用程序\00-900F\【通用程序】ZRR900FV2HYLCD-ATF3.03-解决零漂-8BA6-0F1B-20260316\00-源码\ZRR900FV2HYLCDATFSoftUlib-V2.0-20260316\Debug\Obj
#        --no_cse --no_unroll --no_inline --no_code_motion --no_tbaa
#        --no_clustering --no_scheduling --debug --endian=little
#        --cpu=Cortex-M4 -e --char_is_signed --enable_multibytes --fpu=VFPv4_sp
#        --dlib_config "C:\Program Files (x86)\IAR Systems\Embedded Workbench
#        7.5\arm\INC\c\DLib_Config_Full.h" -I
#        D:\2-通用定制归档程序\04-通用程序\00-900F\【通用程序】ZRR900FV2HYLCD-ATF3.03-解决零漂-8BA6-0F1B-20260316\00-源码\ZRR900FV2HYLCDATFSoftUlib-V2.0-20260316\
#        -I
#        D:\2-通用定制归档程序\04-通用程序\00-900F\【通用程序】ZRR900FV2HYLCD-ATF3.03-解决零漂-8BA6-0F1B-20260316\00-源码\ZRR900FV2HYLCDATFSoftUlib-V2.0-20260316\Libraries\STM32F10x_StdPeriph_Driver\inc\
#        -I
#        D:\2-通用定制归档程序\04-通用程序\00-900F\【通用程序】ZRR900FV2HYLCD-ATF3.03-解决零漂-8BA6-0F1B-20260316\00-源码\ZRR900FV2HYLCDATFSoftUlib-V2.0-20260316\Libraries\CMSIS\CM4\CoreSupport\
#        -I
#        D:\2-通用定制归档程序\04-通用程序\00-900F\【通用程序】ZRR900FV2HYLCD-ATF3.03-解决零漂-8BA6-0F1B-20260316\00-源码\ZRR900FV2HYLCDATFSoftUlib-V2.0-20260316\Libraries\CMSIS\CM4\DeviceSupport\
#        -On --use_c++_inline
#    Locale       =  Chinese (Simplified)_China.936
#    List file    =  
#        D:\2-通用定制归档程序\04-通用程序\00-900F\【通用程序】ZRR900FV2HYLCD-ATF3.03-解决零漂-8BA6-0F1B-20260316\00-源码\ZRR900FV2HYLCDATFSoftUlib-V2.0-20260316\Debug\List\Hzk.lst
#    Object file  =  
#        D:\2-通用定制归档程序\04-通用程序\00-900F\【通用程序】ZRR900FV2HYLCD-ATF3.03-解决零漂-8BA6-0F1B-20260316\00-源码\ZRR900FV2HYLCDATFSoftUlib-V2.0-20260316\Debug\Obj\Hzk.o
#
###############################################################################

D:\2-通用定制归档程序\04-通用程序\00-900F\【通用程序】ZRR900FV2HYLCD-ATF3.03-解决零漂-8BA6-0F1B-20260316\00-源码\ZRR900FV2HYLCDATFSoftUlib-V2.0-20260316\Hzk.c
      1          /* 
      2          * Title:	Hzk.c
      3          * Description:	汉字库及ASCII字库及图形，因为程序空间原因，不能把二级字库全包含进来，用到的汉字
      4          		及符号需自己添加
      5          * Function:单色、纵向、倒序
      6          
      7          */
      8          //#include "GlobeDef.h"
      9          #include "Hzk.h"
     10          
     11          
     12          uc8 Menu_tu[]=
     13          {
     14          0x00,0x00,0x00,0x00,0x00,0x00,0x00,0x00,0x00,0x00,0x00,0x00,0x00,0x00,0x01,0x01,
     15          0xFF,0xFF,0x01,0x01,0x00,0x00,0x00,0x00,0x00,0x00,0x00,0x00,0x00,0x00,0x00,0x00,
     16          0x00,0x00,0x00,0x00,0x00,0x00,0x00,0x00,0x00,0x00,0x00,0x00,0x00,0x00,0x00,0x00,
     17          0x00,0x00,0x00,0x00,0x00,0x00,0x00,0x00,0x00,0x00,0x00,0x00,0x00,0x00,0x00,0x00,
     18          0x00,0x00,0x00,0x00,0x00,0x00,0x00,0x00,0x00,0x00,0x00,0x00,0x00,0x00,0x00,0x00,
     19          0x00,0x00,0x00,0x00,0x00,0x00,0x00,0x00,0x00,0x00,0x00,0x00,0x00,0x00,0x00,0x00,
     20          0x00,0x00,0x00,0x00,0x00,0x00,0x00,0x00,0x00,0x00,0x00,0x00,0x00,0x00,0x00,0x00,
     21          0x00,0x00,0x00,0x00,0x00,0x00,0x00,0x00,0x00,0x00,0x00,0x00,0x00,0x00,0x00,0x00,
     22          0x00,0x00,0x00,0x00,0x00,0x00,0x00,0x00,0x00,0x00,0x00,0x00,0x00,0x01,0x01,0xFF,
     23          0xFF,0x01,0x01,0x00,0x00,0x00,0x00,0x00,0x00,0x00,0x00,0x00,0x00,0x00,0x00,0x00,
     24          0x00,0x00,0x00,0x00,0x00,0x00,0x00,0x00,0x00,0x00,0x00,0x00,0x00,0x00,0x00,0x00,
     25          0xFF,0xFF,0x00,0x00,0x00,0x00,0x00,0x00,0x00,0x00,0x00,0x00,0x00,0x00,0x00,0x00,
     26          0x00,0x00,0x00,0x00,0x00,0x00,0x00,0x00,0x00,0x00,0x00,0x00,0x00,0x00,0x00,0x00,
     27          0x00,0x00,0x00,0x00,0x00,0x00,0x00,0x00,0x00,0x00,0x00,0x00,0x00,0x00,0x00,0x00,
     28          0x00,0x00,0x00,0x00,0x00,0x00,0x00,0x00,0x00,0x00,0x00,0x00,0x00,0x00,0x00,0x00,
     29          0x00,0x00,0x00,0x00,0x00,0x00,0x00,0x00,0x00,0x00,0x00,0x00,0x00,0x00,0x00,0x00,
     30          0x00,0x00,0x00,0x00,0x00,0x00,0x00,0x00,0x00,0x00,0x00,0x00,0x00,0x00,0x00,0x00,
     31          0x00,0x00,0x00,0x00,0x00,0x00,0x00,0x00,0x00,0x00,0x00,0x00,0x00,0x00,0x00,0x00,
     32          0x00,0x00,0x00,0x00,0x00,0x00,0x00,0x00,0x00,0x00,0x00,0x00,0x00,0x00,0x00,0xFF,
     33          0xFF,0x00,0x00,0x00,0x00,0x00,0x00,0x00,0x00,0x00,0x00,0x00,0x00,0x00,0x00,0x00,
     34          0x00,0x00,0x00,0x00,0x00,0x00,0x00,0x00,0x00,0x00,0x00,0x00,0x00,0xFF,0x01,0x01,
     35          0x01,0x01,0x01,0x01,0xFF,0x00,0x00,0x00,0x00,0x00,0x00,0x00,0x00,0x00,0x00,0x00,
     36          0x00,0x00,0x00,0x00,0x00,0x00,0x00,0x00,0x00,0x00,0x00,0x00,0x00,0x00,0x00,0x00,
     37          0x00,0x00,0x00,0x00,0x00,0x00,0x00,0x00,0x00,0x00,0x00,0x00,0x00,0x00,0x00,0x00,
     38          0x00,0x00,0x00,0x00,0x00,0x00,0x00,0x00,0x00,0x00,0x00,0x00,0x00,0x00,0x00,0x00,
     39          0x00,0x00,0x00,0x00,0x00,0x00,0x00,0x00,0x00,0x00,0x00,0x00,0x00,0x00,0x00,0x00,
     40          0x00,0x00,0x00,0x00,0x00,0x00,0x00,0x00,0x00,0x00,0x00,0x00,0x00,0x00,0x00,0x00,
     41          0x00,0x00,0x00,0x00,0x00,0x00,0x00,0x00,0x00,0x00,0x00,0x00,0x00,0x00,0x00,0x00,
     42          0x00,0x00,0x00,0x00,0x00,0x00,0x00,0x00,0x00,0x00,0x00,0x00,0xFF,0x01,0x01,0x01,
     43          0x01,0x01,0x01,0xFF,0x00,0x00,0x00,0x00,0x00,0x00,0x00,0x00,0x00,0x00,0x00,0x00,
     44          0x00,0x00,0x00,0x00,0x00,0x00,0x00,0x00,0x00,0x00,0x00,0x00,0x00,0xFF,0x80,0x80,
     45          0x80,0x80,0x80,0x80,0xFF,0x00,0x00,0x00,0x00,0x00,0x00,0x00,0x00,0x00,0x00,0x00,
     46          0x00,0x00,0x00,0x00,0x00,0x00,0x00,0x00,0x00,0x00,0x00,0x00,0x00,0x00,0x00,0x00,
     47          0x00,0x00,0x00,0x00,0x00,0x00,0x00,0x00,0x00,0x00,0x00,0x00,0x00,0x00,0x00,0x00,
     48          0x00,0x00,0x00,0x00,0x00,0x00,0x00,0x00,0x00,0x00,0x00,0x00,0x00,0x00,0x00,0x00,
     49          0x00,0x00,0x00,0x00,0x00,0x00,0x00,0x00,0x00,0x00,0x00,0x00,0x00,0x00,0x00,0x00,
     50          0x00,0x00,0x00,0x00,0x00,0x00,0x00,0x00,0x00,0x00,0x00,0x00,0x00,0x00,0x00,0x00,
     51          0x00,0x00,0x00,0x00,0x00,0x00,0x00,0x00,0x00,0x00,0x00,0x00,0x00,0x00,0x00,0x00,
     52          0x00,0x00,0x00,0x00,0x00,0x00,0x00,0x00,0x00,0x00,0x00,0x00,0xFF,0x80,0x80,0x80,
     53          0x80,0x80,0x80,0xFF,0x00,0x00,0x00,0x00,0x00,0x00,0x00,0x00,0x00,0x00,0x00,0x00,
     54          0x00,0x00,0x00,0x00,0x00,0x00,0x00,0x00,0x00,0x00,0x00,0x00,0x00,0x00,0x00,0x00,
     55          0xFF,0xFF,0x00,0x00,0x00,0x00,0x00,0x00,0x00,0x00,0x00,0x00,0x00,0x00,0x00,0x00,
     56          0x00,0x00,0x00,0x00,0x00,0x00,0x00,0x00,0x00,0x00,0x00,0x00,0x00,0x00,0x00,0x00,
     57          0x00,0x00,0x00,0x00,0x00,0x00,0x00,0x00,0x00,0x00,0x00,0x00,0x00,0x00,0x00,0x00,
     58          0x00,0x00,0x00,0x00,0x00,0x00,0x00,0x00,0x00,0x00,0x00,0x00,0x00,0x00,0x00,0x00,
     59          0x00,0x00,0x00,0x00,0x00,0x00,0x00,0x00,0x00,0x00,0x00,0x00,0x00,0x00,0x00,0x00,
     60          0x00,0x00,0x00,0x00,0x00,0x00,0x00,0x00,0x00,0x00,0x00,0x00,0x00,0x00,0x00,0x00,
     61          0x00,0x00,0x00,0x00,0x00,0x00,0x00,0x00,0x00,0x00,0x00,0x00,0x00,0x00,0x00,0x00,
     62          0x00,0x00,0x00,0x00,0x00,0x00,0x00,0x00,0x00,0x00,0x00,0x00,0x00,0x00,0x00,0xFF,
     63          0xFF,0x00,0x00,0x00,0x00,0x00,0x00,0x00,0x00,0x00,0x00,0x00,0x00,0x00,0x00,0x00,
     64          0x00,0x00,0x00,0x00,0x00,0x00,0x00,0x00,0x00,0x00,0x00,0x00,0x00,0x00,0x00,0x00,
     65          0xFF,0xFF,0x00,0x00,0x00,0x00,0x00,0x00,0x00,0x00,0x00,0x00,0x00,0x00,0x00,0x00,
     66          0x00,0x00,0x00,0x00,0x00,0x00,0x00,0x00,0x00,0x00,0x00,0x00,0x00,0x00,0x00,0x00,
     67          0x00,0x00,0x00,0x00,0x00,0x00,0x00,0x00,0x00,0x00,0x00,0x00,0x00,0x00,0x00,0x00,
     68          0x00,0x00,0x00,0x00,0x00,0x00,0x00,0x00,0x00,0x00,0x00,0x00,0x00,0x00,0x00,0x00,
     69          0x00,0x00,0x00,0x00,0x00,0x00,0x00,0x00,0x00,0x00,0x00,0x00,0x00,0x00,0x00,0x00,
     70          0x00,0x00,0x00,0x00,0x00,0x00,0x00,0x00,0x00,0x00,0x00,0x00,0x00,0x00,0x00,0x00,
     71          0x00,0x00,0x00,0x00,0x00,0x00,0x00,0x00,0x00,0x00,0x00,0x00,0x00,0x00,0x00,0x00,
     72          0x00,0x00,0x00,0x00,0x00,0x00,0x00,0x00,0x00,0x00,0x00,0x00,0x00,0x00,0x00,0xFF,
     73          0xFF,0x00,0x00,0x00,0x00,0x00,0x00,0x00,0x00,0x00,0x00,0x00,0x00,0x00,0x00,0x00,
     74          0x00,0x00,0x00,0x00,0x00,0x00,0x00,0x00,0x00,0x00,0x00,0x00,0x00,0x00,0x00,0x00,
     75          0xFF,0xFF,0x00,0x00,0x00,0x00,0x00,0x00,0x00,0x00,0x00,0x00,0x00,0x00,0x00,0x00,
     76          0x00,0x00,0x00,0x00,0x00,0x00,0x00,0x00,0x00,0x00,0x00,0x00,0x00,0x00,0x00,0x00,
     77          0x00,0x00,0x00,0x00,0x00,0x00,0x00,0x00,0x00,0x00,0x00,0x00,0x00,0x00,0x00,0x00,
     78          0x00,0x00,0x00,0x00,0x00,0x00,0x00,0x00,0x00,0x00,0x00,0x00,0x00,0x00,0x00,0x00,
     79          0x00,0x00,0x00,0x00,0x00,0x00,0x00,0x00,0x00,0x00,0x00,0x00,0x00,0x00,0x00,0x00,
     80          0x00,0x00,0x00,0x00,0x00,0x00,0x00,0x00,0x00,0x00,0x00,0x00,0x00,0x00,0x00,0x00,
     81          0x00,0x00,0x00,0x00,0x00,0x00,0x00,0x00,0x00,0x00,0x00,0x00,0x00,0x00,0x00,0x00,
     82          0x00,0x00,0x00,0x00,0x00,0x00,0x00,0x00,0x00,0x00,0x00,0x00,0x00,0x00,0x00,0xFF,
     83          0xFF,0x00,0x00,0x00,0x00,0x00,0x00,0x00,0x00,0x00,0x00,0x00,0x00,0x00,0x00,0x00,
     84          0x00,0x00,0xFF,0xFF,0x18,0x18,0x18,0x18,0x18,0x18,0x18,0x18,0x18,0x18,0x18,0x18,
     85          0x1F,0x1F,0x18,0x18,0x18,0x18,0x18,0x18,0x18,0x18,0x18,0x18,0x18,0x18,0x18,0x18,
     86          0x18,0x18,0x18,0x18,0x18,0x18,0x18,0x18,0x18,0x18,0x18,0x18,0x18,0x18,0x18,0x18,
     87          0x18,0x18,0x18,0x18,0x18,0x18,0x18,0x18,0x18,0x18,0x18,0x18,0x18,0x18,0x18,0x18,
     88          0x18,0x18,0x18,0x18,0x18,0x18,0xFF,0x81,0x81,0x81,0x81,0x81,0x81,0x81,0x81,0x81,
     89          0x81,0x81,0x81,0x81,0x81,0xFF,0x18,0x18,0x18,0x18,0x18,0x18,0x18,0x18,0x18,0x18,
     90          0x18,0x18,0x18,0x18,0x18,0x18,0x18,0x18,0x18,0x18,0x18,0x18,0x18,0x18,0x18,0x18,
     91          0x18,0x18,0x18,0x18,0x18,0x18,0x18,0x18,0x18,0x18,0x18,0x18,0x18,0x18,0x18,0x18,
     92          0x18,0x18,0x18,0x18,0x18,0x18,0x18,0x18,0x18,0x18,0x18,0x18,0x18,0x18,0x18,0x1F,
     93          0x1F,0x18,0x18,0x18,0x18,0x18,0x18,0x18,0x18,0x18,0x18,0x18,0xFF,0xFF,0x00,0x00,
     94          0x00,0x00,0x00,0x00,0x00,0x00,0x00,0x00,0x00,0x00,0x00,0x00,0x00,0x00,0x00,0x00,
     95          0x00,0x00,0x00,0x00,0x00,0x00,0x00,0x00,0x00,0x00,0x00,0x00,0x00,0x00,0x00,0x00,
     96          0x00,0x00,0x00,0x00,0x00,0x00,0x00,0x00,0x00,0x00,0x00,0x00,0x00,0x00,0x00,0x00,
     97          0x00,0x00,0x00,0x00,0x00,0x00,0x00,0x00,0x00,0x00,0x00,0x00,0x00,0x00,0x00,0x00,
     98          0x00,0x00,0x00,0x00,0x00,0x00,0x00,0x00,0x00,0x00,0x00,0x00,0x00,0x00,0x00,0x00,
     99          0x00,0x00,0x00,0x00,0x00,0x00,0x00,0x00,0x00,0x00,0x00,0x00,0x00,0x00,0x00,0x00,
    100          0x00,0x00,0x00,0x00,0x00,0x00,0x00,0x00,0x00,0x00,0x00,0x00,0x00,0x00,0x00,0x00,
    101          0x00,0x00,0x00,0x00,0x00,0x00,0x00,0x00,0x00,0x00,0x00,0x00,0x00,0x00,0x00,0x00,
    102          0x00,0x00,0x00,0x00,0x00,0x00,0x00,0x00,0x00,0x00,0x00,0x00,0x00,0x00,0x00,0x00,
    103          0x00,0x00,0x00,0x00,0x00,0x00,0x00,0x00,0x00,0x00,0x00,0x00,0x00,0x00,0x00,0x00,
    104          };
    105          
    106          uc8 zichar[96*16]=
    107          {
    108          /*   */
    109          0x00,0x00,0x00,0x00,0x00,0x00,0x00,0x00,0x00,0x00,0x00,0x00,0x00,0x00,0x00,0x00,
    110          /* ! */
    111          0x00,0x00,0x00,0xF8,0x00,0x00,0x00,0x00,0x00,0x00,0x00,0x33,0x00,0x00,0x00,0x00,
    112          /* " */
    113          0x00,0x10,0x0C,0x02,0x10,0x0C,0x02,0x00,0x00,0x00,0x00,0x00,0x00,0x00,0x00,0x00,
    114          /* # */
    115          0x00,0x40,0xC0,0x78,0x40,0xC0,0x78,0x00,0x00,0x04,0x3F,0x04,0x04,0x3F,0x04,0x00,
    116          /* $ */
    117          0x00,0x70,0x88,0x88,0xFC,0x08,0x30,0x00,0x00,0x18,0x20,0x20,0xFF,0x21,0x1E,0x00,
    118          /* % */
    119          0xF0,0x08,0xF0,0x80,0x60,0x18,0x00,0x00,0x00,0x31,0x0C,0x03,0x1E,0x21,0x1E,0x00,
    120          /* & */
    121          0x00,0xF0,0x08,0x88,0x70,0x00,0x00,0x00,0x1E,0x21,0x23,0x2C,0x19,0x27,0x21,0x10,
    122          /* ' */
    123          0x00,0x12,0x0E,0x00,0x00,0x00,0x00,0x00,0x00,0x00,0x00,0x00,0x00,0x00,0x00,0x00,
    124          /* ( */
    125          0x00,0x00,0x00,0xE0,0x18,0x04,0x02,0x00,0x00,0x00,0x00,0x07,0x18,0x20,0x40,0x00,
    126          /* ) */
    127          0x00,0x02,0x04,0x18,0xE0,0x00,0x00,0x00,0x00,0x40,0x20,0x18,0x07,0x00,0x00,0x00,
    128          /* * */
    129          0x40,0x40,0x80,0xF0,0x80,0x40,0x40,0x00,0x02,0x02,0x01,0x0F,0x01,0x02,0x02,0x00,
    130          /* + */
    131          0x00,0x00,0x00,0x00,0xE0,0x00,0x00,0x00,0x00,0x01,0x01,0x01,0x0F,0x01,0x01,0x01,
    132          /* , */
    133          0x00,0x00,0x00,0x00,0x00,0x00,0x00,0x00,0x00,0x90,0x70,0x00,0x00,0x00,0x00,0x00,
    134          /* - */
    135          0x00,0x00,0x00,0x00,0x00,0x00,0x00,0x00,0x00,0x01,0x01,0x01,0x01,0x01,0x01,0x00,
    136          /* . */
    137          0x00,0x00,0x00,0x00,0x00,0x00,0x00,0x00,0x00,0x30,0x30,0x00,0x00,0x00,0x00,0x00,
    138          /* / */
    139          0x00,0x00,0x00,0x00,0xC0,0x38,0x04,0x00,0x00,0x60,0x18,0x07,0x00,0x00,0x00,0x00,
    140          /* 0 */
    141          0x00,0xE0,0x10,0x08,0x08,0x10,0xE0,0x00,0x00,0x0F,0x10,0x20,0x20,0x10,0x0F,0x00,
    142          /* 1 */
    143          0x00,0x00,0x10,0x10,0xF8,0x00,0x00,0x00,0x00,0x00,0x20,0x20,0x3F,0x20,0x20,0x00,
    144          /* 2 */
    145          0x00,0x70,0x08,0x08,0x08,0x08,0xF0,0x00,0x00,0x30,0x28,0x24,0x22,0x21,0x30,0x00,
    146          /* 3 */
    147          0x00,0x30,0x08,0x08,0x08,0x88,0x70,0x00,0x00,0x18,0x20,0x21,0x21,0x22,0x1C,0x00,
    148          /* 4 */
    149          0x00,0x00,0x80,0x40,0x30,0xF8,0x00,0x00,0x00,0x06,0x05,0x24,0x24,0x3F,0x24,0x24,
    150          /* 5 */
    151          0x00,0xF8,0x88,0x88,0x88,0x08,0x08,0x00,0x00,0x19,0x20,0x20,0x20,0x11,0x0E,0x00,
    152          /* 6 */
    153          0x00,0xE0,0x10,0x88,0x88,0x90,0x00,0x00,0x00,0x0F,0x11,0x20,0x20,0x20,0x1F,0x00,
    154          /* 7 */
    155          0x00,0x18,0x08,0x08,0x88,0x68,0x18,0x00,0x00,0x00,0x00,0x3E,0x01,0x00,0x00,0x00,
    156          /* 8 */
    157          0x00,0x70,0x88,0x08,0x08,0x88,0x70,0x00,0x00,0x1C,0x22,0x21,0x21,0x22,0x1C,0x00,
    158          /* 9 */
    159          0x00,0xF0,0x08,0x08,0x08,0x10,0xE0,0x00,0x00,0x01,0x12,0x22,0x22,0x11,0x0F,0x00,
    160          /* : */
    161          0x00,0x00,0x00,0xC0,0xC0,0x00,0x00,0x00,0x00,0x00,0x00,0x30,0x30,0x00,0x00,0x00,
    162          /* ; */
    163          0x00,0x00,0x00,0x80,0x00,0x00,0x00,0x00,0x00,0x00,0x00,0xE0,0x00,0x00,0x00,0x00,
    164          /* < */
    165          0x00,0x00,0x80,0x40,0x20,0x10,0x08,0x00,0x00,0x01,0x02,0x04,0x08,0x10,0x20,0x00,
    166          /* = */
    167          0x00,0x40,0x40,0x40,0x40,0x40,0x40,0x00,0x00,0x02,0x02,0x02,0x02,0x02,0x02,0x00,
    168          /* > */
    169          0x00,0x08,0x10,0x20,0x40,0x80,0x00,0x00,0x00,0x20,0x10,0x08,0x04,0x02,0x01,0x00,
    170          /* ? */
    171          0x00,0x70,0x48,0x08,0x08,0x88,0x70,0x00,0x00,0x00,0x00,0x30,0x37,0x00,0x00,0x00,
    172          /* @ */
    173          0x00,0x00,0x18,0x24,0x24,0x18,0x00,0x00,0x00,0x00,0x00,0x00,0x00,0x00,0x00,0x00,
    174          /* A */
    175          0x00,0x00,0xC0,0x38,0xE0,0x00,0x00,0x00,0x20,0x3C,0x23,0x02,0x02,0x27,0x38,0x20,
    176          /* B */
    177          0x08,0xF8,0x88,0x88,0x88,0x70,0x00,0x00,0x20,0x3F,0x20,0x20,0x20,0x11,0x0E,0x00,
    178          /* C */
    179          0xC0,0x30,0x08,0x08,0x08,0x08,0x38,0x00,0x07,0x18,0x20,0x20,0x20,0x10,0x08,0x00,
    180          /* D */
    181          0x08,0xF8,0x08,0x08,0x08,0x10,0xE0,0x00,0x20,0x3F,0x20,0x20,0x20,0x10,0x0F,0x00,
    182          /* E */
    183          0x08,0xF8,0x88,0x88,0xE8,0x08,0x10,0x00,0x20,0x3F,0x20,0x20,0x23,0x20,0x18,0x00,
    184          /* F */
    185          0x08,0xF8,0x88,0x88,0xE8,0x08,0x10,0x00,0x20,0x3F,0x20,0x00,0x03,0x00,0x00,0x00,
    186          /* G */
    187          0xC0,0x30,0x08,0x08,0x08,0x38,0x00,0x00,0x07,0x18,0x20,0x20,0x22,0x1E,0x02,0x00,
    188          /* H */
    189          0x08,0xF8,0x08,0x00,0x00,0x08,0xF8,0x08,0x20,0x3F,0x21,0x01,0x01,0x21,0x3F,0x20,
    190          /* I */
    191          0x00,0x08,0x08,0xF8,0x08,0x08,0x00,0x00,0x00,0x20,0x20,0x3F,0x20,0x20,0x00,0x00,
    192          /* J */
    193          0x00,0x00,0x08,0x08,0xF8,0x08,0x08,0x00,0xC0,0x80,0x80,0x80,0x7F,0x00,0x00,0x00,
    194          /* K */
    195          0x08,0xF8,0x88,0xC0,0x28,0x18,0x08,0x00,0x20,0x3F,0x20,0x01,0x26,0x38,0x20,0x00,
    196          /* L */
    197          0x08,0xF8,0x08,0x00,0x00,0x00,0x00,0x00,0x20,0x3F,0x20,0x20,0x20,0x20,0x30,0x00,
    198          /* M */
    199          0x08,0xF8,0xF8,0x00,0xF8,0xF8,0x08,0x00,0x20,0x3F,0x01,0x3E,0x01,0x3F,0x20,0x00,
    200          /* N */
    201          0x08,0xF8,0x30,0xC0,0x00,0x08,0xF8,0x08,0x20,0x3F,0x20,0x00,0x07,0x18,0x3F,0x00,
    202          /* O */
    203          0xE0,0x10,0x08,0x08,0x08,0x10,0xE0,0x00,0x0F,0x10,0x20,0x20,0x20,0x10,0x0F,0x00,
    204          /* P */
    205          0x08,0xF8,0x08,0x08,0x08,0x08,0xF0,0x00,0x20,0x3F,0x21,0x01,0x01,0x01,0x00,0x00,
    206          /* Q */
    207          0xE0,0x10,0x08,0x08,0x08,0x10,0xE0,0x00,0x0F,0x10,0x28,0x28,0x30,0x50,0x4F,0x00,
    208          /* R */
    209          0x08,0xF8,0x88,0x88,0x88,0x88,0x70,0x00,0x20,0x3F,0x20,0x00,0x03,0x0C,0x30,0x20,
    210          /* S */
    211          0x00,0x70,0x88,0x08,0x08,0x08,0x38,0x00,0x00,0x38,0x20,0x21,0x21,0x22,0x1C,0x00,
    212          /* T */
    213          0x18,0x08,0x08,0xF8,0x08,0x08,0x18,0x00,0x00,0x00,0x20,0x3F,0x20,0x00,0x00,0x00,
    214          /* U */
    215          0x08,0xF8,0x08,0x00,0x00,0x08,0xF8,0x08,0x00,0x1F,0x20,0x20,0x20,0x20,0x1F,0x00,
    216          /* V */
    217          0x08,0x78,0x88,0x00,0x00,0xC8,0x38,0x08,0x00,0x00,0x07,0x38,0x0E,0x01,0x00,0x00,
    218          /* W */
    219          0x08,0xF8,0x00,0xF8,0x00,0xF8,0x08,0x00,0x00,0x03,0x3E,0x01,0x3E,0x03,0x00,0x00,
    220          /* X */
    221          0x08,0x18,0x68,0x80,0x80,0x68,0x18,0x08,0x20,0x30,0x2C,0x03,0x03,0x2C,0x30,0x20,
    222          /* Y */
    223          0x08,0x38,0xC8,0x00,0xC8,0x38,0x08,0x00,0x00,0x00,0x20,0x3F,0x20,0x00,0x00,0x00,
    224          /* Z */
    225          0x10,0x08,0x08,0x08,0xC8,0x38,0x08,0x00,0x20,0x38,0x26,0x21,0x20,0x20,0x18,0x00,
    226          /* [ */
    227          0x00,0x00,0x00,0xFE,0x02,0x02,0x02,0x00,0x00,0x00,0x00,0x7F,0x40,0x40,0x40,0x00,
    228          /* \ */
    229          0x00,0x04,0x38,0xC0,0x00,0x00,0x00,0x00,0x00,0x00,0x00,0x01,0x06,0x38,0xC0,0x00,
    230          /* ] */
    231          0x00,0x02,0x02,0x02,0xFE,0x00,0x00,0x00,0x00,0x40,0x40,0x40,0x7F,0x00,0x00,0x00,
    232          /* ^ */
    233          0xF0,0x0C,0x04,0x04,0x0C,0xF0,0x00,0x00,0x0F,0x08,0x08,0x08,0x08,0x0F,0x00,0x00,
    234          /* _ */
    235          0x00,0x00,0x00,0x00,0x00,0x00,0x00,0x00,0x80,0x80,0x80,0x80,0x80,0x80,0x80,0x80,
    236          /* ` */
    237          0xF0,0xFC,0xFC,0xFC,0xFC,0xF0,0x00,0x00,0x0F,0x0F,0x0F,0x0F,0x0F,0x0F,0x00,0x00,
    238          /* a */
    239          0x00,0x00,0x80,0x80,0x80,0x00,0x00,0x00,0x00,0x19,0x24,0x24,0x12,0x3F,0x20,0x00,
    240          /* b */
    241          0x10,0xF0,0x00,0x80,0x80,0x00,0x00,0x00,0x00,0x3F,0x11,0x20,0x20,0x11,0x0E,0x00,
    242          /* c */
    243          0x00,0x00,0x00,0x80,0x80,0x80,0x00,0x00,0x00,0x0E,0x11,0x20,0x20,0x20,0x11,0x00,
    244          /* d */
    245          0x00,0x00,0x80,0x80,0x80,0x90,0xF0,0x00,0x00,0x1F,0x20,0x20,0x20,0x10,0x3F,0x20,
    246          /* e */
    247          0x00,0x00,0x80,0x80,0x80,0x80,0x00,0x00,0x00,0x1F,0x24,0x24,0x24,0x24,0x17,0x00,
    248          /* f */
    249          0x00,0x80,0x80,0xE0,0x90,0x90,0x20,0x00,0x00,0x20,0x20,0x3F,0x20,0x20,0x00,0x00,
    250          /* g */
    251          0x00,0x00,0x80,0x80,0x80,0x80,0x80,0x00,0x00,0x6B,0x94,0x94,0x94,0x93,0x60,0x00,
    252          /* h */
    253          0x10,0xF0,0x00,0x80,0x80,0x80,0x00,0x00,0x20,0x3F,0x21,0x00,0x00,0x20,0x3F,0x20,
    254          /* i */
    255          0x00,0x80,0x98,0x98,0x00,0x00,0x00,0x00,0x00,0x20,0x20,0x3F,0x20,0x20,0x00,0x00,
    256          /* j */
    257          0x00,0x00,0x00,0x80,0x98,0x98,0x00,0x00,0x00,0xC0,0x80,0x80,0x80,0x7F,0x00,0x00,
    258          /* k */
    259          0x10,0xF0,0x00,0x00,0x80,0x80,0x80,0x00,0x20,0x3F,0x24,0x06,0x29,0x30,0x20,0x00,
    260          /* l */
    261          0x00,0x10,0x10,0xF8,0x00,0x00,0x00,0x00,0x00,0x20,0x20,0x3F,0x20,0x20,0x00,0x00,
    262          /* m */
    263          0x80,0x80,0x80,0x80,0x80,0x80,0x80,0x00,0x20,0x3F,0x20,0x00,0x3F,0x20,0x00,0x3F,
    264          /* n */
    265          0x80,0x80,0x00,0x80,0x80,0x80,0x00,0x00,0x20,0x3F,0x21,0x00,0x00,0x20,0x3F,0x20,
    266          /* o */
    267          0x00,0x00,0x80,0x80,0x80,0x80,0x00,0x00,0x00,0x1F,0x20,0x20,0x20,0x20,0x1F,0x00,
    268          /* p */
    269          0x80,0x80,0x00,0x80,0x80,0x00,0x00,0x00,0x80,0xFF,0x91,0x20,0x20,0x11,0x0E,0x00,
    270          /* q */
    271          0x00,0x00,0x00,0x80,0x80,0x00,0x80,0x00,0x00,0x0E,0x11,0x20,0x20,0x91,0xFF,0x80,
    272          /* r */
    273          0x80,0x80,0x80,0x00,0x80,0x80,0x80,0x00,0x20,0x20,0x3F,0x21,0x20,0x00,0x01,0x00,
    274          /* s */
    275          0x00,0x00,0x80,0x80,0x80,0x80,0x80,0x00,0x00,0x33,0x24,0x24,0x24,0x24,0x19,0x00,
    276          /* t */
    277          0x00,0x80,0x80,0xE0,0x80,0x80,0x00,0x00,0x00,0x00,0x00,0x1F,0x20,0x20,0x10,0x00,
    278          /* u */
    279          0x80,0x80,0x00,0x00,0x00,0x80,0x80,0x00,0x00,0x1F,0x20,0x20,0x20,0x10,0x3F,0x20,
    280          /* v */
    281          0x80,0x80,0x80,0x00,0x80,0x80,0x80,0x00,0x00,0x03,0x0C,0x30,0x0C,0x03,0x00,0x00,
    282          /* w */
    283          0x80,0x80,0x00,0x80,0x80,0x00,0x80,0x80,0x01,0x0E,0x30,0x0C,0x07,0x38,0x06,0x01,
    284          /* x */
    285          0x00,0x80,0x80,0x80,0x00,0x80,0x80,0x00,0x00,0x20,0x31,0x0E,0x2E,0x31,0x20,0x00,
    286          /* y */
    287          0x80,0x80,0x80,0x00,0x00,0x80,0x80,0x80,0x00,0x81,0x86,0x78,0x18,0x06,0x01,0x00,
    288          /* z */
    289          0x00,0x80,0x80,0x80,0x80,0x80,0x80,0x00,0x00,0x21,0x30,0x2C,0x22,0x21,0x30,0x00,
    290          /* { */
    291          0x00,0x00,0x00,0x00,0x00,0xFC,0x02,0x02,0x00,0x00,0x00,0x00,0x01,0x3E,0x40,0x40,
    292          /* | */
    293          0x00,0x00,0x00,0x00,0xFF,0x00,0x00,0x00,0x00,0x00,0x00,0x00,0xFF,0x00,0x00,0x00,
    294          /* } */
    295          0x02,0x02,0xFC,0x00,0x00,0x00,0x00,0x00,0x40,0x40,0x3E,0x01,0x00,0x00,0x00,0x00,
    296          /* ~ */
    297          0x00,0x02,0x01,0x02,0x02,0x04,0x02,0x00,0x00,0x00,0x00,0x00,0x00,0x00,0x00,0x00,
    298          };
    299          
    300          
    301          // 汉字表：
    302          //伏安秒度分瓦乏线路保护装置退出跳闸告警投入单纯过流闭锁操作板开断放参数电
    303          //压控回一次值合位源相间段制字时反限负荷重动延加速充零序低频率启事故总信号
    304          //存储器错定检测异常弹簧未能口遥备用运行灯通背光容不平衡变编高侧斯轻超温机
    305          //额堵转欠本体长母越并列自功联进主供有无二三关失败刻显示追忆设版息查看量漂
    306          //道幅角纲返记录删除件条请输状态对整切换区固化成读取密码名称系统钟校准年月
    307          //日网地址误规约南新点直验型是否菜内继软
    308          /////////////////////////////////////////////////////////////////////
    309          // 汉字索引表，与点阵码表对应排列                                  //
    310          /////////////////////////////////////////////////////////////////////
    311          uc16 hzIndex[ZIKUNUM]=
    312          {
    313          0xB6C8, 0xB7D6, 0xB7A6, 0xCFDF, 0xC2B7, 0xB1A3, 0xBBA4, 0xB2E2, 
    314          0xBFD8, 0xD7B0, 0xD6C3, 0xB1E4, 0xD1B9, 0xC6F7, 0xB5E7, 0xB6AF, 
    315          0xBBFA, 0xC4EA, 0xD4C2, 0xC8D5, 0xB0E6, 0xB1BE, 0xBAC5, 0xCDCB, 
    316          0xB3F6, 0xCCF8, 0xD5A2, 0xB8E6, 0xBEAF, 0xCDB6, 0xC8EB, 0xB5A5, 
    317          0xB4BF, 0xB9FD, 0xC1F7, 0xB1D5, 0xCBF8, 0xB7BD, 0xCFF2, 0xB2D9, 
    318          0xD7F7, 0xB0E5, 0xBFAA, 0xB6CF, 0xB7C5, 0xD2BB, 0xB0E3, 0xB7C7, 
    319          0xB3A3, 0xBCAB, 0xB6CB, 0xB5CD, 0xCAA7, 0xB2CE, 0xCAFD, 0xBBD8, 
    320          0xB1C8, 0xB4CE, 0xD6B5, 0xBACF, 0xCEBB, 0xD4B4, 0xCFE0, 0xBCE4, 
    321          0xB6CE, 0xD6C6, 0xD7D6, 0xCAB1, 0xB7B4, 0xCFDE, 0xB8BA, 0xBAC9, 
    322          0xD6D8, 0xD1D3, 0xBCD3, 0xCBD9, 0xB3E4, 0xC1E3, 0xD0F2, 0xC6B5, 
    323          0xC2CA, 0xB8DF, 0xB2E0, 0xCDDF, 0xCBB9, 0xC7E1, 0xB3AC, 0xCEC2, 
    324          0xB6EE, 0xB6A8, 0xC6F4, 0xB3A4, 0xB6C2, 0xD7AA, 0xC7B7, 0xCCE5, 
    325          0xCAC2, 0xB9CA, 0xD7DC, 0xD0C5, 0xB4E6, 0xB4A2, 0xB4ED, 0xD0A3, 
    326          0xD1E9, 0xBCEC, 0xD2EC, 0xB5AF, 0xBBC9, 0xCEB4, 0xC4DC, 0xB1B8, 
    327          0xD3C3, 0xD4B6, 0xBECD, 0xB5D8, 0xCAD6, 0xBDD3, 0xB5E3, 0xBFDA, 
    328          0xD2A3, 0xB1B3, 0xB9E2, 0xC4B8, 0xC1AA, 0xBCB0, 0xD7D4, 0xB9A6, 
    329          0xD3D0, 0xCEDE, 0xB6FE, 0xC8FD, 0xB9D8, 0xB0DC, 0xBDF8, 0xC4DA, 
    330          0xBBD6, 0xB8B4, 0xC2DF, 0xBCAD, 0xB5B6, 0xC8DD, 0xB2BB, 0xC6BD, 
    331          0xBAE2, 0xBFCC, 0xCFD4, 0xCABE, 0xD7B7, 0xD2E4, 0xC9E8, 0xCDA8, 
    332          0xD1B6, 0xCAD4, 0xCFA2, 0xB2E9, 0xBFB4, 0xC1BF, 0xC6AF, 0xB5C0, 
    333          0xB7F9, 0xBDC7, 0xB8D9, 0xB7B5, 0xBCC7, 0xC2BC, 0xC9BE, 0xB3FD, 
    334          0xBCFE, 0xCCF5, 0xC7EB, 0xCAE4, 0xB7A2, 0xC9FA, 0xCFFB, 0xD7B4, 
    335          0xCCAC, 0xB6D4, 0xD5FB, 0xC7D0, 0xBBBB, 0xC7F8, 0xB9CC, 0xBBAF, 
    336          0xB3C9, 0xB6C1, 0xC8A1, 0xC3DC, 0xC2EB, 0xC3FB, 0xB3C6, 0xCFB5, 
    337          0xCDB3, 0xD6D3, 0xD7BC, 0xD2BA, 0xBEA7, 0xB3A7, 0xC3EB, 0xBAC1, 
    338          0xCDF8, 0xD6B7, 0xCEF3, 0xB9E6, 0xD4BC, 0xC9CF, 0xCBCD, 0xC4CF, 
    339          0xD0C2, 0xD6B1, 0xD0CD, 0xD3EF, 0xD1D4, 0xD6D0, 0xCEC4, 0xB7D1, 
    340          0xD0A7, 0xD2D1, 0xBDC9, 0xC6DA, 0xBDAB, 0xBEA1, 0xBFEC, 0xD4CB, 
    341          0xD0D0, 0xB3F5, 0xCABC, 0xCAC7, 0xB7F1, 0xD6F7, 0xB2CB, 0xBCFC, 
    342          0xBFA8, 0xD7A1, 0xC8B7, 0xC8CF, 0xD3D2, 0xCFC2, 0xD7F3, 0xB9E9, 
    343          0xD0DE, 0xB8C4, 0xB4FA, 0xBBF9, 0xC0E0, 0xCEF1, 0xB1D8, 0xB0B4, 
    344          0xBFC9, 0xD2D4, 0xB5F7, 0xBDDA, 0xB2A2, 0xBCCC, 0xC8ED, 0xC8B1, 
    345          0xCAA1,  
    346          };
    347          
    348          uc8 zilib[ZIKUNUM*32]=
    349          {
    350          /* 度 */
    351          0x00,0x00,0xFC,0x24,0x24,0x24,0xFC,0x25,0x26,0x24,0xFC,0x24,0x24,0x24,0x04,0x00,
    352          0x40,0x30,0x8F,0x80,0x84,0x4C,0x55,0x25,0x25,0x25,0x55,0x4C,0x80,0x80,0x80,0x00,
    353          /* 分 */
    354          0x80,0x40,0x20,0x90,0x88,0x86,0x80,0x80,0x80,0x83,0x8C,0x10,0x20,0x40,0x80,0x00,
    355          0x00,0x80,0x40,0x20,0x18,0x07,0x00,0x40,0x80,0x40,0x3F,0x00,0x00,0x00,0x00,0x00,
    356          /* 乏 */
    357          0x00,0x08,0x08,0x08,0x08,0x08,0x28,0xC4,0x04,0x04,0x04,0x06,0x04,0x00,0x00,0x00,
    358          0x80,0x41,0x21,0x21,0x51,0x91,0x89,0x89,0x85,0x85,0x83,0x83,0x81,0x80,0x80,0x00,
    359          /* 线 */
    360          0x20,0x30,0xAC,0x63,0x20,0x18,0x80,0x90,0x90,0xFF,0x90,0x49,0x4A,0x48,0x40,0x00,
    361          0x22,0x67,0x22,0x12,0x12,0x12,0x40,0x40,0x20,0x13,0x0C,0x14,0x22,0x41,0xF8,0x00,
    362          /* 路 */
    363          0x00,0x3E,0x22,0xE2,0x22,0x3E,0x00,0x10,0x88,0x57,0x24,0x54,0x8C,0x00,0x00,0x00,
    364          0x40,0x7E,0x40,0x3F,0x22,0x22,0x00,0x01,0xFE,0x42,0x42,0x42,0xFE,0x01,0x01,0x00,
    365          /* 保 */
    366          0x00,0x80,0x60,0xF8,0x07,0x00,0x3E,0x22,0x22,0xE2,0x22,0x22,0x3E,0x00,0x00,0x00,
    367          0x01,0x00,0x00,0xFF,0x20,0x11,0x09,0x05,0x03,0xFF,0x03,0x05,0x09,0x11,0x20,0x00,
    368          /* 护 */
    369          0x10,0x10,0x10,0xFF,0x10,0x90,0x00,0xF8,0x88,0x89,0x8E,0x88,0x88,0x88,0xF8,0x00,
    370          0x04,0x44,0x82,0x7F,0x81,0x40,0x30,0x0F,0x00,0x00,0x00,0x00,0x00,0x00,0x01,0x00,
    371          /* 测 */
    372          0x00,0x10,0x60,0x02,0x8C,0x00,0xFE,0x02,0xF2,0x02,0xFE,0x00,0xF8,0x00,0xFF,0x00,
    373          0x00,0x04,0x04,0x7E,0x01,0x80,0x47,0x30,0x0F,0x10,0x27,0x00,0x47,0x80,0x7F,0x00,
    374          /* 控 */
    375          0x10,0x10,0x10,0xFF,0x90,0x20,0x98,0x48,0x28,0x09,0x0E,0x28,0x48,0xA8,0x18,0x00,
    376          0x02,0x42,0x81,0x7F,0x00,0x40,0x40,0x42,0x42,0x42,0x7E,0x42,0x42,0x42,0x40,0x00,
    377          /* 装 */
    378          0x40,0x42,0x24,0x10,0xFF,0x00,0x84,0x44,0x44,0x44,0x7F,0x44,0x44,0x44,0x04,0x00,
    379          0x22,0x22,0x12,0x12,0x0A,0xFE,0x42,0x27,0x0A,0x12,0x22,0x32,0x4A,0x42,0x42,0x00,
    380          /* 置 */
    381          0x00,0x2E,0x2A,0xAA,0xAA,0xAE,0xAA,0xFA,0xAA,0xAE,0xAA,0xAA,0x2A,0x2E,0x00,0x00,
    382          0x80,0x80,0x80,0xFF,0xAA,0xAA,0xAA,0xAA,0xAA,0xAA,0xAA,0xFF,0x80,0x80,0x80,0x00,
    383          /* 变 */
    384          0x04,0x44,0x24,0x14,0x04,0x7C,0x05,0x06,0x04,0x7C,0x04,0x14,0x24,0x44,0x04,0x00,
    385          0x80,0x80,0x81,0x41,0x43,0x25,0x29,0x11,0x29,0x25,0x43,0x41,0x80,0x80,0x80,0x00,
    386          /* 压 */
    387          0x00,0x00,0xFE,0x02,0x82,0x82,0x82,0x82,0xFA,0x82,0x82,0x82,0x82,0x82,0x02,0x00,
    388          0x80,0x60,0x1F,0x40,0x40,0x40,0x40,0x40,0x7F,0x40,0x40,0x44,0x58,0x40,0x40,0x00,
    389          /* 器 */
    390          0x80,0x80,0x9E,0x92,0x92,0x92,0x9E,0xE0,0x80,0x9E,0xB2,0xD2,0x92,0x9E,0x80,0x00,
    391          0x08,0x08,0xF4,0x94,0x92,0x92,0xF1,0x00,0x01,0xF2,0x92,0x94,0x94,0xF8,0x08,0x00,
    392          /* 电 */
    393          0x00,0xF8,0x88,0x88,0x88,0x88,0xFF,0x88,0x88,0x88,0x88,0xF8,0x00,0x00,0x00,0x00,
    394          0x00,0x1F,0x08,0x08,0x08,0x08,0x7F,0x88,0x88,0x88,0x88,0x9F,0x80,0xF0,0x00,0x00,
    395          /* 动 */
    396          0x00,0x40,0x44,0xC4,0x44,0x44,0x44,0x40,0x10,0x10,0xFF,0x10,0x10,0x10,0xF0,0x00,
    397          0x00,0x10,0x3C,0x13,0x10,0x14,0xB8,0x40,0x30,0x0E,0x01,0x40,0x80,0x40,0x3F,0x00,
    398          /* 机 */
    399          0x10,0x10,0xD0,0xFF,0x90,0x10,0x00,0xFE,0x02,0x02,0x02,0xFE,0x00,0x00,0x00,0x00,
    400          0x04,0x03,0x00,0xFF,0x00,0x83,0x60,0x1F,0x00,0x00,0x00,0x3F,0x40,0x40,0x78,0x00,
    401          /* 年 */
    402          0x00,0x20,0x18,0xC7,0x44,0x44,0x44,0x44,0xFC,0x44,0x44,0x44,0x44,0x04,0x00,0x00,
    403          0x04,0x04,0x04,0x07,0x04,0x04,0x04,0x04,0xFF,0x04,0x04,0x04,0x04,0x04,0x04,0x00,
    404          /* 月 */
    405          0x00,0x00,0x00,0x00,0xFE,0x22,0x22,0x22,0x22,0x22,0x22,0x22,0x22,0xFE,0x00,0x00,
    406          0x00,0x80,0x40,0x30,0x0F,0x02,0x02,0x02,0x02,0x02,0x02,0x42,0x82,0x7F,0x00,0x00,
    407          /* 日 */
    408          0x00,0x00,0x00,0xFE,0x82,0x82,0x82,0x82,0x82,0x82,0x82,0xFE,0x00,0x00,0x00,0x00,
    409          0x00,0x00,0x00,0xFF,0x40,0x40,0x40,0x40,0x40,0x40,0x40,0xFF,0x00,0x00,0x00,0x00,
    410          /* 版 */
    411          0x00,0xFE,0x20,0x20,0x3F,0x20,0x00,0xFC,0x24,0xE4,0x24,0x22,0x23,0xE2,0x00,0x00,
    412          0x80,0x7F,0x01,0x01,0xFF,0x80,0x60,0x1F,0x80,0x41,0x26,0x18,0x26,0x41,0x80,0x00,
    413          /* 本 */
    414          0x00,0x10,0x10,0x10,0x10,0xD0,0x30,0xFF,0x30,0xD0,0x10,0x10,0x10,0x10,0x00,0x00,
    415          0x10,0x08,0x04,0x02,0x09,0x08,0x08,0xFF,0x08,0x08,0x09,0x02,0x04,0x08,0x10,0x00,
    416          /* 号 */
    417          0x80,0x80,0x80,0xBE,0xA2,0xA2,0xA2,0xA2,0xA2,0xA2,0xA2,0xBE,0x80,0x80,0x80,0x00,
    418          0x00,0x00,0x00,0x06,0x05,0x04,0x04,0x04,0x44,0x84,0x44,0x3C,0x00,0x00,0x00,0x00,
    419          /* 退 */
    420          0x80,0x80,0x84,0x98,0x00,0x00,0xFE,0x92,0x92,0x92,0x92,0x92,0xFE,0x00,0x00,0x00,
    421          0x00,0x80,0x40,0x3F,0x40,0x80,0xBF,0x90,0x88,0x81,0x82,0x84,0x8A,0xB1,0x80,0x00,
    422          /* 出 */
    423          0x00,0x00,0x7C,0x40,0x40,0x40,0x40,0xFF,0x40,0x40,0x40,0x40,0xFC,0x00,0x00,0x00,
    424          0x00,0x7C,0x40,0x40,0x40,0x40,0x40,0x7F,0x40,0x40,0x40,0x40,0x40,0xFC,0x00,0x00,
    425          /* 跳 */
    426          0x00,0x3E,0x22,0xE2,0x22,0x3E,0x00,0x08,0x10,0xFF,0x00,0xFF,0xA0,0x10,0x08,0x00,
    427          0x40,0x7E,0x40,0x3F,0x22,0x22,0x80,0x42,0x31,0x0F,0x00,0x7F,0x80,0x81,0xF2,0x00,
    428          /* 闸 */
    429          0x00,0xF8,0x01,0x02,0xF0,0x92,0x92,0xF2,0x92,0x92,0xF2,0x02,0x02,0xFE,0x00,0x00,
    430          0x00,0xFF,0x00,0x00,0x0F,0x04,0x04,0x7F,0x04,0x04,0x0F,0x40,0x80,0x7F,0x00,0x00,
    431          /* 告 */
    432          0x80,0xA0,0x90,0x8E,0x88,0x88,0x88,0xFF,0x88,0x88,0x88,0x88,0x88,0x80,0x80,0x00,
    433          0x00,0x00,0x00,0xFC,0x44,0x44,0x44,0x44,0x44,0x44,0x44,0xFC,0x00,0x00,0x00,0x00,
    434          /* 警 */
    435          0x12,0xEA,0xAF,0xAA,0xEA,0x0F,0xFA,0x02,0x88,0x8C,0x57,0x24,0x54,0x8C,0x84,0x00,
    436          0x02,0x02,0xEA,0xAA,0xAA,0xAB,0xAA,0xAB,0xAA,0xAA,0xAA,0xAA,0xEA,0x02,0x02,0x00,
    437          /* 投 */
    438          0x10,0x10,0x10,0xFF,0x10,0x90,0x40,0xA0,0x9E,0x82,0x82,0x82,0x9E,0xA0,0x20,0x00,
    439          0x04,0x44,0x82,0x7F,0x01,0x00,0x80,0x80,0x43,0x2C,0x10,0x28,0x44,0x83,0x80,0x00,
    440          /* 入 */
    441          0x00,0x00,0x00,0x00,0x00,0x01,0xE2,0x1C,0xE0,0x00,0x00,0x00,0x00,0x00,0x00,0x00,
    442          0x80,0x40,0x20,0x10,0x0C,0x03,0x00,0x00,0x00,0x03,0x0C,0x30,0x40,0x80,0x80,0x00,
    443          /* 单 */
    444          0x00,0x00,0xF8,0x49,0x4A,0x4C,0x48,0xF8,0x48,0x4C,0x4A,0x49,0xF8,0x00,0x00,0x00,
    445          0x10,0x10,0x13,0x12,0x12,0x12,0x12,0xFF,0x12,0x12,0x12,0x12,0x13,0x10,0x10,0x00,
    446          /* 纯 */
    447          0x40,0x60,0x58,0xC6,0x60,0x00,0xD0,0x10,0x10,0xFE,0x10,0x10,0xD0,0x10,0x00,0x00,
    448          0x44,0xCE,0x45,0x24,0x24,0x00,0x07,0x04,0x04,0x7F,0x84,0x84,0x8F,0x80,0xE0,0x00,
    449          /* 过 */
    450          0x80,0x80,0x84,0x98,0x00,0x10,0x90,0x10,0x10,0x10,0x10,0xFE,0x10,0x10,0x10,0x00,
    451          0x00,0x80,0x40,0x3F,0x40,0x80,0x80,0x83,0x80,0x90,0xA0,0x9F,0x80,0x80,0x80,0x00,
    452          /* 流 */
    453          0x10,0x60,0x02,0x8C,0x00,0x44,0x64,0x54,0x4D,0x46,0x44,0x54,0x64,0xC4,0x04,0x00,
    454          0x04,0x04,0x7E,0x01,0x80,0x40,0x3E,0x00,0x00,0xFE,0x00,0x00,0x7E,0x80,0xE0,0x00,
    455          /* 闭 */
    456          0x00,0xF8,0x01,0x22,0x20,0x22,0x22,0xA2,0xFA,0x22,0x22,0x22,0x02,0xFE,0x00,0x00,
    457          0x00,0xFF,0x00,0x08,0x04,0x02,0x11,0x20,0x1F,0x00,0x00,0x40,0x80,0x7F,0x00,0x00,
    458          /* 锁 */
    459          0x20,0x10,0x2C,0xE7,0x24,0x24,0x00,0xE2,0x2C,0x20,0xBF,0x20,0x28,0xE6,0x00,0x00,
    460          0x01,0x01,0x01,0x7F,0x21,0x11,0x80,0x4F,0x20,0x10,0x0F,0x10,0x20,0x4F,0x80,0x00,
    461          /* 方 */
    462          0x08,0x08,0x08,0x08,0x08,0xF8,0x89,0x8E,0x88,0x88,0x88,0x88,0x08,0x08,0x08,0x00,
    463          0x00,0x80,0x40,0x20,0x18,0x07,0x00,0x00,0x40,0x80,0x40,0x3F,0x00,0x00,0x00,0x00,
    464          /* 向 */
    465          0x00,0xF8,0x08,0x08,0x0C,0xCA,0x49,0x48,0x48,0xC8,0x08,0x08,0x08,0xF8,0x00,0x00,
    466          0x00,0xFF,0x00,0x00,0x00,0x1F,0x08,0x08,0x08,0x1F,0x00,0x40,0x80,0x7F,0x00,0x00,
    467          /* 操 */
    468          0x10,0x10,0xFF,0x10,0x90,0xE0,0x2F,0x29,0xE9,0x09,0xE9,0x29,0x2F,0xE0,0x00,0x00,
    469          0x42,0x82,0x7F,0x41,0x44,0x25,0x15,0x0D,0x05,0xFE,0x0D,0x15,0x25,0x45,0x44,0x00,
    470          /* 作 */
    471          0x00,0x80,0x60,0xF8,0x07,0x40,0x30,0x0F,0xF8,0x88,0x88,0x88,0x88,0x08,0x08,0x00,
    472          0x01,0x00,0x00,0xFF,0x00,0x00,0x00,0x00,0xFF,0x08,0x08,0x08,0x08,0x08,0x00,0x00,
    473          /* 板 */
    474          0x10,0x10,0xD0,0xFF,0x90,0x10,0x00,0xFC,0x24,0xE4,0x24,0x22,0x23,0xE2,0x00,0x00,
    475          0x04,0x03,0x00,0xFF,0x00,0x83,0x60,0x1F,0x80,0x41,0x26,0x18,0x26,0x41,0x80,0x00,
    476          /* 开 */
    477          0x80,0x82,0x82,0x82,0xFE,0x82,0x82,0x82,0x82,0x82,0xFE,0x82,0x82,0x82,0x80,0x00,
    478          0x00,0x80,0x40,0x30,0x0F,0x00,0x00,0x00,0x00,0x00,0xFF,0x00,0x00,0x00,0x00,0x00,
    479          /* 断 */
    480          0x00,0xFC,0x20,0x24,0xA8,0xFF,0xA8,0x24,0x00,0xFC,0x44,0x44,0xC4,0x42,0x40,0x00,
    481          0x00,0x3F,0x22,0x21,0x20,0x2F,0x20,0xA3,0x60,0x1F,0x00,0x00,0xFF,0x00,0x00,0x00,
    482          /* 放 */
    483          0x08,0x08,0xF9,0x4A,0x48,0xC8,0x48,0x20,0xD8,0x17,0x10,0x10,0xF0,0x10,0x10,0x00,
    484          0x40,0x30,0x0F,0x20,0x40,0x3F,0x80,0x40,0x21,0x16,0x08,0x16,0x21,0x40,0x80,0x00,
    485          /* 一 */
    486          0x00,0x00,0x00,0x00,0x00,0x00,0x00,0x00,0x00,0x00,0x00,0x00,0x00,0x00,0x00,0x00,
    487          0x01,0x01,0x01,0x01,0x01,0x01,0x01,0x01,0x01,0x01,0x01,0x01,0x01,0x01,0x01,0x00,
    488          /* 般 */
    489          0x80,0x80,0xFC,0x96,0xE5,0x84,0xFC,0x00,0xA0,0x9E,0x82,0x82,0x9E,0xA0,0x20,0x00,
    490          0x80,0x60,0x1F,0x02,0x4C,0x80,0x7F,0x80,0x80,0x43,0x2C,0x10,0x2C,0x43,0x80,0x00,
    491          /* 非 */
    492          0x08,0x88,0x88,0x88,0x88,0xFF,0x00,0x00,0x00,0xFF,0x88,0x88,0x88,0x88,0x08,0x00,
    493          0x10,0x10,0x10,0x10,0x10,0xFF,0x00,0x00,0x00,0xFF,0x10,0x10,0x10,0x10,0x10,0x00,
    494          /* 常 */
    495          0x20,0x18,0x08,0xEA,0xAC,0xA8,0xA8,0xAF,0xA8,0xA8,0xAC,0xEA,0x08,0x28,0x18,0x00,
    496          0x00,0x00,0x3E,0x02,0x02,0x02,0x02,0xFF,0x02,0x02,0x12,0x22,0x1E,0x00,0x00,0x00,
    497          /* 极 */
    498          0x10,0x10,0xD0,0xFF,0x90,0x10,0x02,0x02,0xFE,0x02,0x02,0x62,0x5A,0xC6,0x00,0x00,
    499          0x04,0x03,0x00,0xFF,0x00,0x43,0x30,0x8F,0x80,0x43,0x2C,0x10,0x2C,0x43,0x80,0x00,
    500          /* 端 */
    501          0xC8,0x08,0x09,0x0E,0xE8,0x08,0x40,0x5E,0x50,0x50,0xDF,0x50,0x50,0x5E,0x40,0x00,
    502          0x20,0x6F,0x20,0x1C,0x13,0x10,0x00,0xFE,0x02,0x7F,0x02,0x7E,0x82,0xFE,0x00,0x00,
    503          /* 低 */
    504          0x00,0x80,0x60,0xF8,0x07,0x00,0xFC,0x84,0x84,0x84,0xFE,0x82,0x83,0x82,0x80,0x00,
    505          0x01,0x00,0x00,0xFF,0x00,0x00,0xFF,0x40,0x20,0x00,0x41,0x8E,0x30,0x40,0xF8,0x00,
    506          /* 失 */
    507          0x00,0x40,0x30,0x1E,0x10,0x10,0x10,0xFF,0x10,0x10,0x10,0x10,0x10,0x00,0x00,0x00,
    508          0x81,0x81,0x41,0x21,0x11,0x0D,0x03,0x01,0x03,0x0D,0x11,0x21,0x41,0x81,0x81,0x00,
    509          /* 参 */
    510          0x00,0x20,0x20,0xA8,0x6C,0x2A,0x39,0x28,0xA8,0x2A,0x6C,0xA8,0x20,0x20,0x00,0x00,
    511          0x02,0x82,0x81,0x90,0x92,0x4A,0x49,0x45,0x24,0x22,0x10,0x08,0x01,0x02,0x02,0x00,
    512          /* 数 */
    513          0x90,0x52,0x34,0x10,0xFF,0x10,0x34,0x52,0x80,0x70,0x8F,0x08,0x08,0xF8,0x08,0x00,
    514          0x82,0x9A,0x56,0x63,0x22,0x52,0x8E,0x00,0x80,0x40,0x33,0x0C,0x33,0x40,0x80,0x00,
    515          /* 回 */
    516          0x00,0x00,0xFE,0x02,0x02,0xF2,0x12,0x12,0x12,0xF2,0x02,0x02,0xFE,0x00,0x00,0x00,
    517          0x00,0x00,0x7F,0x20,0x20,0x27,0x24,0x24,0x24,0x27,0x20,0x20,0x7F,0x00,0x00,0x00,
    518          /* 比 */
    519          0x00,0xFC,0x80,0x80,0x80,0x80,0x00,0xFE,0x00,0x80,0x40,0x20,0x10,0x00,0x00,0x00,
    520          0x00,0xFF,0x40,0x40,0x20,0x20,0x00,0x7F,0x81,0x80,0x80,0x80,0x80,0xF0,0x00,0x00,
    521          /* 次 */
    522          0x00,0x02,0x0C,0x80,0x60,0x80,0x40,0x30,0x0F,0xC8,0x08,0x08,0x28,0x18,0x00,0x00,
    523          0x02,0x02,0x7E,0x01,0x80,0x40,0x20,0x18,0x06,0x01,0x06,0x18,0x20,0x40,0x80,0x00,
    524          /* 值 */
    525          0x00,0x80,0x60,0xF8,0x07,0x04,0xE4,0xA4,0xA4,0xBF,0xA4,0xA4,0xE4,0x04,0x00,0x00,
    526          0x01,0x00,0x00,0xFF,0x40,0x40,0x7F,0x4A,0x4A,0x4A,0x4A,0x4A,0x7F,0x40,0x40,0x00,
    527          /* 合 */
    528          0x40,0x40,0x20,0x20,0x50,0x48,0x44,0x43,0x44,0x48,0x50,0x20,0x20,0x40,0x40,0x00,
    529          0x00,0x00,0x00,0xFE,0x42,0x42,0x42,0x42,0x42,0x42,0x42,0xFE,0x00,0x00,0x00,0x00,
    530          /* 位 */
    531          0x00,0x80,0x60,0xF8,0x07,0x10,0x90,0x10,0x11,0x16,0x10,0x10,0xD0,0x10,0x00,0x00,
    532          0x01,0x00,0x00,0xFF,0x40,0x40,0x41,0x5E,0x40,0x40,0x70,0x4E,0x41,0x40,0x40,0x00,
    533          /* 源 */
    534          0x10,0x60,0x02,0x8C,0x00,0xFE,0x02,0xF2,0x52,0x5A,0x56,0x52,0x52,0xF2,0x02,0x00,
    535          0x04,0x04,0x7E,0x41,0x30,0x0F,0x20,0x13,0x49,0x81,0x7F,0x01,0x09,0x13,0x20,0x00,
    536          /* 相 */
    537          0x00,0x10,0x10,0x10,0xD0,0xFF,0x90,0x10,0x00,0xFE,0x22,0x22,0x22,0x22,0xFE,0x00,
    538          0x00,0x08,0x04,0x03,0x00,0xFF,0x00,0x03,0x00,0xFF,0x42,0x42,0x42,0x42,0xFF,0x00,
    539          /* 间 */
    540          0x00,0xF8,0x01,0x06,0x00,0xF0,0x12,0x12,0x12,0xF2,0x02,0x02,0x02,0xFE,0x00,0x00,
    541          0x00,0xFF,0x00,0x00,0x00,0x1F,0x11,0x11,0x11,0x1F,0x00,0x40,0x80,0x7F,0x00,0x00,
    542          /* 段 */
    543          0x00,0x00,0xFE,0x22,0x22,0x21,0x01,0x40,0x3E,0x02,0x02,0x02,0x1E,0x20,0x20,0x00,
    544          0x10,0x10,0xFF,0x11,0x09,0x09,0x80,0x81,0x47,0x29,0x11,0x29,0x45,0x83,0x80,0x00,
    545          /* 制 */
    546          0x00,0x40,0x50,0x4E,0x48,0x48,0xFF,0x48,0x48,0x48,0x40,0xF8,0x00,0x00,0xFF,0x00,
    547          0x00,0x00,0x00,0x3E,0x02,0x02,0xFF,0x12,0x22,0x1E,0x00,0x0F,0x40,0x80,0x7F,0x00,
    548          /* 字 */
    549          0x10,0x0C,0x04,0x24,0x24,0x24,0x25,0x26,0xA4,0x64,0x24,0x04,0x04,0x14,0x0C,0x00,
    550          0x02,0x02,0x02,0x02,0x02,0x42,0x82,0x7F,0x02,0x02,0x02,0x02,0x02,0x02,0x02,0x00,
    551          /* 时 */
    552          0x00,0xFC,0x84,0x84,0x84,0xFC,0x00,0x10,0x10,0x10,0x10,0x10,0xFF,0x10,0x10,0x00,
    553          0x00,0x3F,0x10,0x10,0x10,0x3F,0x00,0x00,0x01,0x06,0x40,0x80,0x7F,0x00,0x00,0x00,
    554          /* 反 */
    555          0x00,0x00,0xFC,0x24,0x24,0xE4,0x24,0x24,0x22,0x22,0x22,0xA3,0x62,0x00,0x00,0x00,
    556          0x40,0x30,0x8F,0x80,0x40,0x40,0x23,0x14,0x08,0x14,0x22,0x41,0x40,0x80,0x80,0x00,
    557          /* 限 */
    558          0x00,0xFE,0x22,0x5A,0x86,0x00,0xFE,0x92,0x92,0x92,0x92,0x92,0xFE,0x00,0x00,0x00,
    559          0x00,0xFF,0x04,0x08,0x07,0x00,0xFF,0x40,0x20,0x03,0x0C,0x14,0x22,0x41,0x40,0x00,
    560          /* 负 */
    561          0x00,0x00,0x20,0x10,0xE8,0x24,0x27,0x24,0xA4,0x24,0x34,0x2C,0xE0,0x00,0x00,0x00,
    562          0x00,0x00,0x80,0x80,0x4F,0x40,0x20,0x18,0x07,0x10,0x10,0x20,0x4F,0x80,0x00,0x00,
    563          /* 荷 */
    564          0x04,0x84,0xC4,0x34,0x04,0x2F,0x24,0x24,0x24,0x2F,0x24,0x24,0xE4,0x24,0x24,0x00,
    565          0x01,0x00,0xFF,0x00,0x00,0x1F,0x11,0x11,0x11,0x1F,0x40,0x80,0x7F,0x00,0x00,0x00,
    566          /* 重 */
    567          0x20,0x20,0x28,0xA8,0xA8,0xA8,0xA8,0xF8,0xA4,0xA4,0xA4,0xA6,0x24,0x20,0x20,0x00,
    568          0x80,0x80,0xA0,0xAF,0xAA,0xAA,0xAA,0xFF,0xAA,0xAA,0xAA,0xAF,0xA0,0x80,0x80,0x00,
    569          /* 延 */
    570          0x04,0x84,0xC4,0xB4,0x8C,0x00,0x00,0xE4,0x04,0x04,0xFE,0x42,0x43,0x42,0x00,0x00,
    571          0x80,0x44,0x28,0x18,0x27,0x20,0x40,0x4F,0x48,0x48,0x4F,0x48,0x48,0x48,0x40,0x00,
    572          /* 加 */
    573          0x00,0x10,0x10,0x10,0xFF,0x10,0x10,0xF0,0x00,0x00,0xF8,0x08,0x08,0x08,0xF8,0x00,
    574          0x00,0x80,0x40,0x30,0x0F,0x40,0x80,0x7F,0x00,0x00,0x7F,0x20,0x20,0x20,0x7F,0x00,
    575          /* 速 */
    576          0x80,0x80,0x84,0x98,0x00,0x08,0xE8,0x28,0x28,0xFE,0x28,0x28,0xE8,0x08,0x00,0x00,
    577          0x00,0x80,0x40,0x3F,0x40,0x90,0x89,0x85,0x83,0xBF,0x83,0x85,0x89,0x90,0x80,0x00,
    578          /* 充 */
    579          0x04,0x04,0x84,0xC4,0xA4,0x9C,0x85,0x86,0x84,0x84,0xA4,0xC4,0x84,0x04,0x04,0x00,
    580          0x00,0x80,0x80,0x40,0x30,0x0F,0x00,0x00,0x00,0x7F,0x80,0x80,0x81,0xF0,0x00,0x00,
    581          /* 零 */
    582          0x10,0x0C,0x05,0x55,0x55,0x55,0x85,0x7F,0x85,0x55,0x55,0x55,0x05,0x14,0x0C,0x00,
    583          0x04,0x04,0x02,0x0A,0x09,0x29,0x2A,0x4C,0x48,0xA9,0x19,0x02,0x02,0x04,0x04,0x00,
    584          /* 序 */
    585          0x00,0x00,0xFC,0x04,0x04,0x04,0x14,0x15,0x56,0x94,0x54,0x34,0x14,0x04,0x04,0x00,
    586          0x40,0x30,0x0F,0x00,0x01,0x01,0x01,0x41,0x81,0x7F,0x01,0x01,0x01,0x05,0x03,0x00,
    587          /* 频 */
    588          0x40,0x7C,0x40,0x7F,0x48,0x48,0x40,0xF2,0x12,0x1A,0xD6,0x12,0x12,0xF2,0x02,0x00,
    589          0x90,0x8E,0x40,0x4F,0x20,0x1E,0x80,0x4F,0x20,0x18,0x07,0x10,0x20,0x4F,0x80,0x00,
    590          /* 率 */
    591          0x00,0x14,0xA4,0x44,0x24,0x34,0xAD,0x66,0x24,0x94,0x04,0x44,0xA4,0x14,0x00,0x00,
    592          0x08,0x09,0x08,0x08,0x09,0x09,0x09,0xFD,0x09,0x09,0x0B,0x08,0x08,0x09,0x08,0x00,
    593          /* 高 */
    594          0x04,0x04,0x04,0x04,0xF4,0x94,0x95,0x96,0x94,0x94,0xF4,0x04,0x04,0x04,0x04,0x00,
    595          0x00,0xFE,0x02,0x02,0x7A,0x4A,0x4A,0x4A,0x4A,0x4A,0x7A,0x02,0x82,0xFE,0x00,0x00,
    596          /* 侧 */
    597          0x00,0x80,0x60,0xF8,0x07,0x00,0xFE,0x02,0xF2,0x02,0xFE,0x00,0xF8,0x00,0xFF,0x00,
    598          0x00,0x00,0x00,0xFF,0x00,0x80,0x47,0x30,0x0F,0x10,0x27,0x00,0x47,0x80,0x7F,0x00,
    599          /* 瓦 */
    600          0x02,0x02,0x02,0x02,0xC2,0x3E,0xA2,0x22,0x22,0x22,0xE2,0x02,0x02,0x02,0x02,0x00,
    601          0x00,0x00,0x00,0x78,0x27,0x20,0x10,0x13,0x00,0x00,0x3F,0x40,0x40,0x40,0x78,0x00,
    602          /* 斯 */
    603          0x00,0x04,0xFF,0x24,0x24,0x24,0xFF,0x04,0x00,0xFC,0x44,0x44,0xC4,0x42,0x40,0x00,
    604          0x88,0x48,0x2F,0x09,0x09,0x19,0x2F,0xC8,0x60,0x1F,0x00,0x00,0xFF,0x00,0x00,0x00,
    605          /* 轻 */
    606          0xC8,0xB8,0x8F,0xE8,0x88,0x88,0x80,0x82,0x42,0x22,0x12,0x1A,0x26,0x42,0x80,0x00,
    607          0x08,0x18,0x08,0xFF,0x04,0x04,0x40,0x42,0x42,0x42,0x7E,0x42,0x42,0x42,0x40,0x00,
    608          /* 超 */
    609          0x40,0x48,0x48,0x48,0xFF,0x48,0x48,0x42,0xA2,0x9E,0x82,0xA2,0xC2,0xBE,0x00,0x00,
    610          0x80,0x60,0x1F,0x20,0x7F,0x44,0x44,0x40,0x4F,0x48,0x48,0x48,0x48,0x4F,0x40,0x00,
    611          /* 温 */
    612          0x10,0x60,0x02,0x8C,0x00,0x00,0xFE,0x92,0x92,0x92,0x92,0x92,0xFE,0x00,0x00,0x00,
    613          0x04,0x04,0x7E,0x01,0x40,0x7E,0x42,0x42,0x7E,0x42,0x7E,0x42,0x42,0x7E,0x40,0x00,
    614          /* 额 */
    615          0x00,0x8C,0x44,0xB5,0x26,0xA4,0x64,0x0C,0x02,0xF2,0x1A,0xD6,0x12,0xF2,0x02,0x00,
    616          0x10,0x08,0xFC,0x4A,0x49,0x4A,0xFC,0x08,0x80,0x4F,0x30,0x0F,0x10,0x2F,0xC0,0x00,
    617          /* 定 */
    618          0x10,0x0C,0x44,0x44,0x44,0x44,0x45,0xC6,0x44,0x44,0x44,0x44,0x44,0x14,0x0C,0x00,
    619          0x80,0x40,0x20,0x1E,0x20,0x40,0x40,0x7F,0x44,0x44,0x44,0x44,0x44,0x40,0x40,0x00,
    620          /* 启 */
    621          0x00,0x00,0x00,0x00,0xFC,0x44,0x44,0x44,0x45,0x46,0x44,0x44,0x44,0x44,0x7C,0x00,
    622          0x00,0x40,0x20,0x18,0x07,0x00,0xFC,0x44,0x44,0x44,0x44,0x44,0x44,0x44,0xFC,0x00,
    623          /* 长 */
    624          0x80,0x80,0x80,0x80,0xFF,0x80,0x80,0xA0,0x90,0x88,0x84,0x82,0x80,0x80,0x80,0x00,
    625          0x00,0x00,0x00,0x00,0xFF,0x40,0x21,0x12,0x04,0x08,0x10,0x20,0x20,0x40,0x40,0x00,
    626          /* 堵 */
    627          0x10,0x10,0xFF,0x10,0x10,0x20,0x24,0x24,0xA4,0x7F,0x24,0x34,0x28,0x26,0x20,0x00,
    628          0x10,0x10,0x0F,0x04,0x02,0x04,0x02,0xFF,0x49,0x49,0x49,0x49,0xFF,0x00,0x00,0x00,
    629          /* 转 */
    630          0xC8,0xB8,0x8F,0xE8,0x88,0x88,0x40,0x48,0x48,0xE8,0x5F,0x48,0x48,0x48,0x40,0x00,
    631          0x08,0x18,0x08,0xFF,0x04,0x04,0x00,0x02,0x0B,0x12,0x22,0xD2,0x0A,0x06,0x00,0x00,
    632          /* 欠 */
    633          0x00,0x80,0x40,0x30,0x0F,0x08,0x08,0xE8,0x08,0x08,0x08,0x48,0x28,0x18,0x00,0x00,
    634          0x80,0x80,0x40,0x20,0x10,0x08,0x06,0x01,0x06,0x08,0x10,0x20,0x40,0x80,0x80,0x00,
    635          /* 体 */
    636          0x00,0x80,0x60,0xF8,0x07,0x10,0x10,0x10,0xD0,0xFF,0xD0,0x10,0x10,0x10,0x00,0x00,
    637          0x01,0x00,0x00,0xFF,0x10,0x08,0x04,0x0B,0x08,0xFF,0x08,0x0B,0x04,0x08,0x10,0x00,
    638          /* 事 */
    639          0x04,0x04,0x74,0x54,0x54,0x54,0x54,0xFF,0x54,0x54,0x54,0x54,0x74,0x04,0x04,0x00,
    640          0x04,0x04,0x15,0x15,0x15,0x55,0x95,0x7F,0x15,0x15,0x15,0x15,0x1F,0x04,0x04,0x00,
    641          /* 故 */
    642          0x10,0x10,0x10,0xFF,0x10,0x10,0x50,0x20,0xD8,0x17,0x10,0x10,0xF0,0x10,0x10,0x00,
    643          0x00,0x7F,0x21,0x21,0x21,0x7F,0x80,0x40,0x21,0x16,0x08,0x16,0x21,0x40,0x80,0x00,
    644          /* 总 */
    645          0x00,0x00,0x00,0xE2,0x24,0x28,0x20,0x20,0x20,0x28,0x24,0xE2,0x00,0x00,0x00,0x00,
    646          0x80,0x60,0x00,0x07,0x72,0x82,0x82,0x8A,0xB2,0x82,0x82,0xE7,0x00,0x10,0x60,0x00,
    647          /* 信 */
    648          0x00,0x80,0x60,0xF8,0x07,0x00,0x04,0x24,0x24,0x25,0x26,0x24,0x24,0x24,0x04,0x00,
    649          0x01,0x00,0x00,0xFF,0x00,0x00,0x00,0xF9,0x49,0x49,0x49,0x49,0x49,0xF9,0x00,0x00,
    650          /* 存 */
    651          0x04,0x04,0x84,0xE4,0x1C,0x07,0x24,0x24,0x24,0x24,0xA4,0x64,0x24,0x04,0x04,0x00,
    652          0x02,0x01,0x00,0xFF,0x00,0x02,0x02,0x42,0x82,0x7F,0x02,0x02,0x02,0x02,0x02,0x00,
    653          /* 储 */
    654          0x80,0x60,0xF8,0x87,0x84,0x98,0x00,0x20,0x24,0xA4,0x7F,0x24,0x34,0x28,0x24,0x00,
    655          0x00,0x00,0xFF,0x00,0x00,0x7F,0x24,0x12,0x01,0xFF,0x49,0x49,0x49,0xFF,0x00,0x00,
    656          /* 错 */
    657          0x40,0x30,0xEF,0x24,0x64,0x48,0x48,0x7F,0x48,0x48,0x48,0x7F,0x48,0x48,0x40,0x00,
    658          0x01,0x01,0x7F,0x21,0x11,0x00,0xFF,0x49,0x49,0x49,0x49,0x49,0xFF,0x00,0x00,0x00,
    659          /* 校 */
    660          0x10,0x10,0xD0,0xFF,0x90,0x10,0x80,0x48,0x28,0x09,0x0E,0x08,0x28,0x48,0x88,0x00,
    661          0x04,0x03,0x00,0xFF,0x00,0x01,0x80,0x80,0x43,0x2C,0x10,0x2C,0x43,0x80,0x80,0x00,
    662          /* 验 */
    663          0x02,0xFA,0x82,0x82,0xFE,0x80,0x40,0x20,0x50,0x4C,0x43,0x4C,0x50,0x20,0x40,0x00,
    664          0x08,0x18,0x48,0x84,0x44,0x3F,0x40,0x44,0x58,0x41,0x4E,0x60,0x58,0x47,0x40,0x00,
    665          /* 检 */
    666          0x10,0x10,0xD0,0xFF,0x90,0x50,0x20,0x50,0x4C,0x43,0x4C,0x50,0x20,0x40,0x40,0x00,
    667          0x04,0x03,0x00,0xFF,0x00,0x41,0x44,0x58,0x41,0x4E,0x60,0x58,0x47,0x40,0x40,0x00,
    668          /* 异 */
    669          0x00,0x00,0x7E,0x92,0x92,0x92,0x92,0x92,0x92,0x92,0x92,0x9E,0x80,0xE0,0x00,0x00,
    670          0x08,0x88,0x48,0x28,0x1E,0x08,0x08,0x08,0x08,0x08,0xFE,0x08,0x08,0x08,0x08,0x00,
    671          /* 弹 */
    672          0x02,0xE2,0x22,0x22,0x3E,0x00,0x00,0xF9,0x4A,0x4C,0xF8,0x4C,0x4A,0xF9,0x00,0x00,
    673          0x00,0x43,0x82,0x42,0x3E,0x00,0x10,0x13,0x12,0x12,0xFF,0x12,0x12,0x13,0x10,0x00,
    674          /* 簧 */
    675          0x48,0x44,0x53,0x52,0x56,0x7A,0x52,0xD0,0x54,0x7B,0x52,0x56,0x52,0x42,0x42,0x00,
    676          0x00,0x00,0x9F,0x55,0x35,0x15,0x15,0x1F,0x15,0x15,0x35,0x55,0x9F,0x00,0x00,0x00,
    677          /* 未 */
    678          0x80,0x80,0x88,0x88,0x88,0x88,0x88,0xFF,0x88,0x88,0x88,0x88,0x88,0x80,0x80,0x00,
    679          0x20,0x20,0x10,0x08,0x04,0x02,0x01,0xFF,0x01,0x02,0x04,0x08,0x10,0x20,0x20,0x00,
    680          /* 能 */
    681          0x08,0xCC,0x4A,0x49,0x48,0x4A,0xCC,0x18,0x00,0x7F,0x88,0x88,0x84,0x82,0xE0,0x00,
    682          0x00,0xFF,0x12,0x12,0x52,0x92,0x7F,0x00,0x00,0x7E,0x88,0x88,0x84,0x82,0xE0,0x00,
    683          /* 备 */
    684          0x80,0x90,0x90,0x48,0x4C,0x57,0x24,0x24,0x24,0x54,0x4C,0x44,0x80,0x80,0x80,0x00,
    685          0x00,0x00,0x00,0xFF,0x49,0x49,0x49,0x7F,0x49,0x49,0x49,0xFF,0x00,0x00,0x00,0x00,
    686          /* 用 */
    687          0x00,0x00,0x00,0xFE,0x22,0x22,0x22,0x22,0xFE,0x22,0x22,0x22,0x22,0xFE,0x00,0x00,
    688          0x00,0x80,0x60,0x1F,0x02,0x02,0x02,0x02,0x7F,0x02,0x02,0x42,0x82,0x7F,0x00,0x00,
    689          /* 远 */
    690          0x40,0x40,0x42,0xCC,0x00,0x20,0x22,0xE2,0x22,0x22,0xE2,0x22,0x22,0x20,0x00,0x00,
    691          0x00,0x80,0x40,0x3F,0x40,0xA0,0x98,0x87,0x80,0x80,0x9F,0xA0,0xA0,0xBC,0x80,0x00,
    692          /* 就 */
    693          0x04,0xE4,0x25,0x26,0x24,0xE4,0x04,0x20,0x20,0xFF,0x20,0xE2,0x2C,0x20,0x20,0x00,
    694          0x10,0x4B,0x82,0x7E,0x02,0x0B,0x90,0x60,0x1C,0x03,0x00,0x3F,0x40,0x40,0x70,0x00,
    695          /* 地 */
    696          0x40,0x40,0x40,0xFE,0x40,0x40,0x00,0xF0,0x00,0x80,0xFE,0x40,0x20,0xE0,0x00,0x00,
    697          0x20,0x60,0x20,0x1F,0x10,0x10,0x01,0x7F,0x81,0x80,0xBF,0x84,0x88,0x87,0xF0,0x00,
    698          /* 手 */
    699          0x00,0x00,0x24,0x24,0x24,0x24,0x24,0xFC,0x22,0x22,0x22,0x23,0x22,0x00,0x00,0x00,
    700          0x02,0x02,0x02,0x02,0x02,0x42,0x82,0x7F,0x02,0x02,0x02,0x02,0x02,0x02,0x02,0x00,
    701          /* 接 */
    702          0x10,0x10,0x10,0xFF,0x10,0x50,0x44,0x54,0x65,0xC6,0x44,0x64,0x54,0x44,0x40,0x00,
    703          0x04,0x44,0x82,0x7F,0x01,0x82,0x82,0x4A,0x56,0x23,0x22,0x52,0x4E,0x82,0x02,0x00,
    704          /* 点 */
    705          0x00,0x00,0x00,0xC0,0x40,0x40,0x40,0x7F,0x48,0x48,0x48,0x48,0xC8,0x08,0x08,0x00,
    706          0x00,0x80,0x40,0x37,0x04,0x04,0x14,0x64,0x04,0x14,0x64,0x04,0x07,0x10,0xE0,0x00,
    707          /* 口 */
    708          0x00,0x00,0xFC,0x04,0x04,0x04,0x04,0x04,0x04,0x04,0x04,0x04,0xFC,0x00,0x00,0x00,
    709          0x00,0x00,0x7F,0x20,0x20,0x20,0x20,0x20,0x20,0x20,0x20,0x20,0x7F,0x00,0x00,0x00,
    710          /* 遥 */
    711          0x40,0x40,0x42,0xCC,0x00,0x00,0x4A,0x32,0x22,0x2A,0xF1,0x21,0x31,0x2D,0x00,0x00,
    712          0x00,0x80,0x40,0x3F,0x40,0x80,0x81,0xBD,0xA1,0xA1,0xBF,0xA1,0xA1,0xBD,0x81,0x00,
    713          /* 背 */
    714          0x00,0x20,0x64,0x24,0x94,0x94,0xBF,0x80,0x80,0x9F,0xA4,0xA4,0xA2,0x22,0x38,0x00,
    715          0x00,0x00,0x00,0x00,0xFF,0x0A,0x0A,0x0A,0x0A,0x0A,0x4A,0x8A,0x7F,0x00,0x00,0x00,
    716          /* 光 */
    717          0x40,0x40,0x42,0x44,0x58,0xC0,0x40,0x7F,0x40,0xC0,0x50,0x48,0x46,0x40,0x40,0x00,
    718          0x80,0x80,0x40,0x20,0x18,0x07,0x00,0x00,0x00,0x3F,0x40,0x40,0x40,0x40,0x78,0x00,
    719          /* 母 */
    720          0x40,0x40,0xC0,0x7E,0x42,0x42,0x4A,0x72,0x42,0x42,0x42,0xFE,0x40,0x40,0x40,0x00,
    721          0x00,0x00,0x0F,0x08,0x08,0x08,0x09,0x0E,0x48,0x88,0x48,0x3F,0x08,0x08,0x00,0x00,
    722          /* 联 */
    723          0x02,0xFE,0x92,0x92,0xFE,0x02,0x00,0x10,0x11,0x16,0xF0,0x14,0x13,0x10,0x00,0x00,
    724          0x10,0x1F,0x08,0x08,0xFF,0x04,0x81,0x41,0x31,0x0D,0x03,0x0D,0x31,0x41,0x81,0x00,
    725          /* 及 */
    726          0x00,0x00,0x02,0x02,0xFE,0x42,0x82,0x02,0x42,0x72,0x4E,0x40,0xC0,0x00,0x00,0x00,
    727          0x80,0x40,0x30,0x0C,0x83,0x80,0x41,0x46,0x28,0x10,0x28,0x46,0x41,0x80,0x80,0x00,
    728          /* 自 */
    729          0x00,0x00,0x00,0xF8,0x88,0x8C,0x8A,0x89,0x88,0x88,0x88,0xF8,0x00,0x00,0x00,0x00,
    730          0x00,0x00,0x00,0xFF,0x44,0x44,0x44,0x44,0x44,0x44,0x44,0xFF,0x00,0x00,0x00,0x00,
    731          /* 功 */
    732          0x00,0x08,0x08,0x08,0xF8,0x08,0x08,0x08,0x10,0x10,0xFF,0x10,0x10,0x10,0xF0,0x00,
    733          0x00,0x10,0x30,0x10,0x1F,0x08,0x88,0x48,0x30,0x0E,0x01,0x40,0x80,0x40,0x3F,0x00,
    734          /* 有 */
    735          0x04,0x04,0x04,0x84,0xE4,0x3C,0x27,0x24,0x24,0x24,0x24,0xE4,0x04,0x04,0x04,0x00,
    736          0x04,0x02,0x01,0x00,0xFF,0x09,0x09,0x09,0x09,0x49,0x89,0x7F,0x00,0x00,0x00,0x00,
    737          /* 无 */
    738          0x00,0x00,0x40,0x42,0x42,0x42,0xC2,0x7E,0x42,0xC2,0x42,0x42,0x42,0x40,0x40,0x00,
    739          0x00,0x80,0x40,0x20,0x10,0x0C,0x03,0x00,0x00,0x3F,0x40,0x40,0x40,0x40,0x70,0x00,
    740          /* 二 */
    741          0x00,0x00,0x08,0x08,0x08,0x08,0x08,0x08,0x08,0x08,0x08,0x08,0x08,0x00,0x00,0x00,
    742          0x10,0x10,0x10,0x10,0x10,0x10,0x10,0x10,0x10,0x10,0x10,0x10,0x10,0x10,0x10,0x00,
    743          /* 三 */
    744          0x00,0x04,0x84,0x84,0x84,0x84,0x84,0x84,0x84,0x84,0x84,0x84,0x84,0x04,0x00,0x00,
    745          0x20,0x20,0x20,0x20,0x20,0x20,0x20,0x20,0x20,0x20,0x20,0x20,0x20,0x20,0x20,0x00,
    746          /* 关 */
    747          0x00,0x00,0x10,0x11,0x16,0x10,0x10,0xF0,0x10,0x10,0x14,0x13,0x10,0x00,0x00,0x00,
    748          0x81,0x81,0x41,0x41,0x21,0x11,0x0D,0x03,0x0D,0x11,0x21,0x41,0x41,0x81,0x81,0x00,
    749          /* 败 */
    750          0x00,0xFE,0x02,0xFA,0x02,0xFE,0x40,0x20,0xD8,0x17,0x10,0x10,0xF0,0x10,0x10,0x00,
    751          0x80,0x47,0x30,0x0F,0x10,0x67,0x80,0x40,0x21,0x16,0x08,0x16,0x21,0x40,0x80,0x00,
    752          /* 进 */
    753          0x80,0x80,0x84,0x98,0x00,0x00,0x10,0x10,0xFE,0x10,0x10,0xFE,0x10,0x10,0x00,0x00,
    754          0x00,0x80,0x40,0x3F,0x40,0x81,0xA1,0x99,0x87,0x81,0x81,0xBF,0x81,0x81,0x81,0x00,
    755          /* 内 */
    756          0x00,0xF8,0x08,0x08,0x08,0x08,0x88,0x7F,0x88,0x08,0x08,0x08,0x08,0xF8,0x00,0x00,
    757          0x00,0xFF,0x00,0x08,0x04,0x02,0x01,0x00,0x00,0x01,0x02,0x4C,0x80,0x7F,0x00,0x00,
    758          /* 恢 */
    759          0x00,0xE0,0x00,0xFF,0x10,0x20,0x08,0x88,0x78,0x0F,0x08,0xE8,0x08,0x08,0x88,0x00,
    760          0x01,0x00,0x00,0xFF,0x00,0x10,0x0C,0x83,0x44,0x23,0x18,0x07,0x18,0x62,0x81,0x00,
    761          /* 复 */
    762          0x20,0x10,0x08,0xF7,0x54,0x54,0x54,0x54,0x54,0x54,0x54,0xF4,0x04,0x04,0x00,0x00,
    763          0x80,0x90,0x90,0x49,0x4D,0x57,0x25,0x25,0x25,0x55,0x4D,0x45,0x80,0x80,0x80,0x00,
    764          /* 逻 */
    765          0x40,0x42,0xCC,0x00,0x00,0x1E,0x92,0x52,0x7E,0x52,0x5E,0x52,0xD2,0x1E,0x00,0x00,
    766          0x40,0x20,0x1F,0x20,0x50,0x51,0x50,0x49,0x4A,0x44,0x42,0x41,0x40,0x40,0x40,0x00,
    767          /* 辑 */
    768          0xC8,0xB8,0x8F,0xE8,0x88,0xC8,0x40,0xDE,0x52,0x52,0x52,0x52,0xDE,0x40,0x40,0x00,
    769          0x08,0x18,0x08,0xFF,0x04,0x24,0x20,0x3F,0x25,0x25,0x15,0x15,0xFF,0x10,0x10,0x00,
    770          /* 刀 */
    771          0x00,0x00,0x00,0x02,0x02,0x02,0x02,0xFE,0x02,0x02,0x02,0x02,0x02,0xFE,0x00,0x00,
    772          0x00,0x00,0x40,0x20,0x10,0x0C,0x03,0x00,0x00,0x00,0x20,0x40,0x20,0x1F,0x00,0x00,
    773          /* 容 */
    774          0x10,0x0C,0x44,0x24,0x14,0x84,0x45,0x26,0x44,0x84,0x14,0x24,0x44,0x14,0x0C,0x00,
    775          0x04,0x04,0x02,0xFE,0x45,0x44,0x44,0x44,0x44,0x44,0x45,0xFE,0x02,0x04,0x04,0x00,
    776          /* 不 */
    777          0x00,0x00,0x02,0x02,0x02,0x02,0x82,0x42,0xF2,0x0E,0x42,0x82,0x02,0x02,0x02,0x00,
    778          0x00,0x10,0x08,0x04,0x02,0x01,0x00,0x00,0xFF,0x00,0x00,0x00,0x01,0x02,0x0C,0x00,
    779          /* 平 */
    780          0x00,0x02,0x02,0x12,0x62,0x02,0x02,0xFE,0x02,0x02,0x42,0x32,0x02,0x02,0x00,0x00,
    781          0x01,0x01,0x01,0x01,0x01,0x01,0x01,0xFF,0x01,0x01,0x01,0x01,0x01,0x01,0x01,0x00,
    782          /* 衡 */
    783          0x10,0x88,0xC4,0x23,0x08,0xF4,0x93,0xF2,0x9A,0xF6,0x00,0x40,0x44,0xC4,0x44,0x00,
    784          0x01,0x00,0xFF,0x00,0x10,0x97,0x54,0x3F,0x54,0x97,0x10,0x40,0x80,0x7F,0x00,0x00,
    785          /* 刻 */
    786          0x00,0x08,0x88,0xC8,0xA9,0x9A,0x88,0x88,0x68,0x08,0x00,0xF8,0x00,0x00,0xFF,0x00,
    787          0x00,0x90,0x90,0x48,0x24,0x12,0x19,0x24,0x42,0x80,0x00,0x0F,0x40,0x80,0x7F,0x00,
    788          /* 显 */
    789          0x00,0x00,0x00,0xFE,0x92,0x92,0x92,0x92,0x92,0x92,0x92,0xFE,0x00,0x00,0x00,0x00,
    790          0x40,0x42,0x44,0x58,0x40,0x7F,0x40,0x40,0x40,0x7F,0x40,0x50,0x48,0x46,0x40,0x00,
    791          /* 示 */
    792          0x40,0x40,0x42,0x42,0x42,0x42,0x42,0xC2,0x42,0x42,0x42,0x42,0x42,0x40,0x40,0x00,
    793          0x20,0x10,0x08,0x06,0x00,0x40,0x80,0x7F,0x00,0x00,0x00,0x02,0x04,0x08,0x30,0x00,
    794          /* 追 */
    795          0x80,0x80,0x84,0x98,0x00,0x00,0xF8,0x48,0x48,0x4C,0x4A,0x48,0x48,0x78,0x00,0x00,
    796          0x00,0x80,0x40,0x3F,0x40,0x80,0xBF,0x92,0x92,0x92,0x92,0x92,0x92,0x92,0xBE,0x00,
    797          /* 忆 */
    798          0x00,0xE0,0x00,0xFF,0x10,0x20,0x04,0x04,0x84,0x44,0x24,0x14,0x0C,0x04,0x00,0x00,
    799          0x01,0x00,0x00,0xFF,0x00,0x00,0x38,0x46,0x41,0x40,0x40,0x40,0x40,0x40,0x78,0x00,
    800          /* 设 */
    801          0x40,0x40,0x42,0xCC,0x00,0x40,0xA0,0x9E,0x82,0x82,0x82,0x9E,0xA0,0x20,0x20,0x00,
    802          0x00,0x00,0x00,0x3F,0x90,0x88,0x40,0x43,0x2C,0x10,0x28,0x46,0x41,0x80,0x80,0x00,
    803          /* 通 */
    804          0x40,0x42,0xCC,0x00,0x00,0xE2,0x22,0x2A,0x2A,0xF2,0x2A,0x26,0x22,0xE0,0x00,0x00,
    805          0x80,0x40,0x3F,0x40,0x80,0xFF,0x89,0x89,0x89,0xBF,0x89,0xA9,0xC9,0xBF,0x80,0x00,
    806          /* 讯 */
    807          0x40,0x40,0x42,0xCC,0x00,0x82,0x82,0xFE,0x82,0x82,0x02,0xFE,0x00,0x00,0x00,0x00,
    808          0x00,0x00,0x00,0x7F,0x20,0x10,0x00,0xFF,0x00,0x00,0x00,0x0F,0x30,0x40,0xF8,0x00,
    809          /* 试 */
    810          0x40,0x40,0x42,0xCC,0x00,0x90,0x90,0x90,0x90,0x90,0xFF,0x10,0x11,0x16,0x10,0x00,
    811          0x00,0x00,0x00,0x3F,0x10,0x28,0x60,0x3F,0x10,0x10,0x01,0x0E,0x30,0x40,0xF0,0x00,
    812          /* 息 */
    813          0x00,0x00,0x00,0xF8,0xA8,0xA8,0xAC,0xAA,0xA8,0xA8,0xA8,0xF8,0x00,0x00,0x00,0x00,
    814          0x80,0x60,0x00,0x07,0x72,0x82,0x82,0x8A,0xB2,0x82,0x82,0xE7,0x00,0x10,0x60,0x00,
    815          /* 查 */
    816          0x80,0x88,0x48,0x48,0x28,0x18,0x08,0xFE,0x08,0x18,0x28,0x48,0x48,0x88,0x80,0x00,
    817          0x80,0x80,0x80,0xBF,0x95,0x95,0x95,0x95,0x95,0x95,0x95,0xBF,0x80,0x80,0x80,0x00,
    818          /* 看 */
    819          0x20,0x22,0x2A,0x2A,0xAA,0x6A,0x3A,0x2E,0x29,0x29,0x29,0x29,0x29,0x20,0x20,0x00,
    820          0x08,0x04,0x02,0x01,0xFF,0x55,0x55,0x55,0x55,0x55,0x55,0xFF,0x00,0x00,0x00,0x00,
    821          /* 量 */
    822          0x20,0x20,0x20,0xBE,0xAA,0xAA,0xAA,0xAA,0xAA,0xAA,0xAA,0xBE,0x20,0x20,0x20,0x00,
    823          0x00,0x80,0x80,0xAF,0xAA,0xAA,0xAA,0xFF,0xAA,0xAA,0xAA,0xAF,0x80,0x80,0x00,0x00,
    824          /* 漂 */
    825          0x20,0xC2,0x0C,0x80,0x02,0x7A,0x4A,0x4A,0x7E,0x4A,0x7E,0x4A,0x4A,0x7A,0x02,0x00,
    826          0x04,0x04,0x7E,0x01,0x44,0x25,0x15,0x45,0x85,0x7D,0x05,0x05,0x15,0x25,0x44,0x00,
    827          /* 道 */
    828          0x80,0x80,0x84,0x98,0x00,0x10,0xD2,0x54,0x70,0x50,0x50,0x54,0xD2,0x10,0x00,0x00,
    829          0x00,0x80,0x40,0x3F,0x40,0x80,0xBF,0x95,0x95,0x95,0x95,0x95,0xBF,0x80,0x80,0x00,
    830          /* 幅 */
    831          0x00,0xF8,0x08,0xFF,0x08,0xF8,0x00,0x02,0x7A,0x4A,0x4A,0x4A,0x7A,0x02,0x02,0x00,
    832          0x00,0x0F,0x00,0xFF,0x08,0x0F,0x00,0xFF,0x49,0x49,0x7F,0x49,0x49,0xFF,0x00,0x00,
    833          /* 角 */
    834          0x00,0x20,0x10,0xE8,0x24,0x27,0x24,0x24,0xE4,0x24,0x34,0x2C,0x20,0xE0,0x00,0x00,
    835          0x00,0x80,0x60,0x1F,0x09,0x09,0x09,0x09,0x7F,0x09,0x09,0x49,0x89,0x7F,0x00,0x00,
    836          /* 纲 */
    837          0x00,0x20,0x30,0xAC,0x63,0x30,0x00,0xFE,0x02,0x12,0x22,0xC2,0x32,0x02,0xFE,0x00,
    838          0x00,0x22,0x67,0x22,0x12,0x12,0x00,0xFF,0x08,0x04,0x03,0x00,0x47,0x80,0x7F,0x00,
    839          /* 返 */
    840          0x80,0x80,0x84,0x98,0x00,0x00,0xF8,0x48,0x48,0x48,0x44,0x44,0x46,0xC4,0x00,0x00,
    841          0x00,0x80,0x40,0x3F,0x40,0xB0,0x8F,0xA0,0x91,0x8A,0x84,0x8A,0x91,0xA0,0x80,0x00,
    842          /* 记 */
    843          0x40,0x40,0x42,0xCC,0x00,0x00,0x00,0x84,0x84,0x84,0x84,0x84,0xFC,0x00,0x00,0x00,
    844          0x00,0x00,0x00,0x7F,0x20,0x10,0x00,0x3F,0x40,0x40,0x40,0x40,0x41,0x40,0x70,0x00,
    845          /* 录 */
    846          0x80,0x80,0x82,0x92,0x92,0x92,0x92,0x92,0x92,0x92,0x92,0xFE,0x80,0x80,0x80,0x00,
    847          0x40,0x40,0x22,0x24,0x10,0x48,0x80,0x7F,0x04,0x08,0x18,0x24,0x22,0x40,0x40,0x00,
    848          /* 删 */
    849          0x80,0xFE,0x82,0x82,0xFE,0x80,0xFE,0x82,0x82,0xFE,0x80,0x00,0xF8,0x00,0xFF,0x00,
    850          0x40,0x3F,0x00,0x20,0xBF,0x40,0x3F,0x40,0x80,0x7F,0x00,0x00,0x4F,0x80,0x7F,0x00,
    851          /* 除 */
    852          0x00,0xFE,0x22,0x5A,0x86,0x20,0x10,0x28,0x24,0xE3,0x24,0x28,0x10,0x20,0x20,0x00,
    853          0x00,0xFF,0x04,0x08,0x27,0x11,0x0D,0x41,0x81,0x7F,0x01,0x05,0x09,0x31,0x00,0x00,
    854          /* 件 */
    855          0x00,0x80,0x60,0xF8,0x07,0x80,0x60,0x1C,0x10,0x10,0xFF,0x10,0x10,0x10,0x00,0x00,
    856          0x01,0x00,0x00,0xFF,0x00,0x02,0x02,0x02,0x02,0x02,0xFF,0x02,0x02,0x02,0x02,0x00,
    857          /* 条 */
    858          0x80,0x90,0x90,0x48,0x4C,0x57,0x24,0xE4,0x24,0x54,0x4C,0x44,0x80,0x80,0x80,0x00,
    859          0x00,0x42,0x22,0x12,0x0A,0x42,0x82,0x7F,0x02,0x02,0x0A,0x12,0x22,0x42,0x00,0x00,
    860          /* 请 */
    861          0x40,0x42,0xCC,0x00,0x00,0x44,0x54,0x54,0x54,0x7F,0x54,0x54,0x54,0x44,0x40,0x00,
    862          0x00,0x00,0x7F,0x20,0x10,0x00,0xFF,0x15,0x15,0x15,0x55,0x95,0x7F,0x00,0x00,0x00,
    863          /* 输 */
    864          0x88,0x68,0x1F,0xC8,0x08,0x10,0xC8,0x54,0x52,0xD1,0x12,0x94,0x08,0xD0,0x10,0x00,
    865          0x09,0x19,0x09,0xFF,0x05,0x00,0xFF,0x12,0x92,0xFF,0x00,0x5F,0x80,0x7F,0x00,0x00,
    866          /* 发 */
    867          0x00,0x00,0x18,0x16,0x10,0xD0,0xB8,0x97,0x90,0x90,0x90,0x92,0x94,0x10,0x00,0x00,
    868          0x00,0x20,0x10,0x8C,0x83,0x80,0x41,0x46,0x28,0x10,0x28,0x44,0x43,0x80,0x80,0x00,
    869          /* 生 */
    870          0x00,0x80,0x60,0x3C,0x20,0x20,0x20,0xFE,0x20,0x20,0x20,0x20,0x20,0x20,0x00,0x00,
    871          0x81,0x80,0x84,0x84,0x84,0x84,0x84,0xFF,0x84,0x84,0x84,0x84,0x84,0x80,0x80,0x00,
    872          /* 消 */
    873          0x00,0x10,0x60,0x02,0x0C,0xC0,0x00,0xE2,0x2C,0x20,0x3F,0x20,0x28,0xE6,0x00,0x00,
    874          0x00,0x04,0x04,0x7C,0x03,0x00,0x00,0xFF,0x09,0x09,0x09,0x49,0x89,0x7F,0x00,0x00,
    875          /* 状 */
    876          0x00,0x08,0x30,0x00,0xFF,0x20,0x20,0x20,0x20,0xFF,0x20,0x20,0x22,0x2C,0x20,0x00,
    877          0x04,0x04,0x02,0x01,0xFF,0x80,0x40,0x30,0x0E,0x01,0x06,0x18,0x20,0x40,0x80,0x00,
    878          /* 态 */
    879          0x00,0x08,0x08,0x08,0x88,0x48,0xA8,0x1E,0x28,0x48,0x88,0x08,0x08,0x08,0x00,0x00,
    880          0x82,0x72,0x01,0x01,0x78,0x80,0x80,0x85,0x98,0x80,0x80,0xE1,0x09,0x12,0x62,0x00,
    881          /* 对 */
    882          0x00,0x08,0x48,0x88,0x08,0xC8,0x38,0x00,0x90,0x10,0x10,0xFF,0x10,0x10,0x10,0x00,
    883          0x00,0x20,0x10,0x0C,0x03,0x04,0x18,0x00,0x00,0x43,0x80,0x7F,0x00,0x00,0x00,0x00,
    884          /* 整 */
    885          0x04,0x74,0xD4,0x54,0xFF,0x54,0xD4,0x74,0x14,0x08,0x77,0x84,0x44,0x3C,0x04,0x00,
    886          0x82,0x89,0x88,0xE8,0x8B,0x88,0x88,0xF9,0xA8,0xAA,0xA9,0xA8,0xA9,0x8A,0x82,0x00,
    887          /* 切 */
    888          0x00,0x40,0x40,0x40,0xFF,0x20,0x20,0x20,0x04,0x04,0xFC,0x04,0x04,0x04,0xFC,0x00,
    889          0x00,0x00,0x00,0x00,0x1F,0x08,0x84,0x42,0x20,0x18,0x07,0x40,0x80,0x40,0x3F,0x00,
    890          /* 换 */
    891          0x10,0x10,0x10,0xFF,0x90,0x20,0x10,0xE8,0x27,0x24,0xE4,0x34,0x2C,0xE0,0x00,0x00,
    892          0x02,0x42,0x81,0x7F,0x00,0x84,0x84,0x47,0x24,0x1C,0x07,0x1C,0x24,0x47,0x84,0x00,
    893          /* 区 */
    894          0x00,0xFE,0x02,0x02,0x02,0x12,0x22,0x42,0x82,0x42,0x22,0x1A,0x02,0x02,0x00,0x00,
    895          0x00,0x7F,0x40,0x40,0x48,0x44,0x42,0x41,0x40,0x41,0x42,0x4C,0x40,0x40,0x40,0x00,
    896          /* 固 */
    897          0x00,0xFE,0x02,0x12,0x92,0x92,0x92,0xFE,0x92,0x92,0x92,0x12,0x02,0xFE,0x00,0x00,
    898          0x00,0xFF,0x40,0x40,0x5F,0x48,0x48,0x48,0x48,0x48,0x5F,0x40,0x40,0xFF,0x00,0x00,
    899          /* 化 */
    900          0x00,0x80,0x60,0xF8,0x07,0x00,0x00,0x00,0xFF,0x40,0x20,0x10,0x08,0x04,0x00,0x00,
    901          0x01,0x00,0x00,0xFF,0x00,0x04,0x02,0x01,0x3F,0x40,0x40,0x40,0x40,0x40,0x78,0x00,
    902          /* 成 */
    903          0x00,0x00,0xF8,0x88,0x88,0x88,0x88,0x08,0x08,0xFF,0x08,0x09,0x0A,0xC8,0x08,0x00,
    904          0x80,0x60,0x1F,0x00,0x10,0x20,0x1F,0x80,0x40,0x21,0x16,0x18,0x26,0x41,0xF8,0x00,
    905          /* 读 */
    906          0x40,0x40,0x42,0xCC,0x00,0x00,0x20,0x24,0xA4,0x24,0x3F,0xA4,0x24,0xA4,0x60,0x00,
    907          0x00,0x00,0x00,0x7F,0x20,0x10,0x88,0x8A,0x4C,0x29,0x18,0x0F,0x18,0x28,0xC8,0x00,
    908          /* 取 */
    909          0x02,0x02,0xFE,0x92,0x92,0x92,0xFE,0x02,0x06,0xFC,0x04,0x04,0x04,0xFC,0x00,0x00,
    910          0x08,0x18,0x0F,0x08,0x08,0x04,0xFF,0x04,0x84,0x40,0x27,0x18,0x27,0x40,0x80,0x00,
    911          /* 密 */
    912          0x10,0x8C,0x44,0x04,0xE4,0x04,0x95,0xA6,0x44,0x24,0x14,0x84,0x44,0x94,0x0C,0x00,
    913          0x02,0x02,0x7A,0x41,0x41,0x43,0x42,0x7E,0x42,0x42,0x42,0x43,0xF8,0x00,0x00,0x00,
    914          /* 码 */
    915          0x04,0x84,0xE4,0x5C,0x44,0xC4,0x00,0x02,0xF2,0x82,0x82,0x82,0xFE,0x80,0x80,0x00,
    916          0x02,0x01,0x7F,0x10,0x10,0x3F,0x00,0x08,0x08,0x08,0x08,0x48,0x88,0x40,0x3F,0x00,
    917          /* 名 */
    918          0x00,0x00,0x20,0x20,0x10,0x08,0x14,0x67,0x84,0x44,0x24,0x14,0x0C,0x00,0x00,0x00,
    919          0x00,0x04,0x04,0x04,0x02,0xFE,0x43,0x43,0x42,0x42,0x42,0x42,0x42,0xFE,0x00,0x00,
    920          /* 称 */
    921          0x24,0x24,0xA4,0xFE,0x23,0x22,0x40,0x30,0x0F,0x08,0xC8,0x08,0x08,0x28,0x18,0x00,
    922          0x08,0x06,0x01,0xFF,0x01,0x02,0x10,0x0C,0x43,0x80,0x7F,0x00,0x01,0x06,0x18,0x00,
    923          /* 系 */
    924          0x00,0x00,0x22,0x32,0x2A,0xA6,0xA2,0x62,0x21,0x11,0x09,0x81,0x01,0x00,0x00,0x00,
    925          0x00,0x42,0x22,0x13,0x0B,0x42,0x82,0x7E,0x02,0x02,0x0A,0x12,0x23,0x46,0x00,0x00,
    926          /* 统 */
    927          0x20,0x30,0xAC,0x63,0x30,0x00,0x88,0xC8,0xA8,0x99,0x8E,0x88,0xA8,0xC8,0x88,0x00,
    928          0x22,0x67,0x22,0x12,0x12,0x80,0x40,0x30,0x0F,0x00,0x00,0x3F,0x40,0x40,0x71,0x00,
    929          /* 钟 */
    930          0x00,0x20,0x10,0x2C,0xE7,0x24,0x24,0x00,0xF0,0x10,0x10,0xFF,0x10,0x10,0xF0,0x00,
    931          0x00,0x01,0x01,0x01,0x7F,0x21,0x11,0x00,0x07,0x02,0x02,0xFF,0x02,0x02,0x07,0x00,
    932          /* 准 */
    933          0x00,0x02,0x0C,0xE0,0x40,0x20,0xF8,0x4F,0x48,0x49,0xFE,0x48,0x48,0x48,0x08,0x00,
    934          0x04,0x04,0x7F,0x00,0x00,0x00,0xFF,0x22,0x22,0x22,0x3F,0x22,0x22,0x22,0x20,0x00,
    935          /* 液 */
    936          0x10,0x60,0x02,0x8C,0x00,0x84,0xE4,0x1C,0x05,0xC6,0xBC,0x24,0x24,0xE4,0x04,0x00,
    937          0x04,0x04,0x7E,0x01,0x00,0x00,0xFF,0x82,0x41,0x26,0x18,0x29,0x46,0x81,0x80,0x00,
    938          /* 晶 */
    939          0x00,0x00,0x00,0x00,0x7F,0x49,0x49,0x49,0x49,0x49,0x7F,0x00,0x00,0x00,0x00,0x00,
    940          0x00,0xFF,0x49,0x49,0x49,0x49,0xFF,0x00,0xFF,0x49,0x49,0x49,0x49,0xFF,0x00,0x00,
    941          /* 厂 */
    942          0x00,0x00,0xFE,0x02,0x02,0x02,0x02,0x02,0x02,0x02,0x02,0x02,0x02,0x02,0x02,0x00,
    943          0x80,0x60,0x1F,0x00,0x00,0x00,0x00,0x00,0x00,0x00,0x00,0x00,0x00,0x00,0x00,0x00,
    944          /* 秒 */
    945          0x24,0x24,0xA4,0xFE,0x23,0x22,0x00,0xC0,0x38,0x00,0xFF,0x00,0x08,0x10,0x60,0x00,
    946          0x08,0x06,0x01,0xFF,0x01,0x06,0x81,0x80,0x40,0x40,0x27,0x10,0x0C,0x03,0x00,0x00,
    947          /* 毫 */
    948          0x00,0x82,0x82,0xBA,0xAA,0xAA,0xAA,0xAB,0xAA,0xAA,0xAA,0xBA,0x82,0x82,0x80,0x00,
    949          0x02,0x41,0x54,0x54,0x54,0x54,0x7C,0xAA,0xAA,0xAA,0xAA,0xAA,0xA0,0x82,0xE1,0x00,
    950          /* 网 */
    951          0x00,0xFE,0x02,0x22,0x42,0x82,0x72,0x02,0x22,0x42,0x82,0x72,0x02,0xFE,0x00,0x00,
    952          0x00,0xFF,0x10,0x08,0x06,0x01,0x0E,0x10,0x08,0x06,0x01,0x4E,0x80,0x7F,0x00,0x00,
    953          /* 址 */
    954          0x40,0x40,0x40,0xFE,0x40,0x40,0x00,0xF0,0x00,0x00,0xFE,0x80,0x80,0x80,0x00,0x00,
    955          0x20,0x60,0x20,0x1F,0x10,0x90,0x80,0xFF,0x80,0x80,0xFF,0x80,0x80,0x80,0x80,0x00,
    956          /* 误 */
    957          0x40,0x42,0xCC,0x00,0x00,0x80,0x9E,0x92,0x92,0x92,0x92,0x92,0x9E,0x80,0x00,0x00,
    958          0x00,0x00,0x7F,0x20,0x94,0x84,0x44,0x24,0x14,0x0F,0x14,0x24,0x44,0x84,0x84,0x00,
    959          /* 规 */
    960          0x80,0x88,0x88,0xFF,0x88,0x88,0x80,0xFE,0x02,0x02,0xF2,0x02,0x02,0xFE,0x00,0x00,
    961          0x40,0x20,0x18,0x07,0x08,0xB0,0x40,0x23,0x18,0x06,0x01,0x7E,0x80,0x83,0xE0,0x00,
    962          /* 约 */
    963          0x00,0x20,0x30,0xAC,0x63,0x20,0x18,0x20,0x90,0x0C,0x0B,0x08,0x08,0x08,0xF8,0x00,
    964          0x00,0x22,0x67,0x22,0x12,0x12,0x12,0x00,0x00,0x01,0x06,0x40,0x80,0x40,0x3F,0x00,
    965          /* 上 */
    966          0x00,0x00,0x00,0x00,0x00,0x00,0xFE,0x80,0x80,0x80,0x80,0x80,0x80,0x00,0x00,0x00,
    967          0x80,0x80,0x80,0x80,0x80,0x80,0xFF,0x80,0x80,0x80,0x80,0x80,0x80,0x80,0x80,0x00,
    968          /* 送 */
    969          0x80,0x80,0x84,0x98,0x00,0x10,0x12,0x1C,0x10,0xF0,0x10,0x18,0x16,0x10,0x00,0x00,
    970          0x00,0x80,0x40,0x3F,0x40,0x81,0xA1,0x91,0x8D,0x83,0x85,0x89,0xB1,0x81,0x81,0x00,
    971          /* 南 */
    972          0x04,0xE4,0x24,0x24,0x64,0xA4,0x24,0x3F,0x24,0xA4,0x64,0x24,0x24,0xE4,0x04,0x00,
    973          0x00,0xFF,0x00,0x08,0x09,0x09,0x09,0x7F,0x09,0x09,0x09,0x48,0x80,0x7F,0x00,0x00,
    974          /* 新 */
    975          0x40,0x44,0x54,0x65,0xC6,0x64,0x54,0x44,0x00,0xFC,0x44,0x44,0xC4,0x42,0x40,0x00,
    976          0x20,0x12,0x4A,0x82,0x7F,0x02,0x0A,0x92,0x60,0x1F,0x00,0x00,0xFF,0x00,0x00,0x00,
    977          /* 直 */
    978          0x00,0x08,0x08,0xE8,0x28,0x28,0x28,0x3E,0x28,0x28,0x28,0xE8,0x08,0x08,0x00,0x00,
    979          0x80,0x80,0x80,0xFF,0x95,0x95,0x95,0x95,0x95,0x95,0x95,0xFF,0x80,0x80,0x80,0x00,
    980          /* 型 */
    981          0x40,0x44,0x44,0xFC,0x44,0x44,0xFC,0x44,0x44,0x00,0xF8,0x00,0x00,0xFE,0x00,0x00,
    982          0x88,0x84,0x93,0x90,0x90,0x90,0x93,0xFC,0x90,0x90,0x90,0x92,0x94,0x83,0x80,0x00,
    983          /* 语 */
    984          0x40,0x42,0xCC,0x00,0x00,0x82,0x92,0x92,0xF2,0x9E,0x92,0x92,0xF2,0x82,0x80,0x00,
    985          0x00,0x00,0x7F,0x20,0x10,0x00,0xFC,0x44,0x44,0x44,0x44,0x44,0xFC,0x00,0x00,0x00,
    986          /* 言 */
    987          0x04,0x04,0x24,0x24,0x24,0x24,0x25,0x26,0x24,0x24,0x24,0x24,0x24,0x04,0x04,0x00,
    988          0x00,0x00,0xF9,0x49,0x49,0x49,0x49,0x49,0x49,0x49,0x49,0x49,0xF9,0x00,0x00,0x00,
    989          /* 中 */
    990          0x00,0x00,0xF0,0x10,0x10,0x10,0x10,0xFF,0x10,0x10,0x10,0x10,0xF0,0x00,0x00,0x00,
    991          0x00,0x00,0x0F,0x04,0x04,0x04,0x04,0xFF,0x04,0x04,0x04,0x04,0x0F,0x00,0x00,0x00,
    992          /* 文 */
    993          0x08,0x08,0x08,0x38,0xC8,0x08,0x09,0x0E,0x08,0x08,0xC8,0x38,0x08,0x08,0x08,0x00,
    994          0x80,0x80,0x40,0x40,0x20,0x11,0x0A,0x04,0x0A,0x11,0x20,0x40,0x40,0x80,0x80,0x00,
    995          /* 费 */
    996          0x00,0x02,0x3A,0xAA,0x6A,0x3F,0x2A,0x2A,0x2A,0xFF,0x2A,0xAA,0x2E,0xE0,0x00,0x00,
    997          0x00,0x02,0x81,0x9E,0x42,0x42,0x22,0x1A,0x22,0x22,0x42,0x5E,0x81,0x00,0x00,0x00,
    998          /* 效 */
    999          0x88,0x48,0x28,0x09,0x0A,0x28,0x48,0x88,0x80,0x70,0x8F,0x08,0x08,0xF8,0x08,0x00,
   1000          0x40,0x20,0x11,0x0A,0x04,0x0B,0x30,0x80,0x40,0x20,0x13,0x0C,0x33,0x40,0x80,0x00,
   1001          /* 已 */
   1002          0x00,0x00,0xE2,0x82,0x82,0x82,0x82,0x82,0x82,0x82,0x82,0xFE,0x00,0x00,0x00,0x00,
   1003          0x00,0x00,0x3F,0x40,0x40,0x40,0x40,0x40,0x40,0x40,0x40,0x40,0x40,0x78,0x00,0x00,
   1004          /* 缴 */
   1005          0x20,0x38,0xE7,0x30,0x00,0x7C,0xD6,0x55,0x54,0x7C,0x20,0xD8,0x17,0xF0,0x10,0x00,
   1006          0x22,0x27,0x12,0x12,0x80,0x62,0x1E,0x4B,0x8A,0x7A,0x80,0x67,0x18,0x67,0x80,0x00,
   1007          /* 期 */
   1008          0x00,0x00,0x04,0xFF,0x24,0x24,0x24,0xFF,0x04,0x00,0xFE,0x22,0x22,0x22,0xFE,0x00,
   1009          0x00,0x88,0x48,0x2F,0x09,0x09,0x19,0xAF,0x48,0x30,0x0F,0x02,0x42,0x82,0x7F,0x00,
   1010          /* 将 */
   1011          0x00,0x08,0x30,0x00,0xFF,0x00,0x88,0x84,0x53,0x22,0x12,0xCA,0x06,0x00,0x00,0x00,
   1012          0x04,0x04,0x02,0x01,0xFF,0x00,0x02,0x0A,0x12,0x42,0x82,0x7F,0x02,0x02,0x02,0x00,
   1013          /* 尽 */
   1014          0x00,0x00,0x00,0xFE,0x22,0x22,0x22,0x22,0x22,0xE2,0x22,0x22,0x7E,0x00,0x00,0x00,
   1015          0x10,0x08,0x06,0x01,0x10,0x10,0x22,0x22,0x44,0x80,0x01,0x02,0x04,0x08,0x08,0x00,
   1016          /* 快 */
   1017          0x00,0xE0,0x00,0xFF,0x10,0x20,0x08,0x08,0x08,0xFF,0x08,0x08,0xF8,0x00,0x00,0x00,
   1018          0x01,0x00,0x00,0xFF,0x00,0x81,0x41,0x31,0x0D,0x03,0x0D,0x31,0x41,0x81,0x81,0x00,
   1019          /* 运 */
   1020          0x40,0x40,0x42,0xCC,0x00,0x20,0x22,0x22,0xA2,0x62,0x22,0x22,0x22,0x20,0x00,0x00,
   1021          0x00,0x40,0x20,0x1F,0x20,0x44,0x4E,0x45,0x44,0x44,0x44,0x45,0x46,0x4C,0x40,0x00,
   1022          /* 行 */
   1023          0x00,0x10,0x88,0xC4,0x33,0x00,0x40,0x42,0x42,0x42,0xC2,0x42,0x42,0x42,0x40,0x00,
   1024          0x02,0x01,0x00,0xFF,0x00,0x00,0x00,0x00,0x40,0x80,0x7F,0x00,0x00,0x00,0x00,0x00,
   1025          /* 初 */
   1026          0x00,0x08,0x08,0x89,0xEA,0x18,0x88,0x00,0x04,0x04,0xFC,0x04,0x04,0x04,0xFC,0x00,
   1027          0x00,0x02,0x01,0x00,0xFF,0x01,0x86,0x40,0x20,0x18,0x07,0x40,0x80,0x40,0x3F,0x00,
   1028          /* 始 */
   1029          0x10,0x10,0xF0,0x1F,0x10,0xF0,0x00,0x40,0xE0,0x58,0x47,0x40,0x50,0x60,0xC0,0x00,
   1030          0x40,0x22,0x15,0x08,0x16,0x21,0x00,0x00,0xFE,0x42,0x42,0x42,0x42,0xFE,0x00,0x00,
   1031          /* 是 */
   1032          0x00,0x00,0x00,0x7F,0x49,0x49,0x49,0x49,0x49,0x49,0x49,0x7F,0x00,0x00,0x00,0x00,
   1033          0x81,0x41,0x21,0x1D,0x21,0x41,0x81,0xFF,0x89,0x89,0x89,0x89,0x89,0x81,0x81,0x00,
   1034          /* 否 */
   1035          0x00,0x02,0x82,0x82,0x42,0x22,0x12,0xFA,0x06,0x22,0x22,0x42,0x42,0x82,0x00,0x00,
   1036          0x01,0x01,0x00,0xFC,0x44,0x44,0x44,0x45,0x44,0x44,0x44,0xFC,0x00,0x00,0x01,0x00,
   1037          /* 主 */
   1038          0x00,0x10,0x10,0x10,0x10,0x10,0x12,0xF4,0x10,0x10,0x10,0x10,0x10,0x10,0x00,0x00,
   1039          0x80,0x80,0x82,0x82,0x82,0x82,0x82,0xFF,0x82,0x82,0x82,0x82,0x82,0x80,0x80,0x00,
   1040          /* 菜 */
   1041          0x04,0x04,0x44,0xC4,0x4F,0x44,0x44,0xC4,0x24,0x24,0x2F,0xB4,0x24,0x04,0x04,0x00,
   1042          0x40,0x44,0x24,0x24,0x15,0x0C,0x04,0xFE,0x04,0x0C,0x15,0x24,0x24,0x44,0x40,0x00,
   1043          /* 键 */
   1044          0x80,0x60,0xDE,0x48,0x48,0x00,0xC8,0x38,0x20,0xA8,0xA8,0xFE,0xA8,0xF8,0x20,0x00,
   1045          0x02,0x02,0xFF,0x42,0xA2,0x4D,0x31,0x4F,0x88,0x8A,0x8A,0xBF,0x8A,0x8A,0x88,0x00,
   1046          /* 卡 */
   1047          0x40,0x40,0x40,0x40,0x40,0x40,0xFF,0x44,0x44,0x44,0x44,0x44,0x44,0x40,0x40,0x00,
   1048          0x00,0x00,0x00,0x00,0x00,0x00,0xFF,0x00,0x00,0x02,0x04,0x08,0x10,0x00,0x00,0x00,
   1049          /* 住 */
   1050          0x00,0x80,0x60,0xF8,0x07,0x08,0x08,0x08,0x09,0xFA,0x08,0x08,0x08,0x08,0x00,0x00,
   1051          0x01,0x00,0x00,0xFF,0x40,0x41,0x41,0x41,0x41,0x7F,0x41,0x41,0x41,0x41,0x40,0x00,
   1052          /* 确 */
   1053          0x04,0x84,0xE4,0x5C,0x44,0xC4,0x20,0x10,0xE8,0x27,0x24,0xE4,0x34,0x2C,0xE0,0x00,
   1054          0x02,0x01,0x7F,0x10,0x10,0x3F,0x80,0x60,0x1F,0x09,0x09,0x3F,0x49,0x89,0x7F,0x00,
   1055          /* 认 */
   1056          0x40,0x40,0x42,0xCC,0x00,0x00,0x00,0x00,0x00,0xFF,0x00,0x00,0x00,0x00,0x00,0x00,
   1057          0x00,0x00,0x00,0x3F,0x90,0x48,0x20,0x18,0x07,0x00,0x07,0x18,0x20,0x40,0x80,0x00,
   1058          /* 右 */
   1059          0x08,0x08,0x08,0x08,0xC8,0x38,0x0F,0x08,0x08,0x08,0x08,0x08,0x08,0x08,0x08,0x00,
   1060          0x08,0x04,0x02,0x01,0xFF,0x41,0x41,0x41,0x41,0x41,0x41,0x41,0xFF,0x00,0x00,0x00,
   1061          /* 下 */
   1062          0x02,0x02,0x02,0x02,0x02,0x02,0xFE,0x02,0x02,0x42,0x82,0x02,0x02,0x02,0x02,0x00,
   1063          0x00,0x00,0x00,0x00,0x00,0x00,0xFF,0x00,0x00,0x00,0x00,0x01,0x06,0x00,0x00,0x00,
   1064          /* 左 */
   1065          0x10,0x10,0x10,0x10,0x10,0xF0,0x1E,0x10,0x10,0x10,0x10,0x10,0x10,0x10,0x10,0x00,
   1066          0x40,0x20,0x90,0x8C,0x83,0x82,0x82,0x82,0xFE,0x82,0x82,0x82,0x82,0x80,0x80,0x00,
   1067          /* 归 */
   1068          0x00,0xFC,0x00,0x00,0xFF,0x00,0x04,0x84,0x84,0x84,0x84,0x84,0x84,0xFC,0x00,0x00,
   1069          0x00,0x87,0x40,0x30,0x0F,0x00,0x20,0x20,0x20,0x20,0x20,0x20,0x20,0x7F,0x00,0x00,
   1070          /* 修 */
   1071          0x40,0x20,0xF8,0x07,0xF0,0xA0,0x90,0x4C,0x57,0x24,0xA4,0x54,0x4C,0x80,0x80,0x00,
   1072          0x00,0x00,0xFF,0x00,0x1F,0x80,0x92,0x52,0x49,0x29,0x24,0x12,0x08,0x00,0x00,0x00,
   1073          /* 改 */
   1074          0x04,0x84,0x84,0x84,0x84,0xFC,0x40,0x30,0xCC,0x0B,0x08,0x08,0xF8,0x08,0x08,0x00,
   1075          0x00,0x7F,0x20,0x10,0x10,0x08,0x80,0x40,0x21,0x16,0x08,0x16,0x21,0x40,0x80,0x00,
   1076          /* 代 */
   1077          0x00,0x80,0x60,0xF8,0x07,0x20,0x20,0x20,0x7F,0xA0,0x10,0x11,0x16,0x10,0x10,0x00,
   1078          0x01,0x00,0x00,0xFF,0x00,0x00,0x00,0x00,0x00,0x03,0x0C,0x10,0x20,0x40,0xF8,0x00,
   1079          /* 基 */
   1080          0x00,0x04,0x04,0x04,0xFF,0x54,0x54,0x54,0x54,0x54,0xFF,0x04,0x04,0x04,0x00,0x00,
   1081          0x11,0x11,0x89,0x85,0x93,0x91,0x91,0xFD,0x91,0x91,0x93,0x85,0x89,0x11,0x11,0x00,
   1082          /* 类 */
   1083          0x00,0x10,0x10,0x92,0x54,0x30,0x10,0xFF,0x10,0x30,0x54,0x92,0x10,0x10,0x00,0x00,
   1084          0x84,0x85,0x45,0x44,0x24,0x14,0x0C,0x06,0x0C,0x14,0x24,0x44,0x45,0x84,0x84,0x00,
   1085          /* 务 */
   1086          0x00,0x00,0x90,0x88,0x4C,0x57,0xA4,0x24,0x54,0x54,0x8C,0x84,0x00,0x00,0x00,0x00,
   1087          0x01,0x01,0x80,0x42,0x22,0x1A,0x07,0x02,0x42,0x82,0x42,0x3E,0x01,0x01,0x01,0x00,
   1088          /* 必 */
   1089          0x00,0x00,0xC0,0x00,0xE0,0x02,0x04,0x18,0x00,0xC0,0x30,0x0C,0x40,0x80,0x00,0x00,
   1090          0x08,0x86,0x41,0x20,0x3F,0x48,0x44,0x42,0x41,0x40,0x40,0x78,0x00,0x01,0x0E,0x00,
   1091          /* 按 */
   1092          0x10,0x10,0x10,0xFF,0x90,0x20,0x98,0x88,0x88,0xE9,0x8E,0x88,0x88,0xA8,0x98,0x00,
   1093          0x02,0x42,0x81,0x7F,0x00,0x00,0x80,0x84,0x4B,0x28,0x10,0x28,0x47,0x80,0x00,0x00,
   1094          /* 可 */
   1095          0x00,0x02,0x02,0xF2,0x12,0x12,0x12,0xF2,0x02,0x02,0x02,0xFE,0x02,0x02,0x02,0x00,
   1096          0x00,0x00,0x00,0x0F,0x04,0x04,0x04,0x0F,0x00,0x40,0x80,0x7F,0x00,0x00,0x00,0x00,
   1097          /* 以 */
   1098          0x00,0xFC,0x00,0x00,0x02,0x04,0x18,0x00,0x00,0x80,0x7F,0x00,0x00,0x00,0x00,0x00,
   1099          0x00,0x3F,0x10,0x08,0x84,0x40,0x20,0x10,0x0C,0x03,0x08,0x10,0x20,0xC0,0x00,0x00,
   1100          /* 调 */
   1101          0x00,0x40,0x42,0xCC,0x00,0x00,0xFE,0x82,0x92,0x92,0xFE,0x92,0x92,0x82,0xFE,0x00,
   1102          0x00,0x00,0x00,0x3F,0x10,0x88,0x7F,0x00,0x1E,0x12,0x12,0x12,0x5E,0x80,0x7F,0x00,
   1103          /* 节 */
   1104          0x04,0x44,0x44,0x44,0x5F,0x44,0xC4,0x44,0x44,0x44,0x5F,0x44,0xC4,0x04,0x04,0x00,
   1105          0x00,0x00,0x00,0x00,0x00,0x00,0xFF,0x00,0x00,0x08,0x10,0x08,0x07,0x00,0x00,0x00,
   1106          /* 并 */
   1107          0x00,0x10,0x10,0x11,0xF6,0x10,0x10,0x10,0x10,0x10,0xF4,0x13,0x10,0x10,0x00,0x00,
   1108          0x02,0x82,0x42,0x32,0x0F,0x02,0x02,0x02,0x02,0x02,0xFF,0x02,0x02,0x02,0x02,0x00,
   1109          /* 继 */
   1110          0x40,0x60,0x58,0xC6,0x20,0x00,0xFC,0x90,0xA0,0x80,0xFE,0x80,0xA0,0x90,0x00,0x00,
   1111          0x44,0xCE,0x45,0x24,0x24,0x00,0xFF,0x88,0x84,0x82,0xFF,0x82,0x84,0x88,0x80,0x00,
   1112          /* 软 */
   1113          0x08,0xC8,0xB8,0x8F,0xE8,0x88,0x88,0x40,0x30,0x0F,0xC8,0x08,0x28,0x18,0x00,0x00,
   1114          0x08,0x18,0x08,0x08,0xFF,0x04,0x84,0x40,0x30,0x0E,0x01,0x0E,0x30,0x40,0x80,0x00,
   1115          /* 缺 */
   1116          0x50,0x48,0x47,0xFC,0x44,0x44,0x40,0x08,0x08,0x08,0xFF,0x08,0x08,0xF8,0x00,0x00,
   1117          0x00,0x3E,0x20,0x1F,0x10,0x7E,0x81,0x41,0x31,0x0D,0x03,0x0D,0x31,0x41,0x81,0x00,
   1118          /* 省 */
   1119          0x00,0x00,0x10,0x88,0x86,0xC0,0xC0,0xA0,0xAF,0x90,0x90,0x88,0x82,0x84,0x08,0x00,
   1120          0x00,0x01,0x01,0x00,0xFF,0x4A,0x4A,0x4A,0x4A,0x4A,0x4A,0x4A,0x4A,0xFF,0x00,0x00,
   1121          
   1122          };
   1123          


   Section sizes:

   Bytes  Function/Label
   -----  --------------
    1440  Menu_tu
     800  hzIndex
    1536  zichar
   12800  zilib

 
 16 576 bytes in section .rodata
 
 16 576 bytes of CONST memory

Errors: none
Warnings: none
