###############################################################################
#
# IAR ANSI C/C++ Compiler V7.70.2.11706/W32 for ARM       17/Jun/2026  08:45:30
# Copyright 1999-2016 IAR Systems AB.
#
#    Cpu mode     =  thumb
#    Endian       =  little
#    Source file  =  
#        D:\2-通用定制归档程序\04-通用程序\00-900F\【通用程序】ZRR900FV2HYLCD-ATF3.03-解决零漂-8BA6-0F1B-20260316\00-源码\ZRR900FV2HYLCDATFSoftUlib-V2.0-20260316\Lib.c
#    Command line =  
#        D:\2-通用定制归档程序\04-通用程序\00-900F\【通用程序】ZRR900FV2HYLCD-ATF3.03-解决零漂-8BA6-0F1B-20260316\00-源码\ZRR900FV2HYLCDATFSoftUlib-V2.0-20260316\Lib.c
#        -D ATF403AVCT7 -D LIBRARY_VERSION -D USE_STDPERIPH_DRIVER -D
#        AT_START_F403A_V1_0 -lcN
#        D:\2-通用定制归档程序\04-通用程序\00-900F\【通用程序】ZRR900FV2HYLCD-ATF3.03-解决零漂-8BA6-0F1B-20260316\00-源码\ZRR900FV2HYLCDATFSoftUlib-V2.0-20260316\Debug\List
#        -lA
#        D:\2-通用定制归档程序\04-通用程序\00-900F\【通用程序】ZRR900FV2HYLCD-ATF3.03-解决零漂-8BA6-0F1B-20260316\00-源码\ZRR900FV2HYLCDATFSoftUlib-V2.0-20260316\Debug\List
#        -o
#        D:\2-通用定制归档程序\04-通用程序\00-900F\【通用程序】ZRR900FV2HYLCD-ATF3.03-解决零漂-8BA6-0F1B-20260316\00-源码\ZRR900FV2HYLCDATFSoftUlib-V2.0-20260316\Debug\Obj
#        --no_cse --no_unroll --no_inline --no_code_motion --no_tbaa
#        --no_clustering --no_scheduling --debug --endian=little
#        --cpu=Cortex-M4 -e --char_is_signed --enable_multibytes --fpu=VFPv4_sp
#        --dlib_config "C:\Program Files (x86)\IAR Systems\Embedded Workbench
#        7.5\arm\INC\c\DLib_Config_Full.h" -I
#        D:\2-通用定制归档程序\04-通用程序\00-900F\【通用程序】ZRR900FV2HYLCD-ATF3.03-解决零漂-8BA6-0F1B-20260316\00-源码\ZRR900FV2HYLCDATFSoftUlib-V2.0-20260316\
#        -I
#        D:\2-通用定制归档程序\04-通用程序\00-900F\【通用程序】ZRR900FV2HYLCD-ATF3.03-解决零漂-8BA6-0F1B-20260316\00-源码\ZRR900FV2HYLCDATFSoftUlib-V2.0-20260316\Libraries\STM32F10x_StdPeriph_Driver\inc\
#        -I
#        D:\2-通用定制归档程序\04-通用程序\00-900F\【通用程序】ZRR900FV2HYLCD-ATF3.03-解决零漂-8BA6-0F1B-20260316\00-源码\ZRR900FV2HYLCDATFSoftUlib-V2.0-20260316\Libraries\CMSIS\CM4\CoreSupport\
#        -I
#        D:\2-通用定制归档程序\04-通用程序\00-900F\【通用程序】ZRR900FV2HYLCD-ATF3.03-解决零漂-8BA6-0F1B-20260316\00-源码\ZRR900FV2HYLCDATFSoftUlib-V2.0-20260316\Libraries\CMSIS\CM4\DeviceSupport\
#        -On --use_c++_inline
#    Locale       =  Chinese (Simplified)_China.936
#    List file    =  
#        D:\2-通用定制归档程序\04-通用程序\00-900F\【通用程序】ZRR900FV2HYLCD-ATF3.03-解决零漂-8BA6-0F1B-20260316\00-源码\ZRR900FV2HYLCDATFSoftUlib-V2.0-20260316\Debug\List\Lib.lst
#    Object file  =  
#        D:\2-通用定制归档程序\04-通用程序\00-900F\【通用程序】ZRR900FV2HYLCD-ATF3.03-解决零漂-8BA6-0F1B-20260316\00-源码\ZRR900FV2HYLCDATFSoftUlib-V2.0-20260316\Debug\Obj\Lib.o
#
###############################################################################

D:\2-通用定制归档程序\04-通用程序\00-900F\【通用程序】ZRR900FV2HYLCD-ATF3.03-解决零漂-8BA6-0F1B-20260316\00-源码\ZRR900FV2HYLCDATFSoftUlib-V2.0-20260316\Lib.c
      1          /* 
      2          * Title:	Lib.c
      3          * Description:	系统公用函数
      4          * Function:
      5          
      6          */
      7          #include <stdio.h>
      8          #include <string.h>
      9          #include "Drive.h"
     10          #include "GlobeDef.h"
     11          #include "lib.h"
     12          #include "stm32f10x.h"
     13          
     14          //32位整数开方时指数开根查表
     15          vuc16 ETABLE[32]={0xffff, 0xb505, 0x8000, 0x5a82, 0x4000, 0x2d42, 0x2000, 0x16a1,
     16          		       0x1000, 0x0b50, 0x0800, 0x05a8, 0x0400, 0x02d4, 0x0200, 0x016a,
     17          		       0x0100, 0x00b5, 0x0080, 0x005a, 0x0040, 0x002e, 0x0020, 0x0017,
     18          		       0x0010, 0x000b, 0x0008, 0x0006, 0x0004, 0x0003, 0x0002, 0x0001};
     19          
     20          //傅氏差分迭代算法所需要的16点sin、cos表
     21          //由于进行了同类项合并算法,所以只需要8项
     22          vsc16 TABCOS[8]={19397,14846,8035,-20995,-19397,-14846,-8035,20995 };
     23          vsc16 TABSIN[8]={8035,14846,19397,20995,-8035,-14846,-19397,-20995};
     24          
     25          //反正切计算公式系数表
     26          u32 FTANPAR[8]={1223,10111,30094,38230,6226,32148,113,100004};
     27          
     28          //模拟实际采样数据,用于测试算法正确与否
     29          //标准32点10Vmax正弦波电压TLC3578采样值表,已经转为真正16位带符号的采样值
     30          //Am*Sin(360n/N)=10*sin(n*360/32)=10*sin(11.25n)*8192/10=8192*sin(11.25n)<<2
     31          vuc16 UnSIN[32]={0x0000,0x18f8,0x30fc,0x471c,0x5a82,0x6a6c,0x7642,0x7d8c,
     32          			0x7fff,0x7d8c,0x7642,0x6a6c,0x5a82,0x471c,0x30fc,0x18f8,
     33          			0x0000,0xe708,0xcf04,0xb8e4,0xa57e,0x9594,0x89be,0x8274,
     34          			0x8000,0x8274,0x89be,0x9594,0xa57e,0xb8e4,0xcf04,0xe708};
     35          
     36          
     37          uc8 auchCRCHi[] = {
     38          0x00, 0xC1, 0x81, 0x40, 0x01, 0xC0, 0x80, 0x41, 0x01, 0xC0, 0x80, 0x41, 0x00, 0xC1, 0x81,
     39          0x40, 0x01, 0xC0, 0x80, 0x41, 0x00, 0xC1, 0x81, 0x40, 0x00, 0xC1, 0x81, 0x40, 0x01, 0xC0,
     40          0x80, 0x41, 0x01, 0xC0, 0x80, 0x41, 0x00, 0xC1, 0x81, 0x40, 0x00, 0xC1, 0x81, 0x40, 0x01,
     41          0xC0, 0x80, 0x41, 0x00, 0xC1, 0x81, 0x40, 0x01, 0xC0, 0x80, 0x41, 0x01, 0xC0, 0x80, 0x41,
     42          0x00, 0xC1, 0x81, 0x40, 0x01, 0xC0, 0x80, 0x41, 0x00, 0xC1, 0x81, 0x40, 0x00, 0xC1, 0x81,
     43          0x40, 0x01, 0xC0, 0x80, 0x41, 0x00, 0xC1, 0x81, 0x40, 0x01, 0xC0, 0x80, 0x41, 0x01, 0xC0,
     44          0x80, 0x41, 0x00, 0xC1, 0x81, 0x40, 0x00, 0xC1, 0x81, 0x40, 0x01, 0xC0, 0x80, 0x41, 0x01,
     45          0xC0, 0x80, 0x41, 0x00, 0xC1, 0x81, 0x40, 0x01, 0xC0, 0x80, 0x41, 0x00, 0xC1, 0x81, 0x40,
     46          0x00, 0xC1, 0x81, 0x40, 0x01, 0xC0, 0x80, 0x41, 0x01, 0xC0, 0x80, 0x41, 0x00, 0xC1, 0x81,
     47          0x40, 0x00, 0xC1, 0x81, 0x40, 0x01, 0xC0, 0x80, 0x41, 0x00, 0xC1, 0x81, 0x40, 0x01, 0xC0,
     48          0x80, 0x41, 0x01, 0xC0, 0x80, 0x41, 0x00, 0xC1, 0x81, 0x40, 0x00, 0xC1, 0x81, 0x40, 0x01,
     49          0xC0, 0x80, 0x41, 0x01, 0xC0, 0x80, 0x41, 0x00, 0xC1, 0x81, 0x40, 0x01, 0xC0, 0x80, 0x41,
     50          0x00, 0xC1, 0x81, 0x40, 0x00, 0xC1, 0x81, 0x40, 0x01, 0xC0, 0x80, 0x41, 0x00, 0xC1, 0x81,
     51          0x40, 0x01, 0xC0, 0x80, 0x41, 0x01, 0xC0, 0x80, 0x41, 0x00, 0xC1, 0x81, 0x40, 0x01, 0xC0,
     52          0x80, 0x41, 0x00, 0xC1, 0x81, 0x40, 0x00, 0xC1, 0x81, 0x40, 0x01, 0xC0, 0x80, 0x41, 0x01,
     53          0xC0, 0x80, 0x41, 0x00, 0xC1, 0x81, 0x40, 0x00, 0xC1, 0x81, 0x40, 0x01, 0xC0, 0x80, 0x41,
     54          0x00, 0xC1, 0x81, 0x40, 0x01, 0xC0, 0x80, 0x41, 0x01, 0xC0, 0x80, 0x41, 0x00, 0xC1, 0x81,
     55          0x40
     56          } ;
     57          
     58          
     59          uc8 auchCRCLo[] = {
     60          0x00, 0xC0, 0xC1, 0x01, 0xC3, 0x03, 0x02, 0xC2, 0xC6, 0x06, 0x07, 0xC7, 0x05, 0xC5, 0xC4,
     61          0x04, 0xCC, 0x0C, 0x0D, 0xCD, 0x0F, 0xCF, 0xCE, 0x0E, 0x0A, 0xCA, 0xCB, 0x0B, 0xC9, 0x09,
     62          0x08, 0xC8, 0xD8, 0x18, 0x19, 0xD9, 0x1B, 0xDB, 0xDA, 0x1A, 0x1E, 0xDE, 0xDF, 0x1F, 0xDD,
     63          0x1D, 0x1C, 0xDC, 0x14, 0xD4, 0xD5, 0x15, 0xD7, 0x17, 0x16, 0xD6, 0xD2, 0x12, 0x13, 0xD3,
     64          0x11, 0xD1, 0xD0, 0x10, 0xF0, 0x30, 0x31, 0xF1, 0x33, 0xF3, 0xF2, 0x32, 0x36, 0xF6, 0xF7,
     65          0x37, 0xF5, 0x35, 0x34, 0xF4, 0x3C, 0xFC, 0xFD, 0x3D, 0xFF, 0x3F, 0x3E, 0xFE, 0xFA, 0x3A,
     66          0x3B, 0xFB, 0x39, 0xF9, 0xF8, 0x38, 0x28, 0xE8, 0xE9, 0x29, 0xEB, 0x2B, 0x2A, 0xEA, 0xEE,
     67          0x2E, 0x2F, 0xEF, 0x2D, 0xED, 0xEC, 0x2C, 0xE4, 0x24, 0x25, 0xE5, 0x27, 0xE7, 0xE6, 0x26,
     68          0x22, 0xE2, 0xE3, 0x23, 0xE1, 0x21, 0x20, 0xE0, 0xA0, 0x60, 0x61, 0xA1, 0x63, 0xA3, 0xA2,
     69          0x62, 0x66, 0xA6, 0xA7, 0x67, 0xA5, 0x65, 0x64, 0xA4, 0x6C, 0xAC, 0xAD, 0x6D, 0xAF, 0x6F,
     70          0x6E, 0xAE, 0xAA, 0x6A, 0x6B, 0xAB, 0x69, 0xA9, 0xA8, 0x68, 0x78, 0xB8, 0xB9, 0x79, 0xBB,
     71          0x7B, 0x7A, 0xBA, 0xBE, 0x7E, 0x7F, 0xBF, 0x7D, 0xBD, 0xBC, 0x7C, 0xB4, 0x74, 0x75, 0xB5,
     72          0x77, 0xB7, 0xB6, 0x76, 0x72, 0xB2, 0xB3, 0x73, 0xB1, 0x71, 0x70, 0xB0, 0x50, 0x90, 0x91,
     73          0x51, 0x93, 0x53, 0x52, 0x92, 0x96, 0x56, 0x57, 0x97, 0x55, 0x95, 0x94, 0x54, 0x9C, 0x5C,
     74          0x5D, 0x9D, 0x5F, 0x9F, 0x9E, 0x5E, 0x5A, 0x9A, 0x9B, 0x5B, 0x99, 0x59, 0x58, 0x98, 0x88,
     75          0x48, 0x49, 0x89, 0x4B, 0x8B, 0x8A, 0x4A, 0x4E, 0x8E, 0x8F, 0x4F, 0x8D, 0x4D, 0x4C, 0x8C,
     76          0x44, 0x84, 0x85, 0x45, 0x87, 0x47, 0x46, 0x86, 0x82, 0x42, 0x43, 0x83, 0x41, 0x81, 0x80,
     77          0x40
     78          } ;
     79          
     80          
     81          
     82          const s16 DFT_XS[80]=
     83          {
     84          	4634, 	0, 	 
     85          	4577, 	725, 	 
     86          	4407, 	1432, 	 
     87          	4129, 	2104, 	 
     88          	3749, 	2724, 	 
     89          	3277, 	3277, 	 
     90          	2724, 	3749, 	 
     91          	2104, 	4129, 	 
     92          	1432, 	4407, 	 
     93          	725,  	4577, 	 
     94          	0,    	4634, 	 
     95          	-725, 	4577, 	 
     96          	-1432,	4407, 	 
     97          	-2104,	4129, 	 
     98          	-2724,	3749, 	 
     99          	-3277,	3277, 	 
    100          	-3749,	2724, 	 
    101          	-4129,	2104, 	 
    102          	-4407,	1432, 	 
    103          	-4577,	725, 	 
    104          	-4634,	0, 	 
    105          	-4577,	-725, 	 
    106          	-4407,	-1432, 	 
    107          	-4129,	-2104, 	 
    108          	-3749,	-2724, 	 
    109          	-3277,	-3277, 	 
    110          	-2724,	-3749, 	 
    111          	-2104,	-4129, 	 
    112          	-1432,	-4407, 	 
    113          	-725, 	-4577, 	 
    114          	0,    	-4634, 	 
    115          	725,  	-4577, 	 
    116          	1432, 	-4407, 	 
    117          	2104, 	-4129, 	 
    118          	2724, 	-3749, 	 
    119          	3277, 	-3277, 	 
    120          	3749, 	-2724, 	 
    121          	4129, 	-2104, 	 
    122          	4407, 	-1432, 	 
    123          	4577, 	-725, 
    124          };
    125          
    126          //由cos(360/72)、sin(360/72)放大2048倍得到!
    127          //
    128          const s16 D72DFT_XS[144]=
    129          {
    130          	2048, 0,    
    131          	2040, 178,  
    132          	2017, 356,  
    133          	1978, 530,  
    134          	1924, 700,  
    135          	1856, 866,  
    136          	1774, 1024, 
    137          	1678, 1175, 
    138          	1569, 1316, 
    139          	1448, 1448, 
    140          	1316, 1569, 
    141          	1175, 1678, 
    142          	1024, 1774, 
    143          	866, 1856,  
    144          	700, 1924,  
    145          	530, 1978,  
    146          	356, 2017,  
    147          	178, 2040,  
    148          	0, 2048,    
    149          	-178, 2040, 
    150          	-356, 2017, 
    151          	-530, 1978, 
    152          	-700, 1924, 
    153          	-866, 1856, 
    154          	-1024, 1774,
    155          	-1175, 1678,
    156          	-1316, 1569,
    157          	-1448, 1448,
    158          	-1569, 1316,
    159          	-1678, 1175,
    160          	-1774, 1024,
    161          	-1856, 866, 
    162          	-1924, 700, 
    163          	-1978, 530, 
    164          	-2017, 356, 
    165          	-2040, 178, 
    166          	-2048, 0,   
    167          	-2040, -178,
    168          	-2017, -356,
    169          	-1978, -530,
    170          	-1924, -700,
    171          	-1856, -866,
    172          	-1774, -1024,
    173          	-1678, -1175,
    174          	-1569, -1316,
    175          	-1448, -1448,
    176          	-1316, -1569,
    177          	-1175, -1678,
    178          	-1024, -1774,
    179          	-866, -1856,
    180          	-700, -1924,
    181          	-530, -1978,
    182          	-356, -2017,
    183          	-178, -2040,
    184          	0, -2048,   
    185          	178, -2040, 
    186          	356, -2017, 
    187          	530, -1978, 
    188          	700, -1924, 
    189          	866, -1856, 
    190          	1024, -1774,
    191          	1175, -1678,
    192          	1316, -1569,
    193          	1448, -1448,
    194          	1569, -1316,
    195          	1678, -1175,
    196          	1774, -1024,
    197          	1856, -866, 
    198          	1924, -700, 
    199          	1978, -530, 
    200          	2017, -356, 
    201          	2040, -178,  
    202          };
    203          
    204          
    205          //由cos(360/36)、sin(360/36)放大2048倍得到!
    206          //
    207          const s16 D36DFT_XS[72]=
    208          {
    209          	2048,	0,      
    210          	2017,	356,    
    211          	1924,	700,    
    212          	1774,	1024,   
    213          	1569,	1316,   
    214          	1316,	1569,   
    215          	1024,	1774,   
    216          	700,	1924,       
    217          	356,	2017,       
    218          	0,		2048,       
    219          	-356,	2017,   
    220          	-700,	1924,   
    221          	-1024,	1774,   
    222          	-1316,	1569,   
    223          	-1569,	1316,   
    224          	-1774,	1024,   
    225          	-1924,	700,    
    226          	-2017,	356,    
    227          	-2048,	0,      
    228          	-2017,	-356,   
    229          	-1924,	-700,   
    230          	-1774,	-1024,  
    231          	-1569,	-1316,  
    232          	-1316,	-1569,  
    233          	-1024,	-1774,  
    234          	-700,	-1924,  
    235          	-356,	-2017,  
    236          	0,		-2048,      
    237          	356,	-2017,      
    238          	700,	-1924,      
    239          	1024,	-1774,  
    240          	1316,	-1569,  
    241          	1569,	-1316,  
    242          	1774,	-1024,  
    243          	1924,	-700,   
    244          	2017,	-356,   
    245          };
    246          
    247          
    248          ////////////
    249          //tan(x)*256
    250          ////////////
    251          uc16 Tan[180]=		
    252          {
    253          	    0,     2,     7,     9,    11,    13,    16,    18,    20,    22,//~05 
    254          	   25,    27,    29,    31,    34,    36,    38,    41,    43,    45,//~10 
    255          	   47,    50,    52,    54,    57,    59,    61,    64,    66,    69,//~15  
    256          	   71,    73,    76,    78,    81,    83,    86,    88,    91,    93,//~20  
    257          	   96,    98,   101,   103,   106,   109,   111,   114,   117,   119,//~25
    258          	  122,   125,   128,   130,   133,   136,   139,   142,   145,   148,//~30
    259          	  151,   154,   157,   160,   163,   166,   169,   173,   176,   179,//~35 
    260          	  183,   186,   189,   193,   196,   200,   204,   207,   211,   215,//~40 
    261          	  219,   223,   226,   231,   235,   239,   243,   247,   252,   256,//~45 
    262          	  261,   265,   270,   275,   279,   284,   289,   294,   300,   305,//~50
    263          	  311,   316,   322,   328,   334,   340,   346,   352,   359,   366,//~55
    264          	  372,   380,   387,   394,   402,   410,   418,   426,   435,   443,//~60 
    265          	  452,   462,   471,   481,   492,   502,   513,   525,   537,   549,//~65 
    266          	  562,   575,   589,   603,   618,   634,   650,   667,   685,   703,//~70
    267          	  723,   743,   765,   788,   812,   837,   864,   893,   923,   955,//~75
    268          	  990,  1027,  1066,  1109,  1155,  1204,  1258,  1317,  1381,  1452,//~80 
    269          	 1530,  1616,  1713,  1822,  1945,  2085,  2247,  2436,  2659,  2926,//~85 
    270          	 3253,  3661,  4186,  4885,  5863,  7331,  9776, 14666, 29335, 32767,//~90 
    271          };
    272          
    273          
    274          /*
    275          *******************************************************************
    276          * Title:		void  Lib_CRC16 (unsigned char *puchMsg, unsigned short usDataLen)
    277          * Description:		CRC16算法,计算出的CRC放入缓冲后两字节
    278          * InputParameter:	u8 *puchMsg	<需计算CRC的缓冲首指针>		
    279          			u16 usDataLen<需计算CRC的数据长度>
    280          
    281          *******************************************************************
    282          */
    283          void  Lib_CRC16 (u8 *puchMsg, u16 usDataLen)
    284          {
    285              u16 uIndex; 
    286              u8 uchCRCHi = 0xFF;
    287             	u8 uchCRCLo = 0xFF;
    288              	 
    289              while (usDataLen --)
    290              {
    291              	uchCRCHi = uchCRCHi ^ *puchMsg++;
    292                  uIndex   = uchCRCHi;
    293          		uchCRCHi = uchCRCLo ^ auchCRCHi[uIndex];
    294          		uchCRCLo = auchCRCLo[uIndex];
    295              }
    296              *puchMsg = uchCRCHi;
    297              *(puchMsg + 1) = uchCRCLo;
    298          	//return (uchCRCHi<<8 | uchCRCLo);
    299          //	*puchMsg=(uchCRCHi<<8 | uchCRCLo);  // 2005.08.29
    300          }
    301          
    302          /*******************************************************************
    303          * Title:		bool check_crc16(unsigned char *puchMsg, unsigned short usDataLen)
    304          * Description:		CRC校验,将含CRC的数据计算CRC，结果为0表示CRC校验通过
    305          * InputParameter:	u8 *puchMsg	<需计算CRC的缓冲首指针		>		
    306          					u16 usDataLen<需校验的数据长度,含CRC数据	>
    307          * Copyright:		 
    308          * Company:			 
    309          * Create Date:		2005.07.12
    310          * @author:			
    311          * @version:			V1.00
    312          * Modify Record:
    313          *******************************************************************
    314          */
    315          u16 Lib_check_crc16(u8 *puchMsg, u16 usDataLen)
    316          {
    317              Lib_CRC16(puchMsg, usDataLen);
    318              if (puchMsg[usDataLen] == 0 && puchMsg[usDataLen + 1] == 0)
    319                  return(1);
    320              else
    321           		return(0);
    322          }
    323          
    324          /*
    325          *******************************************************************
    326          * Title:			void DFT(s16 *sample,s16 point,
    327          							 u16 xb,	s32 *R,s32 *X)
    328          * Description:		付式滤波
    329          * InputParameter:	s16 *sample<采样数据存放的首地址  >
    330          					s16  point <采样数据存放的当前指针>
    331          					s16  xb    <滤波的谐波次数        >
    332          					s32  *R    <滤波结果的实部存放地址>
    333          					s32  *X    <滤波结果的虚部存放地址>
    334          * Copyright:		 
    335          * Company:			 
    336          * Create Date:		2005.07.18
    337          * @author:			
    338          * @version:			V1.00
    339          * Modify Record:
    340          *******************************************************************
    341          */
    342          void DFT(s16 *sample,s16 point,u16 xb,s32 *R,s32 *X)
    343          {
    344          	u8 i;
    345          	s16 smp;		
    346          	*R=0;
    347          	*X=0;
    348          	point=(point+SMP_NUM-Nsmp)%SMP_NUM;
    349          	for(i=0;i<Nsmp;i++)
    350          	{
    351          		smp=*(sample+point);
    352          		point++;
    353          		if(point>=SMP_NUM)	point=0;	
    354          		*R+=((s32)smp)*DFT_XS[((i*xb)%Nsmp)*2+1];
    355          		*X+=((s32)smp)*DFT_XS[((i*xb)%Nsmp)*2+0];
    356          	}
    357          	*R>>=3;
    358          	*X>>=3;
    359          }
    360          
    361          /*
    362          *******************************************************************
    363          * Title:			s32 UI_Calculate(s32 a,s32 b) 
    364          * Description:		电流电压测量程序
    365          * InputParameter:	s32 a<实部 >
    366          					s32 b<序部>
    367          * Copyright:		 
    368          * Company:			 
    369          * Create Date:		2005.07.18
    370          * @author:			
    371          * @version:			V1.00
    372          * Modify Record:
    373          *******************************************************************
    374          */
    375          // U=SRQT(1/N*(U1*U1+U2*U2+U3*U3+......Un*Un)
    376          s32 UI_Calculate(s16 *sample,s16 point,u16 xb)
    377          {
    378          	u8 i;
    379          	s16 smp;	
    380          	s32 UI,Temp;		
    381              Temp=UI=0;
    382          	point=(point+SMP_NUM-Nsmp)%SMP_NUM;
    383          	for(i=0;i<Nsmp;i++)
    384          	{
    385          		smp=*(sample+point);
    386          		point++;
    387          		if(point>=SMP_NUM)	point=0;	
    388          		Temp+=((s32)smp)*((s32)smp);	
    389          	}
    390          	 UI=((u32)(Sqrtc(Temp))*xb)/Nsmp; 
    391          	 UI=UI*51;
    392            	return((s32)UI); 	
    393          }
    394          /*
    395          *******************************************************************
    396          * Title:			s32 UI_Calculate(s32 a,s32 b) 
    397          * Description:		电流电压测量程序
    398          * InputParameter:	s32 a<实部 >
    399          					s32 b<序部>
    400          * Copyright:		 
    401          * Company:			 
    402          * Create Date:		2005.07.18
    403          * @author:			
    404          * @version:			V1.00
    405          * Modify Record:
    406          *******************************************************************
    407          */
    408          // U=SRQT(1/N*(U1*U1+U2*U2+U3*U3+......Un*Un)
    409          s32 UU_Calculate(s16 *sample,s16 *sample1,s16 point,u16 xb)
    410          {
    411          	u8 i;
    412          	s16 smp;	
    413          	s32 UI,Temp;		
    414              Temp=UI=0;
    415          	point=(point+SMP_NUM-Nsmp)%SMP_NUM;
    416          	for(i=0;i<Nsmp;i++)
    417          	{
    418          		smp=*(sample+point);
    419          		smp+=*(sample1+point);
    420          		point++;
    421          		if(point>=SMP_NUM)	point=0;	
    422          		Temp+=((s32)smp)*((s32)smp);	
    423          	}
    424          	 UI=((u32)(Sqrtc(Temp))*xb)/Nsmp; 
    425          	 UI=UI*51;
    426            	return((s32)UI); 	
    427          }
    428          
    429          //72点差分傅氏运算,得到实部虚部以后还乘了一个系数2.825465,该系数是凑出来的
    430          //X=SUM*100/36/2048/320/2.825645=SUM*50/2^13/2^12
    431          void ChaFen_36DFT(s16 *sample,s16 point,u16 xb,UI_Struct *UI,u32 *Val,float UI_XS)
    432          {
    433          	u8 i;
    434          	u16 k;
    435          	s16 smp;
    436          	s32 R,X,Temp;
    437          	
    438          	R=0;
    439          	X=0;
    440          	point=(point+SMP_NUM-Nsmp-1)%SMP_NUM;	//从周波开始点
    441          	for(i=0;i<Nsmp;i+=2)
    442          	{
    443          		smp=*(sample+point);
    444          		point+=2;
    445          	    point&=0xff;
    446          		//电流差分
    447          		smp=smp-(*(sample+point));
    448          		k = i*2;
    449          		R+=((s32)smp)*DFT_XS[k+1];
    450          		X+=((s32)smp)*DFT_XS[k+0];
    451          	}		
    452              
    453          	R>>=12;
    454          	X>>=12;	
    455          	R=R*UI_XS;
    456          	X=X*UI_XS;	
    457              UI->R=R;
    458              UI->X=X;
    459          	Temp=R*R+X*X;
    460          	*Val=Sqrtc(Temp);
    461           
    462          }
    463           
    464          
    465          u32 AbcFunc(u32 a, u32 b)
    466          {
    467          	if(a>=b) return a-b;
    468          	else return b-a;
    469          }
    470          
    471          s32 AbsFunc(s32 a, s32 b)
    472          {
    473          	if(a>=b) return a-b;
    474          	else return b-a;
    475          }
    476          
    477          float ABSFunc(float a, float b)
    478          {
    479          	if(a>=b) return a-b;
    480          	else return b-a;
    481          }
    482          
    483          //------------------------------------------------------------------------------
    484          //Subroutine Declare
    485          //------------------------------------------------------------------------------
    486          void DR_sub_Flex(UI_Struct *U1,UI_Struct *U2,UI_Struct *U12,u32  *Val)
    487          {
    488             	    U12->R =	U1->R-U2->R;
    489          	    U12->X =	U1->X-U2->X;
    490          	   *Val=Sqrtb(U12->R,U12->X);
    491          }
    492          
    493          void DR_ADD_Flex(UI_Struct *U1,UI_Struct *U2,UI_Struct *U12,u32 *Val)
    494          {
    495             	    U12->R =-(U1->R+U2->R);
    496          	    U12->X =-(U1->X+U2->X);
    497          	   *Val=U12->Val=Sqrtb(U12->R,U12->X);
    498          }
    499          void He_36DFT(s16 *sample,s16 point,u16 xb,UI_Struct *UI,u32 *Val)
    500          {
    501          	u8 i,pit;
    502          	u16 k;
    503          	s16 smp;
    504          	
    505          	s32 R,X,Temp;
    506          		
    507          	R=0;
    508          	X=0;
    509          	pit=(point+SMP_NUM-Nsmp-1)%SMP_NUM;
    510          	for(i=0;i<Nsmp;i+=2)
    511          	{
    512          		smp=*(sample+pit);
    513          		pit+=2;
    514          		 pit&=0xff;
    515          		//电流差分
    516          		smp=smp-(*(sample+pit));
    517          		k = i*2;
    518          		R+=((s32)smp)*DFT_XS[k+1];
    519          		X+=((s32)smp)*DFT_XS[k+0];
    520          	}	
    521          
    522          	R>>=11;		
    523          	X>>=11;
    524          //	temp=R;
    525          //	R=X;
    526          	//X=-temp;		
    527              UI->R=R;
    528              UI->X=X;
    529          	Temp=R*R+X*X;
    530          	*Val=Sqrtc(Temp);
    531          	
    532          }
    533           
    534          /*
    535          *******************************************************************
    536          * Title:			void He_DFT(s16 *sample,s16 point,
    537          							    u16 xb,	s32 *R,s32 *X)
    538          * Description:		电压和付式滤波
    539          * InputParameter:	s16 *sample<采样数据存放的首地址  >
    540          					s16  point <采样数据存放的当前指针>
    541          					s16  xb    <滤波的谐波次数        >
    542          					s32  *R    <滤波结果的实部存放地址>
    543          					s32  *X    <滤波结果的虚部存放地址>
    544          * Copyright:		 
    545          * Company:			 
    546          * Create Date:		2005.07.18
    547          * @author:			
    548          * @version:			V1.00
    549          * Modify Record:
    550          *******************************************************************
    551          */
    552          void He_DFT(s16 *sample,s16 point,u16 xb,s32 *R,s32 *X)
    553          {
    554          	u8 i;
    555          	s16 smp;
    556          	s32 temp;		
    557          	*R=0;
    558          	*X=0;
    559          	point=(point+SMP_NUM-Nsmp-1)%SMP_NUM;
    560          	for(i=0;i<Nsmp;i++)
    561          	{
    562          		smp=*(sample+point);
    563          		point++;
    564          		if(point>=SMP_NUM)	point=0;
    565          		//电压和
    566          		smp=smp+(*(sample+point));
    567          		*R+=((s32)smp)*DFT_XS[((i*xb)%Nsmp)*2+1];
    568          		*X+=((s32)smp)*DFT_XS[((i*xb)%Nsmp)*2+0];
    569          //		*R+=((s32)smp)*DFT_XS[((i*xb)%Nsmp)*2+1]>>2;	//为了适应12位AD结果而除以4,原系数为适应14位AD结果,2009.12.10
    570          //		*X+=((s32)smp)*DFT_XS[((i*xb)%Nsmp)*2+0]>>2;
    571          	}
    572          	*R>>=9;
    573          	*X>>=9;	
    574          //	*R>>=3;
    575          //	*X>>=3;		
    576          	//1/[cos(360/(n*2)] /2 *2048 =1027()
    577          	*R*=1027;
    578          	*X*=1027;
    579          	*R>>=3;
    580          	*X>>=3;	
    581          	//矢量旋转90度(*-j)
    582          	temp=*R;
    583          	*R=*X;
    584          	*X=-temp;		
    585          }
    586          /*
    587          *******************************************************************
    588          * Title:			s16 LP_Calculate(s16 *sample,s16 point)
    589          * Description:		零漂计算
    590          * InputParameter:	s16 *sample<采样数据存放的首地址  >
    591          					s16  point <采样数据存放的当前指针>
    592          * Copyright:		 
    593          * Company:			 
    594          * Create Date:		2005.07.18
    595          * @author:			
    596          * @version:			V1.00
    597          * Modify Record:
    598          *******************************************************************
    599          */
    600          s16 LP_Calculate(s16 *sample,s16 point)
    601          {
    602          	u16 i;
    603          	s32  Temp; 
    604          	Temp=0;
    605          	point=(point+SMP_NUM-Nsmp*2)%SMP_NUM;
    606          	for(i=0;i<Nsmp*2;i++)
    607          	{   
    608          		point++;
    609          		if(point>=SMP_NUM)	point=0;    
    610          		Temp+=(s32)(*(sample+point)); 	
    611          	}
    612          	Temp=Temp/(Nsmp*2);				
    613          	return(((s16)Temp));
    614          }
    615          
    616          s32 l_DCValue[10];
    617          /********************************************************************
    618          * Title:			void CAL_UI(Int16 *sample,Int16 point)
    619          * Description:		计算40点平方和，计算总有效值
    620          * InputParameter:	Int16 *sample<采样数据存放的首地址  >
    621          					Int16  point <采样数据存放的当前指针>
    622          					uint8  num	 <当前通道号>
    623          					U/I=SRQT((U1*U1+U2*U2+U3*U3+......Un*Un)/N)
    624          * Modify Record:
    625          ********************************************************************/
    626          u32	CAL_UI(s16 *sample,u16 point,u8 num)
    627          {
    628          	u16 	i,pt;
    629          	s32 	smp,Temp;
    630          	u32 	data;
    631          	u32  UI2=0;
    632          	 
    633          	Temp=0;
    634              pt=(point+SMP_NUM-Nsmp*2)%SMP_NUM;
    635          	for(i=0;i<Nsmp*2;i++)
    636          	{   
    637          		pt++;
    638          		if(pt>=SMP_NUM)	pt=0;    
    639          		Temp+=(s32)(*(sample+pt)); 	
    640          	}
    641          	l_DCValue[num]=Temp/(Nsmp*2);
    642          	
    643          	pt = (point+SMP_NUM-Nsmp-1)%SMP_NUM; //前推40点采样
    644          	for(i=0;i<Nsmp;i++)
    645          	{
    646          		smp = *(sample+pt);
    647              	smp -= l_DCValue[num];				//减掉直流偏移
    648          		UI2 +=smp*smp;	
    649          		pt++;
    650          		if(pt>=SMP_NUM)	pt=0;
    651          	}
    652          	data = Sqrtc(UI2)*1.112;
    653          	if(data<=10)data=0;
    654          	return	(data);
    655          }
    656          
    657          
    658          /********************************************************************
    659          * Title:			void CAL_UI(int16 *sample,int16 point)
    660          * Description:		计算40点平方和，计算总有效值
    661          * InputParameter:	int16 *sample<采样数据存放的首地址  >
    662          					int16  point <采样数据存放的当前指针>
    663          					uint8  num	 <当前通道号>
    664          					U/I=SRQT((U1*U1+U2*U2+U3*U3+......Un*Un)/N)
    665          * Modify Record:
    666          ********************************************************************/
    667          u32	CAL_UIB(s16 *sample,u8 num1,s16 *sample1,u8 num2,s16 point,u8 num)
    668          {
    669          	u16  	i,pt;
    670          	s32 	smp;
    671          	u32 	data;
    672          	u32  UI2=0;
    673          	pt = (point+SMP_NUM-Nsmp-1)%SMP_NUM; 	//前推40点采样
    674          	for(i=0;i<Nsmp;i++)
    675          	{
    676           
    677          	   if(num)//矢量和
    678          			smp =((*(sample+pt)-l_DCValue[num1])+(*(sample1+pt)-l_DCValue[num2]));
    679          	   else	  //矢量差
    680          			smp =((*(sample+pt)-l_DCValue[num1])-(*(sample1+pt)-l_DCValue[num2]));
    681          		UI2 +=smp*smp;
    682          		pt++;
    683          		if(pt>=SMP_NUM)	pt=0;
    684          	}
    685          	data = Sqrtc(UI2)*1.112;
    686          	if(data<=10)data=0;
    687          	return	(data);
    688          }
    689          
    690           
    691          /*
    692          *******************************************************************
    693          * Title:			 
    694          * Description:		有功测量程序
    695           
    696          *******************************************************************
    697          */
    698           
    699          // U=SRQT(1/N*(U1*U1+U2*U2+U3*U3+......Un*Un) wxd
    700          void PQ_CalculateBH(s16 point,long *P,long *Q)
    701          
    702          {
    703          	s16     i,pint,pint1;
    704          	long     PQ_temp0,PQ_temp1;
    705          	long	IA_CZ,IC_CZ,UA_CZ,UB_CZ,UC_CZ;
    706           	long	IA_CZ_270,IB_CZ_270,IC_CZ_270;
    707          
    708              	       PQ_temp0=PQ_temp1=0;
    709          		pint=(point+SMP_NUM-Nsmp-1)%SMP_NUM;
    710                  pint1=(point+SMP_NUM-Nsmp-con_Nsmp_270-1)%SMP_NUM;
    711          		for(i=0;i<Nsmp;i++)
    712          		{
    713          			pint++;
    714          			if(pint>=SMP_NUM)	pint=0;	
    715          			pint1++;
    716          			if(pint1>=SMP_NUM)	pint1=0;
    717           			IA_CZ_270=(long)SMP_buffer[ADC_IA][pint1]-l_DCValue[MEALCT_IA];
    718          	 		
    719          			//IB_CZ_270=(long)SMP_buffer[ADC_IB][pint1]-l_DCValue[MEALCT_IB];
    720          		
    721          			IC_CZ_270=(long)SMP_buffer[ADC_IC][pint1]-l_DCValue[MEALCT_IC];                       
    722          			IA_CZ=(long)SMP_buffer[ADC_IA][pint]-l_DCValue[MEALCT_IA];
    723          			//IB_CZ=(long)SMP_buffer[ADC_IB][pint]-l_DCValue[MEALCT_IB];
    724          			IC_CZ=(long)SMP_buffer[ADC_IC][pint]-l_DCValue[MEALCT_IC];
    725          			UA_CZ=(long)SMP_buffer[ADC_UA][pint]-l_DCValue[MEALCT_UA];
    726          			UB_CZ=(long)SMP_buffer[ADC_UB][pint]-l_DCValue[MEALCT_UB];
    727          			UC_CZ=(long)SMP_buffer[ADC_UC][pint]-l_DCValue[MEALCT_UC];
    728           		
    729          	           PQ_temp0+=IA_CZ*(UA_CZ-UB_CZ)-IC_CZ*(UB_CZ-UC_CZ);
    730                         PQ_temp1+=IA_CZ_270*(UA_CZ-UB_CZ)-IC_CZ_270*(UB_CZ-UC_CZ);
    731          
    732          		}
    733            
    734             //    *P=PQ_temp0/Nsmp; 			//这边的44是怎么得来的？
    735             //    *Q=PQ_temp1/Nsmp; 
    736          
    737                   *P=(PQ_temp0*14)>>9; 			//？
    738                   *Q=(PQ_temp1*14)>>9; 
    739          	         if(abs(*P)<400)*P=0;
    740          	      if(abs(*Q)<400)*Q=0;
    741           
    742          	
    743          }
    744          
    745          /*
    746          *******************************************************************
    747          * Title:			 
    748          * Description:		有功测量程序
    749           
    750          *******************************************************************
    751          */
    752          // U=SRQT(1/N*(U1*U1+U2*U2+U3*U3+......Un*Un) wxd
    753          void PQ_Calculate(s16 point,long *P,long *Q)
    754          {
    755          	s16     i,pint,pint1;
    756          	long     PQ_temp0,PQ_temp1;
    757          	long	IA_CZ,IC_CZ,UA_CZ,UB_CZ,UC_CZ;
    758           	long	IA_CZ_270,IC_CZ_270;
    759          
    760              	       PQ_temp0=PQ_temp1=0;
    761          		pint=(point+SMP_NUM-Nsmp-1)%SMP_NUM;
    762                  pint1=(point+SMP_NUM-Nsmp-con_Nsmp_270-1)%SMP_NUM;
    763          		for(i=0;i<Nsmp;i++)
    764          		{
    765          			pint++;
    766          			if(pint>=SMP_NUM)	pint=0;	
    767          			pint1++;
    768          			if(pint1>=SMP_NUM)	pint1=0;
    769           			IA_CZ_270=(long)SMP_buffer[ADC_Iia][pint1]-l_DCValue[MEALCT_IA];
    770          			IC_CZ_270=(long)SMP_buffer[ADC_Iic][pint1]-l_DCValue[MEALCT_IC];                       
    771          			IA_CZ=(long)SMP_buffer[ADC_Iia][pint]-l_DCValue[MEALCT_IA];
    772          			IC_CZ=(long)SMP_buffer[ADC_Iic][pint]-l_DCValue[MEALCT_IC];
    773          			UA_CZ=(long)SMP_buffer[ADC_UA][pint]-l_DCValue[MEALCT_UA];
    774          			UB_CZ=(long)SMP_buffer[ADC_UB][pint]-l_DCValue[MEALCT_UB];
    775          			UC_CZ=(long)SMP_buffer[ADC_UC][pint]-l_DCValue[MEALCT_UC];
    776           		
    777          	           PQ_temp0+=IA_CZ*(UA_CZ-UB_CZ)-IC_CZ*(UB_CZ-UC_CZ);
    778                         PQ_temp1+=IA_CZ_270*(UA_CZ-UB_CZ)-IC_CZ_270*(UB_CZ-UC_CZ);
    779          
    780          		}
    781            
    782                  *P=(PQ_temp0*14)>>12; 			//？
    783                  *Q=(PQ_temp1*14)>>12; 
    784          	         if(abs(*P)<80)*P=0;
    785          	      if(abs(*Q)<80)*Q=0;
    786          	  
    787          }
    788          
    789          
    790          /*
    791          *******************************************************************
    792          * Title:			 
    793          * Description:		有功测量程序
    794           
    795          *******************************************************************
    796          */
    797          // U=SRQT(1/N*(U1*U1+U2*U2+U3*U3+......Un*Un) wxd
    798          void PQ_Calculate2(s16 point,long *P,long *Q)
    799          {
    800          	s16     i,pint,pint1;
    801          	long     PQ_temp0,PQ_temp1;
    802          	long	IA_CZ,IC_CZ,UAB_CZ,UBC_CZ;
    803           	long	IA_CZ_270,IC_CZ_270;
    804          
    805              	       PQ_temp0=PQ_temp1=0;
    806          		pint=(point+SMP_NUM-Nsmp-1)%SMP_NUM;
    807                  pint1=(point+SMP_NUM-Nsmp-con_Nsmp_270-1)%SMP_NUM;
    808          		for(i=0;i<Nsmp;i++)
    809          		{
    810          			pint++;
    811          			if(pint>=SMP_NUM)	pint=0;	
    812          			pint1++;
    813          			if(pint1>=SMP_NUM)	pint1=0;
    814           			IA_CZ_270=(long)SMP_buffer[ADC_IA][pint1]-l_DCValue[MEALCT_IA_ML];
    815          			IC_CZ_270=(long)SMP_buffer[ADC_IC][pint1]-l_DCValue[MEALCT_IC_ML];                       
    816          			IA_CZ=(long)SMP_buffer[ADC_IA][pint]-l_DCValue[MEALCT_IA_ML];
    817          			IC_CZ=(long)SMP_buffer[ADC_IC][pint]-l_DCValue[MEALCT_IC_ML];
    818          			UAB_CZ=(long)SMP_buffer[ADC_UABI][pint]-l_DCValue[MEALCT_UAB_ML];
    819          			UBC_CZ=(long)SMP_buffer[ADC_UBCI][pint]-l_DCValue[MEALCT_UBC_ML];
    820            		
    821          	           PQ_temp0+=IA_CZ*UAB_CZ-IC_CZ*UBC_CZ;
    822                         PQ_temp1+=IA_CZ_270*UAB_CZ-IC_CZ_270*UBC_CZ;
    823          
    824          		}
    825            
    826                  *P=(PQ_temp0>>2)/2.58; 			//？
    827                  *Q=(PQ_temp1>>2)/2.58; 
    828          	       if(abs(*P)<400)*P=0;
    829          	      if(abs(*Q)<400)*Q=0;
    830          }
    831          
    832          void UI_ANG(UI_Struct *UI_buf)
    833          {
    834            u8 i,Temp;
    835           s16  Ref_Ang;
    836          	//角度计算
    837           	for(i=0,Temp=0;i<NumOfCY;i++,UI_buf++)
    838          	{	
    839          		if(UI_buf->Val<=5||((UI_buf->R==0)&&(UI_buf->X==0)))	
    840          		{
    841          			UI_buf->ANG=0;	
    842          		}
    843          		else
    844          		{
    845          			UI_buf->ANG=Arg_Tan(UI_buf->R,UI_buf->X);
    846          			if(Temp==0)
    847          			{
    848          				Temp=0xff;
    849          				Ref_Ang=UI_buf->ANG;
    850          			}
    851          			UI_buf->ANG=(UI_buf->ANG-Ref_Ang)/2;
    852          			if(UI_buf->ANG> 180) 	UI_buf->ANG=UI_buf->ANG-360;
    853          			if(UI_buf->ANG<-180) 	UI_buf->ANG=UI_buf->ANG+360;
    854          		}				
    855          	}
    856          
    857          }
    858          
    859          
    860          
    861          
    862          /*
    863          *******************************************************************
    864          * Title:			s16 Arg_Tan(s16 R,s16 X)
    865          * Description:		反正切计算
    866          * InputParameter:	s16 R<矢量实部>
    867          					s16 X<矢量虚部>
    868          * Copyright:		 
    869          * Company:			 
    870          * Create Date:		2005.07.18
    871          * @author:			
    872          * @version:			V1.00
    873          * Modify Record:
    874          *******************************************************************
    875          */
    876          s16 Arg_Tan(s16 R,s16 X)
    877          {
    878          	s32 a,b;
    879          	s16 i;
    880          	a=R;
    881          	b=X;
    882          	//Tan Calculate
    883          	if(a<0)	a=0-a;
    884          	if(b<0)	b=0-b;
    885          	if((a<5)&&(b<5))
    886          		return(0);
    887          	if(a==0)
    888          		a=32767;
    889          	else
    890          		a=(b*256)/a;
    891          	//ArgTan Calculate
    892          	for(i=0;i<180;i++)
    893          	{
    894          		b=(s32)Tan[i];
    895          		if(a<=b)	break;
    896          	}
    897          	if     ((R>=0)&&(X>=0))		//1	
    898          		i=0+i;
    899          	else if((R<=0)&&(X>=0))		//2	
    900          		i=360-i;
    901          	else if((R<=0)&&(X<=0))		//3	
    902          		i=i-360;
    903          	else if((R>=0)&&(X<=0))		//4	
    904          		i=0-i;	
    905          	return(i);
    906          }
    907          /*
    908          *******************************************************************
    909          * Title:			void UI12_Calculate(s16 UI[])
    910          * Description:		序分量计算
    911          * InputParameter:	s16 UI[]<矢量>
    912          * Copyright:		 
    913          * Company:			 
    914          * Create Date:		2005.07.18
    915          * @author:			
    916          * @version:			V1.00
    917          * Modify Record:
    918          *******************************************************************
    919          */
    920          // U12=[ua+jua+(-1/2+jSQRT(3)/2)(ub+jub)+(-1/2-jSQRT(3)/2)(uc+juc)]/3 
    921          void UI12_Calculate(s16 UI[])
    922          {
    923          	s32   R,X;
    924          	/* (ua+jua)*1024	*/
    925          	R=((s32)UI[0])*1024;
    926          	X=((s32)UI[1])*1024;
    927          	/* (ub+jub)*(-0.5+j0.866)*1024 */
    928          	R+=((s32)UI[2])*(-512)-((s32)UI[3])*  886;		
    929          	X+=((s32)UI[2])*  866 +((s32)UI[3])*(-512);	
    930          	/* (uc+juc)*(-0.5-j0.866)*1024 */
    931          	R+=((s32)UI[4])*(-512)-((s32)UI[5])*(-886);			
    932          	X+=((s32)UI[4])*(-866)+((s32)UI[5])*(-512);		
    933          	/*return*/
    934          	R=R/3;
    935          	X=X/3;
    936          	UI[0]=(s16)(R>>10);
    937          	UI[1]=(s16)(X>>10);
    938          }
    939          /*
    940          *******************************************************************
    941          * Title:			s16 Tbl_Calculate(s16 *sample,s16 point) 
    942          * Description:		突变量计算
    943          * InputParameter:	s16 *sample<采样数据存放的首地址  >
    944          					s16  point <采样数据存放的当前指针>
    945          * Copyright:		 
    946          * Company:			 
    947          * Create Date:		2005.07.18
    948          * @author:			
    949          * @version:			V1.00
    950          * Modify Record:
    951          *******************************************************************
    952          */
    953          //i=|i(k)-2i(k-N)+i(k-2N)|
    954          s16 Tbl_Calculate(s16 *sample,s16 point) 
    955          {
    956          	s16 smp1,smp2,smp3,smp4;
    957          	s16 TempPoint;
    958          	//i(k)
    959          	TempPoint=point;
    960          	smp1=*(sample+TempPoint);  
    961          	//i(k-N)
    962          	TempPoint=(point+SMP_NUM-Nsmp)%SMP_NUM;
    963          	smp2=*(sample+TempPoint);
    964          	//i(k-2N) 
    965          	TempPoint=(point+SMP_NUM-Nsmp*2)%SMP_NUM;
    966          	smp3=*(sample+TempPoint); 
    967          	//i=i(k)-2i(k-N)+i(k-2N)
    968          	smp4=smp1-2*smp2+smp3;
    969          	if(smp4<0)
    970          		smp4=0-smp4;
    971          	return(smp4);	
    972          }
    973          /*
    974          *******************************************************************
    975          * Title:			s16 Tbl_BanBoJf_Calculate(s16 *sample,s16 point)
    976          * Description:		一周前的突变量计算(半波积分算法)
    977          * InputParameter:	s16 *sample<采样数据存放的首地址  >
    978          					s16  point <采样数据存放的当前指针>
    979          * Copyright:		 
    980          * Company:			 
    981          * Create Date:		2005.07.18
    982          * @author:			
    983          * @version:			V1.00
    984          * Modify Record:
    985          *******************************************************************
    986          */
    987          s16 Tbl_BanBoJf_Calculate(s16 *sample,s16 point)
    988          {
    989          	u16 i,Temp;
    990          	Temp=0;
    991          	point=(point+SMP_NUM-Nsmp-Nsmp/2)%SMP_NUM;
    992          	for(i=0;i<Nsmp/2;i++)
    993          	{
    994          		Temp+=Tbl_Calculate(sample,point);	
    995          		point++;
    996          		if(point>=SMP_NUM)	point=0;
    997          	}
    998          	//=(pi/n)*256
    999          	Temp=(Temp*20)>>8;				
   1000          	return(Temp);
   1001          }
   1002          /*
   1003          *******************************************************************
   1004          * Title:			s16 Freq_Calculate(s16 *sample,s16 point) 
   1005          * Description:		软件测频程序
   1006          * InputParameter:	s16 *sample<采样数据存放的首地址  >
   1007          					s16  point <采样数据存放的当前指针>
   1008          * Copyright:		 
   1009          * Company:			 
   1010          * Create Date:		2005.07.18
   1011          * @author:			
   1012          * @version:			V1.00
   1013          * Modify Record:
   1014          *******************************************************************
   1015          */
   1016          //F=1/{sum-[(a1\(a1-b1))-(a2\(a2-b2))]}  
   1017          s32 fax[8];
   1018          u8 fint;
   1019          s16 Freq_Calculate(s16 *sample,s16 point) 
   1020          {
   1021          	s16	a1,a2,b1,b2,sum,big,flg1,flg2,flg3,flg4;
   1022          	s32	temp,fab;
   1023          	s16   i,temp1;
   1024          	/*  search two pass zero (1->0) */
   1025          	flg1=0;flg2=0;flg3=0;flg4=0;
   1026          	sum=0;big=0;
   1027          //	point=(point+SMP_NUM-120-1)%SMP_NUM;	//往前递推3个周波
   1028          	point=(point+SMP_NUM-108-1)%SMP_NUM;	//往前递推3个周波
   1029          	for(i=0;i<108;i++)	//搜索3个周波
   1030          	{	
   1031          		temp1=*(sample+point);
   1032          		point++;
   1033          		if(point>=SMP_NUM)	point=0;
   1034          		if(temp1>=30)  big++;
   1035          		if((!flg1)||(!flg2))
   1036          		{
   1037          			if((temp1>=0)&&(!flg1)&&(!flg2))		
   1038          				flg1=1;
   1039          			if((temp1<0)&&(flg1)&&(!flg2))			/* first  1-0 point */
   1040          				{flg2=1;b1=temp1;sum=i;}
   1041          			else
   1042          				a1=temp1;
   1043          		}
   1044          		else if((!flg3)||(!flg4))
   1045          		{
   1046          			if((temp1>=0)&&(!flg3)&&(!flg4))		
   1047          				flg3=1;
   1048          			if((temp1<0)&&(flg3)&&(!flg4))			/* second 1-0 point */
   1049          				{flg4=1;b2=temp1;sum=i-sum;}
   1050          			else
   1051          				a2=temp1;
   1052          		}
   1053          		else
   1054          			break;
   1055          	}
   1056          	/* F=1000/{sum-[(a1\(a1-b1))-(a2\(a2-b2))]} *20/40 */
   1057          	if(((a1-b1)!=0)&&((a2-b2)!=0))
   1058          	{
   1059          		temp=((s32)(a1)) *65536/(a1-b1)-((s32)(a2))*65536/(a2-b2);
   1060          	}
   1061          	temp=((s32)(sum))*65536-temp;
   1062          //	temp=(900*65536)/(temp>>9);
   1063              temp=(3125*65536)/(temp>>6);
   1064              fax[fint++]=temp;
   1065          	fint&=7;
   1066          	fab=(fax[0]+fax[1]+fax[2]+fax[3]+fax[4]+fax[5]+fax[6]+fax[7])>>3;
   1067          	if((fab<FHZMIN)||(fab>FHZMAX))
   1068          		return(0);
   1069          	if(big<2)
   1070          		return(0);
   1071          	return((s16)fab);
   1072          }
   1073          /*
   1074          *******************************************************************
   1075          * Title:			s32 Sqrtb(s32 a,s32 b) 
   1076          * Description:		平方和开方程序
   1077          * InputParameter:	s32 a<实部 >
   1078          					s32 b<序部>
   1079          * Copyright:		 
   1080          * Company:			 
   1081          * Create Date:		2005.07.18
   1082          * @author:			
   1083          * @version:			V1.00
   1084          * Modify Record:
   1085          *******************************************************************
   1086          */
   1087          /*A=L+(5S*S)/(3*(3L+S))*/
   1088          s32 Sqrtb(s32 a,s32 b)
   1089          {
   1090          	u32 l,s,tmp;
   1091          	u16 num;
   1092          
   1093          	if(a<0)	a=0-a;
   1094          	if(b<0)	b=0-b;
   1095          	if(a==0)	return(b);
   1096          	if(b==0)	return(a);
   1097          	if(a>b)	{l=a;s=b;}
   1098          	else    {l=b;s=a;}
   1099          	num=0;
   1100          	while(s>0x5000)
   1101          	{
   1102          		l>>=1;
   1103          		s>>=1;
   1104          		num++;	
   1105          	}
   1106          	tmp=l+(5*s*s)/(3*(3*l+s));		
   1107          	if(num!=0)
   1108          	{
   1109          		tmp<<=num;
   1110          	}		
   1111          	return(tmp);
   1112          }
   1113          /*
   1114          *******************************************************************
   1115          * Title:			s32 Sqrtc(s32 a)
   1116          * Description:		牛顿迭代法开方程序
   1117          * InputParameter:	s32 a<被开方数 >
   1118          * Copyright:		 
   1119          * Company:			 
   1120          * Create Date:		2005.07.18
   1121          * @author:			
   1122          * @version:			V1.00
   1123          * Modify Record:
   1124          *******************************************************************
   1125          */
   1126          /*Xn+1=(Xn+a/Xn)/2 */
   1127          s32 Sqrtc(s32 a)
   1128          {
   1129          	s32 tmp,jw,test_val;
   1130          	if(a<=0)	return(a);
   1131          	tmp=a;
   1132          	jw=0;
   1133          	while(!(tmp&0x40000000))
   1134          	{
   1135          		tmp<<=1;
   1136          		jw++;
   1137          	}
   1138          	if(jw>16)	test_val=255;
   1139          	else		test_val=65535>>(jw>>1);
   1140          	while(1)
   1141          	{
   1142          		tmp=a;
   1143          		tmp>>=16;
   1144          		if(tmp>=test_val)	
   1145          			return(test_val);
   1146          		tmp=a/test_val;
   1147          		if(tmp>=test_val)	
   1148          			return(test_val);
   1149          		test_val=(tmp+test_val)>>1;
   1150          	}
   1151          }
   1152          
   1153          
   1154          
   1155          u8 MEA_Chk_PowScale(long l_P,long l_Q)
   1156          {
   1157          	long d_S;
   1158          	d_S=l_P*l_P + l_Q*l_Q;
   1159          	if(d_S>1690000 || d_S<490000)  //限制向量的模在0.7到1.3倍之间
   1160          		return false;
   1161          	else
   1162          	{
   1163          		if(l_Q<0)		d_S=(u32)(l_P/(-l_Q));
   1164          		else if(l_Q>0)  d_S=(u32)(l_P/l_Q);
   1165          
   1166          		if(d_S<11) return false;  //限制向量角在±5度以内		
   1167          	}
   1168          	return true;
   1169          }
   1170          //时间继电器函数
   1171          void	Timer_cnt_exe(u16 *timer,void (*timer_over)())	
   1172          {
   1173          	if (*timer==0) return;
   1174          	   (*timer)--;
   1175          	if (*timer==0) (*timer_over)();
   1176          }
   1177          
   1178          
   1179          
   1180          // 存储器拷贝
   1181            void MEM_copy(char *p1, uc8 *p2, u8 size)  
   1182          {
   1183            u8 i;
   1184          	for (i=0;i<size;i++)	
   1185          		*p1++ =*p2++;    		
   1186          }
   1187          	
   1188          //存储器清零
   1189          void	MEM_clear(u8 *ptr,u16 num)                          
   1190          {
   1191            u16 i;
   1192          	for (i=0;i<num;i++)
   1193          	 	*ptr++ = 0;
   1194          }
   1195          
   1196          
   1197          void	Bit_clr(u8 *adr,u8 num)			        // 位清除函数
   1198          	{
   1199          	*(adr+(num>>3)) &= ~(1<<(num&7));
   1200          	}
   1201          
   1202          void	Bit_set(u8 *adr,u8 num)			        // 位置位函数
   1203          	{
   1204          	*(adr+(num>>3)) |=  (1<<(num&7));
   1205          	}
   1206          
   1207          void	Bit_cpl(u8 *adr,u8 num)			        // 位取反函数
   1208          	{
   1209          	*(adr+(num>>3)) ^=  (1<<(num&7));
   1210          	}
   1211          
   1212          void	Bit_asn(u8 *adr,u8 num,u8 sts)		        // 位置值函数
   1213          	{
   1214          	if (sts)
   1215          	        *(adr+(num>>3)) |=  (1<<(num&7));
   1216          	else    *(adr+(num>>3)) &= ~(1<<(num&7));
   1217          	}
   1218          
   1219          u8	Bit_tst(u8 *adr,u8 num)			        // 位测试函数
   1220          	{
   1221          	if (*(adr+(num>>3)) & (1<<(num&7))) return(0xFF); else return(0x00);
   1222          	}
   1223          
   1224          
   1225          
   1226          u8	BCD_08(u8 Byte)		                        // 二进制数转换为十进制数
   1227          	{
   1228             	u8 h,a,b;
   1229              	a=(Byte/10)*16;
   1230              	b=Byte%10;
   1231              	h=a+b;
   1232          	return (h);
   1233          	}
   1234          
   1235          u32	BIN_32(u32 Long)			                // 十进制数转换为二进制数
   1236          	{
   1237                  u32 x;
   1238                  x  = BIN_16(Long/65536)*10000;
   1239                  x += BIN_16(Long%65536);
   1240          	return (x);
   1241          	}
   1242          
   1243          u16	BIN_16(u16 Word)			                // 十进制数转换为二进制数
   1244          	{
   1245                  u16 x;
   1246                  x  = BIN_08(Word/256)*100;
   1247                  x += BIN_08(Word%256);
   1248          	return (x);
   1249          	}
   1250          
   1251          u8	BIN_08(u8 Byte)		                        // 十进制数转换为二进制数
   1252          	{
   1253          	return ((Byte/16)*10 + (Byte%16));
   1254          	}
   1255          u16	MAX_2(u16 a,u16 b)
   1256          	{
   1257          		u16 x;
   1258          		x=a;
   1259          		if(x<b)	x=b;		
   1260          		return(x);
   1261          	}
   1262          u16	MAX_3(u16 a,u16 b,u16 c)
   1263          	{
   1264          		u16 x;
   1265          		x=a;
   1266          		if(x<b)	x=b;
   1267          		if(x<c)	x=c;
   1268          		return(x);
   1269          	}
   1270          	
   1271          u32	MIN32_3(u32 a,u32 b,u32 c)
   1272          	{
   1273          		u32 x;
   1274          		x=a;
   1275          		if(x>b)	x=b;
   1276          		if(x>c)	x=c;
   1277          		return(x);
   1278          	}
   1279          ////////////////////////////////////////////////////////////////////
   1280          
   1281          u8 HEX_ASC8 (u8 x)				//二进制转ASCII码
   1282          {
   1283          	if (x<0x0a) return (x+0x30);
   1284          	else return (x+0x37);
   1285          }
   1286          
   1287          void HEX_ASC16(u8 x, char *ptr)			//x为十六进制数,ptr为要存放的ascii码地址
   1288          {										//因为程序中不会出现3位数,故不翻译百位
   1289          	* ptr++ = HEX_ASC8 ((x%100)/10);	//十位
   1290          	* ptr   = HEX_ASC8 ((x%100)%10);	//个位
   1291          }
   1292          
   1293          void HEX16_ASC3 (u16 x, char *ptr)		//x为十六进制数,ptr为要存放的ascii码地址
   1294          {										//翻译百位
   1295          	* ptr++ = HEX_ASC8 (x/100);			//百位
   1296          	* ptr++ = HEX_ASC8 ((x%100)/10);	//十位
   1297          	* ptr   = HEX_ASC8 ((x%100)%10);	//个位
   1298          }
   1299          
   1300          void HEX_ASC32 (u16 x, char *ptr)		//x为十六进制数,ptr为要存放的ascii码地址
   1301          {
   1302          	* ptr++ = HEX_ASC8 (x/0x1000);				//千位
   1303          	* ptr++ = HEX_ASC8 ((x%0x1000)/0x100);			//百位
   1304          	* ptr++ = HEX_ASC8 (((x%0x1000)%0x100)/0x10);		//十位
   1305          	* ptr   = HEX_ASC8 (((x%0x1000)%0x100)%0x10);		//个位
   1306          }
   1307          
   1308          void BCD_ASC16 (u8 x, char *ptr)			//x为十六进制数,ptr为要存放的ascii码地址
   1309          {										//因为程序中不会出现3位数,故不翻译百位
   1310          	* ptr++ = HEX_ASC8 ((x%0x100)/0x10);	//十位
   1311          	* ptr   = HEX_ASC8 ((x%0x100)%0x10);	//个位
   1312          }
   1313          
   1314          void BCD_ASC32 (u16 x, char *ptr)		//x为十六进制数,ptr为要存放的ascii码地址
   1315          {
   1316          //	* ptr++ = HEX_ASC8 (x/1000);				//千位
   1317          	* ptr++ = HEX_ASC8 ((x%1000)/100);			//百位
   1318          	* ptr++ = HEX_ASC8 (((x%1000)%100)/10);		//十位
   1319          	* ptr   = HEX_ASC8 (((x%1000)%100)%10);		//个位
   1320          }
   1321          
   1322          void BCD4_ASC32 (u16 x, char *ptr)		//x为十六进制数,ptr为要存放的ascii码地址
   1323          {
   1324          	* ptr++ = HEX_ASC8 (x/1000);				//千位
   1325          	* ptr++ = HEX_ASC8 ((x%1000)/100);			//百位
   1326          	* ptr++ = HEX_ASC8 (((x%1000)%100)/10);		//十位
   1327          	* ptr   = HEX_ASC8 (((x%1000)%100)%10);		//个位
   1328          }
   1329          
   1330          void BCD5_ASC32 (u16 x, char *ptr)		//x为十六进制数,ptr为要存放的ascii码地址
   1331          {
   1332          	u8	text[2];
   1333          	u16	samp;
   1334          
   1335          	text[0]=text[1]=0;
   1336          	samp=x/1000;
   1337          	if (samp<10)
   1338          	{
   1339          		* ptr++ = HEX_ASC8 (x/1000);				//千位
   1340          		* ptr++ = HEX_ASC8 ((x%1000)/100);			//百位
   1341          		* ptr++ = HEX_ASC8 (((x%1000)%100)/10);		//十位
   1342          		* ptr   = HEX_ASC8 (((x%1000)%100)%10);		//十位
   1343          	}
   1344          	else
   1345          	{
   1346          		HEX_ASC16 ((u8)samp,text);				//千位
   1347          		*ptr++=text[0];
   1348          		*ptr++=text[1];
   1349          		* ptr++ = HEX_ASC8 ((x%1000)/100);			//百位
   1350          		* ptr++ = HEX_ASC8 (((x%1000)%100)/10);		//十位
   1351          		* ptr   = HEX_ASC8 (((x%1000)%100)%10);		//十位
   1352          	}
   1353          }
   1354          
   1355          
   1356          
   1357          u8 ASC_HEX8 (u8 x)
   1358          {
   1359          	if (x>0x39) return (x-0x37);
   1360          	else return (x-0x30);
   1361          }
   1362          
   1363          u8 ASC_HEX16 (u8 x, u8 y)	//x为高位，y为低位(二进制)
   1364          {														
   1365          	return ( ASC_HEX8(x)*10 + ASC_HEX8(y) );
   1366          }
   1367          
   1368          u8 ASC3_HEX16 (u8 x, u8 y, u8 z)	//x为高位，y为中位,z为低位(二进制)
   1369          {														
   1370          	return ( ASC_HEX8(x)*100 + ASC_HEX8(y)*10+ASC_HEX8(z) );
   1371          }
   1372          
   1373          
   1374          u16 ASC_HEX32 (u8 * ptr)	//* ptr为ASCII码起始地址,从高到低排列4位(十进制)
   1375          {														
   1376          	return (ASC_HEX8(*ptr)*1000+ASC_HEX8(*(ptr+1))*100+ASC_HEX8(*(ptr+2))*10+ASC_HEX8(*(ptr+3)));
   1377          }
   1378          
   1379          u16 ASC_BCD32 (u8 * ptr)	//* ptr为ASCII码起始地址,从高到低排列4位(二进制)
   1380          {	
   1381          	return (ASC_HEX8(*ptr)*0x1000+ASC_HEX8(*(ptr+1))*0x100+ASC_HEX8(*(ptr+2))*0x10+ASC_HEX8(*(ptr+3)));
   1382          }
   1383          
   1384          u8 ASC_BCD16 (u8 x, u8 y)	//x为高位，y为低位(二进制)
   1385          {														
   1386          	return ( ASC_HEX8(x)*0x10 + ASC_HEX8(y) );
   1387          }
   1388          
   1389          
   1390          
   1391          
   1392          
   1393          //16位 BCD与16进制的转换函数
   1394          u16 BcdHex(u16 b)
   1395          {
   1396            u16 h;
   1397            h=(b&0xf)+(b&0xf0)/0x10*10;
   1398            h+=(b&0xf00)/0x100*100+(b&0xf000)/0x1000*1000;
   1399            return h;
   1400          }
   1401          
   1402          //8位 BCD与16进制的转换函数
   1403          u8 Bcd_Hex(u8 x)
   1404          { 
   1405            
   1406            u8 h,a,b;
   1407            a=x&0xf;
   1408            b=(x&0xf0)/0x10*10;
   1409            h=a+b;
   1410            return h;
   1411          }
   1412          
   1413          //8位 16进制与BCD的转换函数
   1414          u8 Hex_Bcd(u8 h)
   1415          {
   1416            u8 b,t;
   1417            if(h>99)return 0x99;
   1418            t=h;
   1419            t%=100;
   1420            b=t/10*0x10+t%10;
   1421            return b;
   1422          }
   1423          
   1424          u16 HexBcd(u16 h)
   1425          {
   1426            u16 b,t;
   1427          //  if(h>9999)return 0x9999;
   1428            t=h;
   1429            b=t/1000*0x1000,t%=1000;
   1430            b+=t/100*0x100,t%=100;
   1431            b+=t/10*0x10+t%10;
   1432            return b;
   1433          }
   1434          
   1435          
   1436          u32 HexBcd5(u16 h)
   1437          {
   1438          	u32	b,t;
   1439          	t=h;
   1440          	b=t/10000*0x10000,t%=10000;
   1441          	b+=t/1000*0x1000,t%=1000;
   1442          	b+=t/100*0x100,t%=100;
   1443          	b+=t/10*0x10+t%10;
   1444          	return b;
   1445          }
   1446          
   1447          //BCD小数与16进制小数的转换函数
   1448          u16 FraHex(u16 f)
   1449          {
   1450            return (u16)(((u32)BcdHex(f)*0x10000L+5000)/10000);
   1451          }
   1452          
   1453          u16 HexFra(u16 h)
   1454          {
   1455           // return HexBcd((u16)(((u32)h*10000+0x08000L)/0x10000L));
   1456          	return HexBcd((u16)(((u32)h*10000)/0x10000L));
   1457          }
   1458          
   1459          //BCD定点数与16进制定点数的转换函数
   1460          u32 FixHex(u32 f)
   1461          {
   1462            u16 t1,t2;
   1463            t1=(u16)(f>>16),t2=(u16)f;
   1464            return (((u32)BcdHex(t1)<<16)+FraHex(t2));
   1465          }
   1466          
   1467          u32 HexFix(u32 h)
   1468          {
   1469            u16 t1,t2;
   1470            t1=(u16)(h>>16),t2=(u16)h;
   1471            return (((u32)HexBcd(t1)<<16)+HexFra(t2));
   1472          }
   1473          
   1474          
   1475          void  SetSum8(u8 *pBuff,u8 uLen)           //8位和校验
   1476          {
   1477          	u8	i,uSum;
   1478          	uSum=0;
   1479          	for(i=0;i<uLen;i++)
   1480          		uSum +=*pBuff++;
   1481          	*pBuff=uSum;
   1482          }
   1483          
   1484          //二位小数 0x0080
   1485          u16 Hex2_FD(u16 Value)  
   1486          {
   1487          	 u8 i;
   1488          	 i=8;
   1489          	 if(Value==0)
   1490          		 return 0xff80;  
   1491          	 while(Value<0x8000)
   1492          	 {
   1493          		 Value <<=1;
   1494          		 i--;
   1495          	 }
   1496          	 Value=Value&0xff00;
   1497          	 Value+=i;
   1498          	 return Value;
   1499          }
   1500          
   1501          //二位小数(全整数转浮点) 
   1502          u16 Hex2_FD1(u16 Value)  
   1503          {
   1504          	 u8 i;
   1505          	 i=16;
   1506          	 if(Value==0)
   1507          		 return 0xff80;  
   1508          	 while(Value<0x8000)
   1509          	 {
   1510          		 Value <<=1;
   1511          		 i--;
   1512          	 }
   1513          	 Value=Value&0xff00;  
   1514          	 Value+=i;            
   1515          	 return Value;
   1516          }
   1517          
   1518          //二位小数(14位整数,2位小数转浮点)
   1519          u16 Hex2_FD2(u16 Value)  
   1520          {
   1521          	 u8 i;
   1522          	 i=14;
   1523          	 if(Value==0)
   1524          		 return 0xff80;  
   1525          	 while(Value<0x8000)
   1526          	 {
   1527          		 Value <<=1;
   1528          		 i--;
   1529          	 }
   1530          	 Value=Value&0xff00;
   1531          	 Value+=i;
   1532          	 return Value;
   1533          }
   1534          
   1535          
   1536          u16 Float_Hex(u8 uLowByte,u8 uHighByte)
   1537          {
   1538          u16 wHex;
   1539          	
   1540          	wHex=0;
   1541          	if(uHighByte&0x80)
   1542          	{
   1543          		uHighByte=~uHighByte;
   1544          		uHighByte++;
   1545          		wHex +=uLowByte;
   1546          		wHex=wHex>>uHighByte;
   1547          		if(uHighByte>0x0f)
   1548          		      wHex=0;
   1549          	}
   1550          	else
   1551          	{
   1552          		wHex +=uLowByte;
   1553          		wHex=wHex<<uHighByte;
   1554          	}
   1555          	wHex+=1;
   1556          	return wHex;
   1557          }
   1558          
   1559          
   1560          u16  CalSum16(u8 *pBuff,u8 uLen)           //16位和校验
   1561          {
   1562          	u8	i;
   1563          	u16	wSum;
   1564          	wSum=0;
   1565          	for(i=0;i<uLen;i++)
   1566          		wSum +=*pBuff++;
   1567          	return wSum;
   1568          }
   1569          
   1570          
   1571          
   1572          //一次完成平方、开方运算函数
   1573          //经过测试，该函数调用执行时间大多在140us左右,2005.12.9
   1574          //输入：两个32位整型数a,b
   1575          //输出：幅值=(a^2+b^2)^0.5
   1576          s32 SQRTINT(s32 a,s32 b)
   1577          {
   1578          	s32 L,S;
   1579          	a = a >= 0 ? a : -a;
   1580          	b = b >= 0 ? b : -b;
   1581          	if (a >= b)
   1582          	{
   1583          		L = a;
   1584          		S = b;
   1585          	}
   1586          	else
   1587          	{
   1588          		L = b;
   1589          		S = a;
   1590          	}
   1591          	if (S==0)
   1592          		return(L);
   1593          	if (L==0)
   1594          		return(0);		
   1595          	else
   1596          	{
   1597          		if (S<29300)
   1598          			return((S*S*5)/((L+L+L+S)*3)+L);
   1599          		else
   1600          			return((S*S)/((L+L+L+S)*3)*5+L);
   1601          	}
   1602          }
   1603           
   1604          //////////////////////////////////////////////////////////////////////////////
   1605          //函数名称:RMSfilter(INT32S* buffer, BYTE length)
   1606          //函数作者:zyj
   1607          //创建时间:2006.4.4
   1608          //函数功能:对输入缓冲进行去除突变量滤波：去掉缓冲区最大值和最小值后缩小缓冲区
   1609          //	   该函数改变输入缓冲区数据并且缩小了2个缓冲区大小
   1610          //入口参数:buffer——缓冲区指针
   1611          //	   length——缓冲区长度(字节个数)
   1612          //出口参数:转换后的数据
   1613          //////////////////////////////////////////////////////////////////////////////
   1614          void RMSfilter(s32* buffer, u8 length)
   1615          {
   1616          	s32 wtemp,stemp,rtemp;
   1617          	u8 j,k,m;
   1618          	
   1619          	//查找最大值、最小值位置（1）
   1620          	wtemp=*buffer;		//最大值
   1621          	stemp=*buffer;		//最小值
   1622          	k=0;			//最大值位置
   1623          	m=0;			//最小值位置
   1624          	for(j=0; j<length; j++)
   1625          	{
   1626          		rtemp=*(buffer+j);
   1627          		if(rtemp>wtemp)
   1628          		{
   1629          			wtemp=rtemp;
   1630          			k=j;
   1631          		}
   1632          		if(rtemp<stemp)
   1633          		{
   1634          			stemp=rtemp;
   1635          			m=j;
   1636          		}
   1637          	}
   1638          	//去除最大值，采用移动数组的方法
   1639          	for(j=(k+1); j<length; j++)
   1640          	{
   1641          		*(buffer+j-1)=*(buffer+j);
   1642          	}
   1643          	//去除最小值，采用移动数组的方法
   1644          	if(m>k)
   1645          	{
   1646          		m=m-1;
   1647          	}
   1648          	for(j=(m+1); j<(length-1); j++)
   1649          	{
   1650          		*(buffer+j-1)=*(buffer+j);
   1651          	}
   1652          }
   1653          
   1654          //////////////////////////////////////////////////////////////////
   1655          /*		32位无符号整数快速开方算法函数			//
   1656          函数描述：对一个32bit的小数开平方，最大值7FFFFFFFH，最小值0。结果为16bit的整数
   1657          开方公式：Y(n+1)=Y(n) - [ (Y(n)*Y(n) - X ] /2=Y(n)+X/2-Y(n)*Y(n)/2
   1658          迭代次数：5
   1659          开方精度：2/32768=0.0061%
   1660          Y初始值： 0x5E00
   1661          变更记录：对一个32bit的无符号整数开平方，结果为16bit的整数,必须对上述公式加以变形
   1662          开方公式：$8000*Z(n+1)=$8000*Z(n)+X/4-Z(n)*Z(n)/4
   1663          注意事项：在公式仿真后发现X最高位必须为1,所以要先对数据进行归一化操作;程序执行时间
   1664          	  大约为60us,而且每次执行时间基本相同
   1665          Z初始值	0xBC00
   1666          //作者：zyj							//
   1667          //完成：2004.8.27						//
   1668          //修改：							*/
   1669          //////////////////////////////////////////////////////////////////
   1670          u16 SQRT32C(u32 Sn)
   1671          {
   1672          	u32	Sntemp,Sqtemp,Srtemp;	//
   1673          	u8	Ecount;			//指数查表
   1674          	u8	i;
   1675          	if(Sn<1) return (u16)0;	//防止归一化操作超过31
   1676          	if(Sn<4) return (u16)1;
   1677          	Sntemp = Sn;
   1678          	Ecount = 0;
   1679          	while( !(Sntemp&0x80000000) )	//对被开方数进行归一化操作
   1680          	{
   1681          		Ecount++;
   1682          		Sntemp = Sntemp<<1;	//X
   1683          	}
   1684          	Sqtemp=0xbc00;			//Zn
   1685          	for(i=0; i<5; i++)
   1686          	{
   1687          		Srtemp = Sqtemp*0x8000;
   1688          		Srtemp += Sntemp/4;
   1689          		Srtemp -= Sqtemp*Sqtemp/4;
   1690          		Sqtemp = Srtemp/0x8000;		//Zn+1
   1691          	}
   1692          	return (u16)((Sqtemp*ETABLE[Ecount])/0x10000);
   1693          }
   1694          
   1695          /*****************************************************************************
   1696          功能:计算CRC校验码
   1697          remainder为计算CRC初始值，94规约为0x0000，PLC通信则是0xffff
   1698          Date:
   1699          *****************************************************************************/
   1700          u16  GetCRC16NOT(u8* buf, u16 len)
   1701          {
   1702          	u16 i,remainder = 0xffff;		
   1703          	for(i=0;i<len;i++)
   1704             	{
   1705          		remainder=crcrevhware(buf[i],0xA001,remainder);
   1706             	}
   1707             		return remainder;
   1708          }
   1709          
   1710          u16  GetCRC16(u8* buf, u16 len)
   1711          {
   1712          	u16 i,remainder = 0x0000;		
   1713          	for(i=0;i<len;i++)
   1714             	{
   1715             		remainder=crcrevhware(buf[i],0xA001,remainder);
   1716             	}
   1717             	return remainder;
   1718          }
   1719          
   1720          u16  GetCRC16T(u8* buf, u16 len, u16 remainder)
   1721          {
   1722          	u16 i;		
   1723          	for(i=0;i<len;i++)
   1724             	{
   1725             		remainder=crcrevhware(buf[i],0xA001,remainder);
   1726             	}
   1727             		return remainder;
   1728          }
   1729          
   1730          u16 crcrevhware(u16 data,	u16 genpoly, u16 accum)
   1731          {
   1732          	u8 i;
   1733           	data<<=1;
   1734           	for(i=8;i>0;i--)
   1735           	{
   1736           		data >>=1;
   1737            		if((data ^ accum) & 0x0001)
   1738          	  	{
   1739          	  		accum=(accum>>1) ^ genpoly;
   1740          	  	}
   1741            		else
   1742          	  	{
   1743          	  		accum>>=1;
   1744           		}
   1745           	}
   1746           	return (accum);
   1747          }
   1748          
   1749          u8 GetLAC(u8* buf, u16 len)
   1750          {
   1751          	u8 Result=*buf;   // LAC TCHAR initialized
   1752          	--len;++buf;
   1753          	for(;len >0;--len,++buf) 
   1754          		Result += *buf; // add buffer u8 without carry
   1755          	return Result;
   1756          }

   Maximum stack usage in bytes:

   .cstack Function
   ------- --------
       0   ABSFunc
      24   ASC3_HEX16
        24   -> ASC_HEX8
      16   ASC_BCD16
        16   -> ASC_HEX8
      16   ASC_BCD32
        16   -> ASC_HEX8
      24   ASC_HEX16
        24   -> ASC_HEX8
      16   ASC_HEX32
        16   -> ASC_HEX8
       0   ASC_HEX8
       0   AbcFunc
       0   AbsFunc
       8   Arg_Tan
      16   BCD4_ASC32
        16   -> HEX_ASC8
      24   BCD5_ASC32
        24   -> HEX_ASC16
        24   -> HEX_ASC8
       8   BCD_08
      16   BCD_ASC16
        16   -> HEX_ASC8
      16   BCD_ASC32
        16   -> HEX_ASC8
       0   BIN_08
      16   BIN_16
        16   -> BIN_08
      16   BIN_32
        16   -> BIN_16
       4   BcdHex
       8   Bcd_Hex
       8   Bit_asn
       4   Bit_clr
       4   Bit_cpl
       4   Bit_set
       0   Bit_tst
      40   CAL_UI
        40   -> Sqrtc
        40   -> __aeabi_d2uiz
        40   -> __aeabi_dmul
        40   -> __aeabi_i2d
      40   CAL_UIB
        40   -> Sqrtc
        40   -> __aeabi_d2uiz
        40   -> __aeabi_dmul
        40   -> __aeabi_i2d
       8   CalSum16
      56   ChaFen_36DFT
        56   -> Sqrtc
      24   DFT
      24   DR_ADD_Flex
        24   -> Sqrtb
      24   DR_sub_Flex
        24   -> Sqrtb
      24   FixHex
        24   -> BcdHex
        24   -> FraHex
       0   Float_Hex
       8   FraHex
         8   -> BcdHex
      52   Freq_Calculate
      24   GetCRC16
        24   -> crcrevhware
      24   GetCRC16NOT
        24   -> crcrevhware
      24   GetCRC16T
        24   -> crcrevhware
       0   GetLAC
      16   HEX16_ASC3
        16   -> HEX_ASC8
      16   HEX_ASC16
        16   -> HEX_ASC8
      16   HEX_ASC32
        16   -> HEX_ASC8
       0   HEX_ASC8
      56   He_36DFT
        56   -> Sqrtc
      28   He_DFT
       0   Hex2_FD
       0   Hex2_FD1
       0   Hex2_FD2
       4   HexBcd
       4   HexBcd5
      24   HexFix
        24   -> HexBcd
        24   -> HexFra
       8   HexFra
         8   -> HexBcd
       8   Hex_Bcd
       8   LP_Calculate
       8   Lib_CRC16
      16   Lib_check_crc16
        16   -> Lib_CRC16
       4   MAX_2
       8   MAX_3
       0   MEA_Chk_PowScale
       4   MEM_clear
       8   MEM_copy
       0   MIN32_3
      64   PQ_Calculate
        64   -> abs
      64   PQ_Calculate2
        64   -> __aeabi_d2iz
        64   -> __aeabi_ddiv
        64   -> __aeabi_i2d
        64   -> abs
      64   PQ_CalculateBH
        64   -> abs
      20   RMSfilter
      12   SQRT32C
       8   SQRTINT
       8   SetSum8
      16   Sqrtb
       8   Sqrtc
      24   Tbl_BanBoJf_Calculate
        24   -> Tbl_Calculate
      20   Tbl_Calculate
      16   Timer_cnt_exe
        16   -- Indirect call
       8   UI12_Calculate
      24   UI_ANG
        24   -> Arg_Tan
      32   UI_Calculate
        32   -> Sqrtc
      40   UU_Calculate
        40   -> Sqrtc
       4   crcrevhware


   Section sizes:

   Bytes  Function/Label
   -----  --------------
       4  ??DataTable12
       4  ??DataTable12_1
       4  ??DataTable12_2
       4  ??DataTable14
       4  ??DataTable14_1
       4  ??DataTable14_10
       4  ??DataTable14_2
       4  ??DataTable14_3
       4  ??DataTable14_4
       4  ??DataTable14_5
       4  ??DataTable14_6
       4  ??DataTable14_7
       4  ??DataTable14_8
       4  ??DataTable14_9
       4  ??DataTable15
       4  ??DataTable15_1
       4  ??DataTable15_2
       4  ??DataTable15_3
       4  ??DataTable15_4
       4  ??DataTable15_5
      22  ABSFunc
      52  ASC3_HEX16
      34  ASC_BCD16
      68  ASC_BCD32
      36  ASC_HEX16
      66  ASC_HEX32
      18  ASC_HEX8
      12  AbcFunc
      12  AbsFunc
     162  Arg_Tan
     140  BCD4_ASC32
     314  BCD5_ASC32
      42  BCD_08
      70  BCD_ASC16
     120  BCD_ASC32
      32  BIN_08
      60  BIN_16
      38  BIN_32
      80  BcdHex
      38  Bcd_Hex
      58  Bit_asn
      28  Bit_clr
      28  Bit_cpl
      28  Bit_set
      28  Bit_tst
     210  CAL_UI
     202  CAL_UIB
      42  CalSum16
     224  ChaFen_36DFT
     144  D36DFT_XS
     288  D72DFT_XS
     162  DFT
     160  DFT_XS
      46  DR_ADD_Flex
      38  DR_sub_Flex
      64  ETABLE
      32  FTANPAR
      38  FixHex
      50  Float_Hex
      36  FraHex
     584  Freq_Calculate
      54  GetCRC16
      56  GetCRC16NOT
      54  GetCRC16T
      28  GetLAC
      84  HEX16_ASC3
      66  HEX_ASC16
     146  HEX_ASC32
      18  HEX_ASC8
     166  He_36DFT
     280  He_DFT
      46  Hex2_FD
      46  Hex2_FD1
      46  Hex2_FD2
     104  HexBcd
     114  HexBcd5
      38  HexFix
      24  HexFra
      62  Hex_Bcd
      70  LP_Calculate
      58  Lib_CRC16
      44  Lib_check_crc16
      26  MAX_2
      40  MAX_3
      68  MEA_Chk_PowScale
      32  MEM_clear
      36  MEM_copy
      18  MIN32_3
     394  PQ_Calculate
     384  PQ_Calculate2
     402  PQ_CalculateBH
     176  RMSfilter
     102  SQRT32C
     108  SQRTINT
      38  SetSum8
     108  Sqrtb
      84  Sqrtc
      16  TABCOS
      16  TABSIN
     360  Tan
      84  Tbl_BanBoJf_Calculate
      94  Tbl_Calculate
      28  Timer_cnt_exe
     158  UI12_Calculate
     130  UI_ANG
     112  UI_Calculate
     126  UU_Calculate
      64  UnSIN
     256  auchCRCHi
     256  auchCRCLo
      56  crcrevhware
      32  fax
       1  fint
      40  l_DCValue

 
    73 bytes in section .bss
   192 bytes in section .data
 1 464 bytes in section .rodata
 7 706 bytes in section .text
 
 7 706 bytes of CODE  memory
 1 464 bytes of CONST memory
   265 bytes of DATA  memory

Errors: none
Warnings: 8
