###############################################################################
#
# IAR ELF Linker V7.70.2.11706/W32 for ARM                17/Jun/2026  08:45:31
# Copyright 2007-2016 IAR Systems AB.
#
#    Output file  =  
#        D:\2-通用定制归档程序\04-通用程序\00-900F\【通用程序】ZRR900FV2HYLCD-ATF3.03-解决零漂-8BA6-0F1B-20260316\00-源码\ZRR900FV2HYLCDATFSoftUlib-V2.0-20260316\Debug\Exe\ZRR900FV2HYLCDATFALL_flash.out.tmp
#    Map file     =  
#        D:\2-通用定制归档程序\04-通用程序\00-900F\【通用程序】ZRR900FV2HYLCD-ATF3.03-解决零漂-8BA6-0F1B-20260316\00-源码\ZRR900FV2HYLCDATFSoftUlib-V2.0-20260316\Debug\List\ZRR900FV2HYLCDATFALL_flash.map
#    Command line =  
#        D:\2-通用定制归档程序\04-通用程序\00-900F\【通用程序】ZRR900FV2HYLCD-ATF3.03-解决零漂-8BA6-0F1B-20260316\00-源码\ZRR900FV2HYLCDATFSoftUlib-V2.0-20260316\Debug\Obj\Bhjdq.o
#        D:\2-通用定制归档程序\04-通用程序\00-900F\【通用程序】ZRR900FV2HYLCD-ATF3.03-解决零漂-8BA6-0F1B-20260316\00-源码\ZRR900FV2HYLCDATFSoftUlib-V2.0-20260316\Debug\Obj\Drive.o
#        D:\2-通用定制归档程序\04-通用程序\00-900F\【通用程序】ZRR900FV2HYLCD-ATF3.03-解决零漂-8BA6-0F1B-20260316\00-源码\ZRR900FV2HYLCDATFSoftUlib-V2.0-20260316\Debug\Obj\Eep.o
#        D:\2-通用定制归档程序\04-通用程序\00-900F\【通用程序】ZRR900FV2HYLCD-ATF3.03-解决零漂-8BA6-0F1B-20260316\00-源码\ZRR900FV2HYLCDATFSoftUlib-V2.0-20260316\Debug\Obj\EventManage.o
#        D:\2-通用定制归档程序\04-通用程序\00-900F\【通用程序】ZRR900FV2HYLCD-ATF3.03-解决零漂-8BA6-0F1B-20260316\00-源码\ZRR900FV2HYLCDATFSoftUlib-V2.0-20260316\Debug\Obj\Flash.o
#        D:\2-通用定制归档程序\04-通用程序\00-900F\【通用程序】ZRR900FV2HYLCD-ATF3.03-解决零漂-8BA6-0F1B-20260316\00-源码\ZRR900FV2HYLCDATFSoftUlib-V2.0-20260316\Debug\Obj\GlobeDef.o
#        D:\2-通用定制归档程序\04-通用程序\00-900F\【通用程序】ZRR900FV2HYLCD-ATF3.03-解决零漂-8BA6-0F1B-20260316\00-源码\ZRR900FV2HYLCDATFSoftUlib-V2.0-20260316\Debug\Obj\Hzk.o
#        D:\2-通用定制归档程序\04-通用程序\00-900F\【通用程序】ZRR900FV2HYLCD-ATF3.03-解决零漂-8BA6-0F1B-20260316\00-源码\ZRR900FV2HYLCDATFSoftUlib-V2.0-20260316\Debug\Obj\lcd_drv.o
#        D:\2-通用定制归档程序\04-通用程序\00-900F\【通用程序】ZRR900FV2HYLCD-ATF3.03-解决零漂-8BA6-0F1B-20260316\00-源码\ZRR900FV2HYLCDATFSoftUlib-V2.0-20260316\Debug\Obj\Lib.o
#        D:\2-通用定制归档程序\04-通用程序\00-900F\【通用程序】ZRR900FV2HYLCD-ATF3.03-解决零漂-8BA6-0F1B-20260316\00-源码\ZRR900FV2HYLCDATFSoftUlib-V2.0-20260316\Debug\Obj\main.o
#        D:\2-通用定制归档程序\04-通用程序\00-900F\【通用程序】ZRR900FV2HYLCD-ATF3.03-解决零漂-8BA6-0F1B-20260316\00-源码\ZRR900FV2HYLCDATFSoftUlib-V2.0-20260316\Debug\Obj\MenuDiplay.o
#        D:\2-通用定制归档程序\04-通用程序\00-900F\【通用程序】ZRR900FV2HYLCD-ATF3.03-解决零漂-8BA6-0F1B-20260316\00-源码\ZRR900FV2HYLCDATFSoftUlib-V2.0-20260316\Debug\Obj\PModbusS.o
#        D:\2-通用定制归档程序\04-通用程序\00-900F\【通用程序】ZRR900FV2HYLCD-ATF3.03-解决零漂-8BA6-0F1B-20260316\00-源码\ZRR900FV2HYLCDATFSoftUlib-V2.0-20260316\Debug\Obj\Rly_lib.o
#        D:\2-通用定制归档程序\04-通用程序\00-900F\【通用程序】ZRR900FV2HYLCD-ATF3.03-解决零漂-8BA6-0F1B-20260316\00-源码\ZRR900FV2HYLCDATFSoftUlib-V2.0-20260316\Debug\Obj\Set.o
#        D:\2-通用定制归档程序\04-通用程序\00-900F\【通用程序】ZRR900FV2HYLCD-ATF3.03-解决零漂-8BA6-0F1B-20260316\00-源码\ZRR900FV2HYLCDATFSoftUlib-V2.0-20260316\Debug\Obj\startup_stm32f10x_atf403a.o
#        D:\2-通用定制归档程序\04-通用程序\00-900F\【通用程序】ZRR900FV2HYLCD-ATF3.03-解决零漂-8BA6-0F1B-20260316\00-源码\ZRR900FV2HYLCDATFSoftUlib-V2.0-20260316\Debug\Obj\stm32f10x_it.o
#        D:\2-通用定制归档程序\04-通用程序\00-900F\【通用程序】ZRR900FV2HYLCD-ATF3.03-解决零漂-8BA6-0F1B-20260316\00-源码\ZRR900FV2HYLCDATFSoftUlib-V2.0-20260316\Debug\Obj\system_stm32f10x.o
#        D:\2-通用定制归档程序\04-通用程序\00-900F\【通用程序】ZRR900FV2HYLCD-ATF3.03-解决零漂-8BA6-0F1B-20260316\00-源码\ZRR900FV2HYLCDATFSoftUlib-V2.0-20260316\Debug\Obj\Tim.o
#        D:\2-通用定制归档程序\04-通用程序\00-900F\【通用程序】ZRR900FV2HYLCD-ATF3.03-解决零漂-8BA6-0F1B-20260316\00-源码\ZRR900FV2HYLCDATFSoftUlib-V2.0-20260316\ZRR900FV2HYLCDATFALL.a
#        --redirect _Printf=_PrintfFull --redirect _Scanf=_ScanfFull -o
#        D:\2-通用定制归档程序\04-通用程序\00-900F\【通用程序】ZRR900FV2HYLCD-ATF3.03-解决零漂-8BA6-0F1B-20260316\00-源码\ZRR900FV2HYLCDATFSoftUlib-V2.0-20260316\Debug\Exe\ZRR900FV2HYLCDATFALL_flash.out.tmp
#        --map
#        D:\2-通用定制归档程序\04-通用程序\00-900F\【通用程序】ZRR900FV2HYLCD-ATF3.03-解决零漂-8BA6-0F1B-20260316\00-源码\ZRR900FV2HYLCDATFSoftUlib-V2.0-20260316\Debug\List\ZRR900FV2HYLCDATFALL_flash.map
#        --config
#        D:\2-通用定制归档程序\04-通用程序\00-900F\【通用程序】ZRR900FV2HYLCD-ATF3.03-解决零漂-8BA6-0F1B-20260316\00-源码\ZRR900FV2HYLCDATFSoftUlib-V2.0-20260316\stm32f10x_flash.icf
#        --keep __checksum --semihosting --entry __iar_program_start
#        --place_holder __checksum,4,.checksum,4 --define_symbol
#        __checksum_begin=0x8004000 --define_symbol __checksum_end=0x803fffb
#        --vfe
#
###############################################################################

*******************************************************************************
*** RUNTIME MODEL ATTRIBUTES
***

CppFlavor                     = *
__Heap_Handler                = Basic
__SystemLibrary               = DLib
__dlib_dynamic_initialization = normal


*******************************************************************************
*** PLACEMENT SUMMARY
***

"A0":  place at 0x08004000 { ro section .intvec };
"A1":  place at end of [0x08004000-0x0803ffff] { ro section .checksum };
"A2":  place at 0x0803ffd0 { ro section .xhtype };
"P1":  place in [from 0x08004000 to 0x0803ffff] { ro };
"P2":  place in [from 0x20000000 to 0x20037fff] { rw, block CSTACK, block HEAP };
initialize by copy { rw };

  Section             Kind        Address     Size  Object
  -------             ----        -------     ----  ------
"A0":                                        0x17c
  .intvec             ro code  0x08004000    0x17c  startup_stm32f10x_atf403a.o [1]
                             - 0x0800417c    0x17c

"P1":                                      0x23ebe
  .text               ro code  0x0800417c   0x5eb0  MenuDiplay.o [1]
  .text               ro code  0x0800a02c   0x167c  lcd_drv.o [1]
  .text               ro code  0x0800b6a8   0x1680  Drive.o [1]
  .text               ro code  0x0800cd28   0x1278  Lib.o [1]
  .text               ro code  0x0800dfa0    0xbe4  EventManage.o [1]
  .text               ro code  0x0800eb84    0xd88  Set.o [1]
  .text               ro code  0x0800f90c     0xde  Eep.o [1]
  .text               ro code  0x0800f9ea      0xa  xsprout.o [4]
  .text               ro code  0x0800f9f4     0x76  ABImemcpy_unaligned.o [6]
  .rodata             const    0x0800fa6a      0x1  GlobeDef.o [1]
  .rodata             const    0x0800fa6b      0x1  GlobeDef.o [1]
  .text               ro code  0x0800fa6c    0x55c  Flash.o [1]
  .text               ro code  0x0800ffc8     0x34  sprintf.o [4]
  .text               ro code  0x0800fffc    0x4d2  SD3077.o [3]
  .rodata             const    0x080104ce      0x1  GlobeDef.o [1]
  .rodata             const    0x080104cf      0x1  GlobeDef.o [1]
  .text               ro code  0x080104d0     0x36  strlen.o [6]
  .rodata             const    0x08010506      0x1  GlobeDef.o [1]
  .rodata             const    0x08010507      0x1  GlobeDef.o [1]
  .text               ro code  0x08010508    0xb2c  UartDrv.o [3]
  .text               ro code  0x08011034   0x26a0  Rly_lib.o [1]
  .text               ro code  0x080136d4    0x132  I64DivMod.o [6]
  .rodata             const    0x08013806      0x1  GlobeDef.o [1]
  .rodata             const    0x08013807      0x1  GlobeDef.o [1]
  .text               ro code  0x08013808    0x544  w25Q64.o [3]
  .text               ro code  0x08013d4c    0x658  stm32f10x_gpio.o [3]
  .text               ro code  0x080143a4     0x38  stm32f10x_iwdg.o [3]
  .text               ro code  0x080143dc    0x128  stm32f10x_tim.o [3]
  .text               ro code  0x08014504    0x1c4  stm32f10x_adc.o [3]
  .text               ro code  0x080146c8     0x30  I32ToDbl.o [5]
  .text               ro code  0x080146f8    0x1a2  DblMul.o [5]
  .rodata             const    0x0801489a      0x1  GlobeDef.o [1]
  .rodata             const    0x0801489b      0x1  GlobeDef.o [1]
  .text               ro code  0x0801489c     0x58  DblToI32.o [5]
  .text               ro code  0x080148f4      0x8  abs.o [4]
  .text               ro code  0x080148fc     0x62  memcmp_unaligned.o [6]
  .rodata             const    0x0801495e      0x1  GlobeDef.o [1]
  .rodata             const    0x0801495f      0x1  GlobeDef.o [1]
  .text               ro code  0x08014960   0x118a  xprintffull.o [4]
  .rodata             const    0x08015aea      0x1  GlobeDef.o [1]
  .rodata             const    0x08015aeb      0x1  GlobeDef.o [1]
  .text               ro code  0x08015aec    0x31c  stm32f10x_dma.o [3]
  .text               ro code  0x08015e08    0x1d4  stm32f10x_usart.o [3]
  .text               ro code  0x08015fdc    0x1f8  stm32f10x_rcc.o [3]
  .text               ro code  0x080161d4   0x2fa0  Bhjdq.o [1]
  .text               ro code  0x08019174    0x256  DblDiv.o [5]
  .rodata             const    0x080193ca      0x1  GlobeDef.o [1]
  .rodata             const    0x080193cb      0x1  GlobeDef.o [1]
  .text               ro code  0x080193cc      0x2  I64DivZer.o [6]
  .rodata             const    0x080193ce      0x1  GlobeDef.o [1]
  .rodata             const    0x080193cf      0x1  GlobeDef.o [1]
  .text               ro code  0x080193d0     0x9a  stm32f10x_spi.o [3]
  .text               ro code  0x0801946a     0x20  xmbtowc.o [4]
  .text               ro code  0x0801948c     0x16  strchr.o [6]
  .text               ro code  0x080194a4     0x58  memchr.o [6]
  .text               ro code  0x080194fc      0xa  xmbcurmax.o [4]
  .text               ro code  0x08019508     0xb0  xxmemxmalloc.o [4]
  .text               ro code  0x080195b8     0x1a  xwctomb.o [4]
  .text               ro code  0x080195d4     0x80  xxmemxfree.o [4]
  .text               ro code  0x08019654     0x44  xdnorm.o [5]
  .text               ro code  0x08019698     0x2e  DblCmpLe.o [5]
  .text               ro code  0x080196c8     0x2e  DblCmpGe.o [5]
  .text               ro code  0x080196f8    0x114  xdscale.o [5]
  .text               ro code  0x0801980c    0x180  DblSub.o [5]
  .text               ro code  0x0801998c     0x6c  localeconv.o [4]
  .text               ro code  0x080199f8      0xe  div.o [4]
  .text               ro code  0x08019a08     0x14  setlocale.o [4]
  .text               ro code  0x08019a1c     0x60  xencoding_sb.o [4]
  .text               ro code  0x08019a7c     0x2c  xgetmemchunk.o [4]
  .text               ro code  0x08019aa8     0xd4  DblAdd.o [5]
  .text               ro code  0x08019b7c      0x2  xtls.o [4]
  .rodata             const    0x08019b80   0x3200  Hzk.o [1]
  .text               ro code  0x0801cd80   0x2bb2  PModbusS.o [1]
  .text               ro code  0x0801f934    0x620  PONLSJ.o [3]
  .text               ro code  0x0801ff54     0x4e  FltToDbl.o [5]
  .text               ro code  0x0801ffa4     0x90  DblToFlt.o [5]
  .text               ro code  0x08020034     0x42  strcmp_unaligned.o [6]
  .rodata             const    0x08020078   0x1378  GlobeDef.o [1]
  .rodata             const    0x080213f0   0x1378  GlobeDef.o [1]
  .rodata             const    0x08022768    0xf4c  GlobeDef.o [1]
  .text               ro code  0x080236b4    0x74c  main.o [1]
  .text               ro code  0x08023e00    0x170  stm32f10x_flash.o [3]
  .text               ro code  0x08023f70     0x9c  misc.o [3]
  .rodata             const    0x0802400c    0x600  Hzk.o [1]
  .text               ro code  0x0802460c    0x5ac  Tim.o [1]
  .rodata             const    0x08024bb8    0x500  GlobeDef.o [1]
  .rodata             const    0x080250b8    0x500  GlobeDef.o [1]
  .rodata             const    0x080255b8    0x500  GlobeDef.o [1]
  .rodata             const    0x08025ab8    0x320  Hzk.o [1]
  .text               ro code  0x08025dd8    0x2cc  stm32f10x_it.o [1]
  .text               ro code  0x080260a4     0x48  stm32f10x_rtc.o [3]
  .text               ro code  0x080260ec      0xc  stm32f10x_pwr.o [3]
  .rodata             const    0x080260f8    0x168  Lib.o [1]
  .text               ro code  0x08026260    0x15c  system_stm32f10x.o [1]
  .rodata             const    0x080263bc    0x100  Lib.o [1]
  .rodata             const    0x080264bc    0x100  Lib.o [1]
  .rodata             const    0x080265bc     0xf0  GlobeDef.o [1]
  .rodata             const    0x080266ac     0xf0  GlobeDef.o [1]
  .rodata             const    0x0802679c     0xf0  GlobeDef.o [1]
  .rodata             const    0x0802688c     0xd0  GlobeDef.o [1]
  .rodata             const    0x0802695c     0xc0  GlobeDef.o [1]
  .rodata             const    0x08026a1c     0xb4  MenuDiplay.o [1]
  .rodata             const    0x08026ad0     0xb0  GlobeDef.o [1]
  .rodata             const    0x08026b80     0xb0  GlobeDef.o [1]
  .rodata             const    0x08026c30     0xa0  Lib.o [1]
  .rodata             const    0x08026cd0     0xa0  MenuDiplay.o [1]
  .rodata             const    0x08026d70     0xa0  MenuDiplay.o [1]
  .rodata             const    0x08026e10     0x9c  GlobeDef.o [1]
  .rodata             const    0x08026eac     0x9c  GlobeDef.o [1]
  .rodata             const    0x08026f48     0x8c  MenuDiplay.o [1]
  .rodata             const    0x08026fd4     0x8c  MenuDiplay.o [1]
  .rodata             const    0x08027060     0x88  GlobeDef.o [1]
  .rodata             const    0x080270e8     0x78  GlobeDef.o [1]
  .rodata             const    0x08027160     0x60  GlobeDef.o [1]
  .rodata             const    0x080271c0     0x50  MenuDiplay.o [1]
  .rodata             const    0x08027210     0x48  MenuDiplay.o [1]
  .rodata             const    0x08027258     0x40  MenuDiplay.o [1]
  .text               ro code  0x08027298     0x40  zero_init3.o [6]
  .rodata             const    0x080272d8     0x3c  MenuDiplay.o [1]
  .rodata             const    0x08027314     0x3c  MenuDiplay.o [1]
  .rodata             const    0x08027350     0x3c  Rly_lib.o [1]
  .rodata             const    0x0802738c     0x3c  Rly_lib.o [1]
  .text               ro code  0x080273c8     0x38  packbits_init_single.o [6]
  .rodata             const    0x08027400     0x28  MenuDiplay.o [1]
  .rodata             const    0x08027428     0x28  MenuDiplay.o [1]
  .rodata             const    0x08027450     0x28  MenuDiplay.o [1]
  .rodata             const    0x08027478     0x28  MenuDiplay.o [1]
  .rodata             const    0x080274a0     0x28  MenuDiplay.o [1]
  .rodata             const    0x080274c8     0x28  MenuDiplay.o [1]
  .text               ro code  0x080274f0     0x28  data_init.o [6]
  .rodata             const    0x08027518     0x24  GlobeDef.o [1]
  .rodata             const    0x0802753c     0x24  GlobeDef.o [1]
  .rodata             const    0x08027560     0x24  GlobeDef.o [1]
  .text               ro code  0x08027584     0x22  fpinit_M.o [5]
  .iar.init_table     const    0x080275a8     0x20  - Linker created -
  .rodata             const    0x080275c8     0x20  MenuDiplay.o [1]
  .rodata             const    0x080275e8     0x20  PModbusS.o [1]
  .rodata             const    0x08027608     0x1c  GlobeDef.o [1]
  .rodata             const    0x08027624     0x1c  GlobeDef.o [1]
  .rodata             const    0x08027640     0x1c  MenuDiplay.o [1]
  .rodata             const    0x0802765c     0x1c  PModbusS.o [1]
  .rodata             const    0x08027678     0x1c  PModbusS.o [1]
  .rodata             const    0x08027694     0x1c  UartDrv.o [3]
  .text               ro code  0x080276b0     0x1a  cmain.o [6]
  .text               ro code  0x080276ca      0x4  low_level_init.o [4]
  .text               ro code  0x080276ce      0x4  exit.o [4]
  .text               ro code  0x080276d4      0xa  cexit.o [6]
  .text               ro code  0x080276e0     0x14  exit.o [7]
  .rodata             const    0x080276f4     0x18  GlobeDef.o [1]
  .rodata             const    0x0802770c     0x18  MenuDiplay.o [1]
  .rodata             const    0x08027724     0x18  MenuDiplay.o [1]
  .rodata             const    0x0802773c     0x18  MenuDiplay.o [1]
  .rodata             const    0x08027754     0x18  MenuDiplay.o [1]
  .rodata             const    0x0802776c     0x18  PModbusS.o [1]
  .rodata             const    0x08027784     0x18  PModbusS.o [1]
  .rodata             const    0x0802779c     0x18  PModbusS.o [1]
  .rodata             const    0x080277b4     0x18  PModbusS.o [1]
  .rodata             const    0x080277cc     0x14  GlobeDef.o [1]
  .rodata             const    0x080277e0     0x14  GlobeDef.o [1]
  .rodata             const    0x080277f4     0x14  GlobeDef.o [1]
  .rodata             const    0x08027808     0x14  GlobeDef.o [1]
  .rodata             const    0x0802781c     0x14  GlobeDef.o [1]
  .rodata             const    0x08027830     0x14  MenuDiplay.o [1]
  .rodata             const    0x08027844     0x14  MenuDiplay.o [1]
  .rodata             const    0x08027858     0x14  MenuDiplay.o [1]
  .rodata             const    0x0802786c     0x14  MenuDiplay.o [1]
  .rodata             const    0x08027880     0x14  MenuDiplay.o [1]
  .rodata             const    0x08027894     0x14  MenuDiplay.o [1]
  .rodata             const    0x080278a8     0x14  MenuDiplay.o [1]
  .rodata             const    0x080278bc     0x14  MenuDiplay.o [1]
  .rodata             const    0x080278d0     0x14  MenuDiplay.o [1]
  .rodata             const    0x080278e4     0x14  MenuDiplay.o [1]
  .rodata             const    0x080278f8     0x14  MenuDiplay.o [1]
  .rodata             const    0x0802790c     0x14  MenuDiplay.o [1]
  .rodata             const    0x08027920     0x14  MenuDiplay.o [1]
  .rodata             const    0x08027934     0x14  PModbusS.o [1]
  .rodata             const    0x08027948     0x14  PModbusS.o [1]
  .rodata             const    0x0802795c     0x10  Drive.o [1]
  .rodata             const    0x0802796c     0x10  GlobeDef.o [1]
  .rodata             const    0x0802797c     0x10  GlobeDef.o [1]
  .rodata             const    0x0802798c     0x10  MenuDiplay.o [1]
  .rodata             const    0x0802799c     0x10  MenuDiplay.o [1]
  .rodata             const    0x080279ac     0x10  MenuDiplay.o [1]
  .rodata             const    0x080279bc     0x10  MenuDiplay.o [1]
  .rodata             const    0x080279cc     0x10  MenuDiplay.o [1]
  .rodata             const    0x080279dc     0x10  MenuDiplay.o [1]
  .rodata             const    0x080279ec     0x10  MenuDiplay.o [1]
  .rodata             const    0x080279fc     0x10  MenuDiplay.o [1]
  .rodata             const    0x08027a0c     0x10  MenuDiplay.o [1]
  .rodata             const    0x08027a1c     0x10  MenuDiplay.o [1]
  .rodata             const    0x08027a2c     0x10  MenuDiplay.o [1]
  .rodata             const    0x08027a3c     0x10  MenuDiplay.o [1]
  .rodata             const    0x08027a4c     0x10  MenuDiplay.o [1]
  .rodata             const    0x08027a5c     0x10  MenuDiplay.o [1]
  .rodata             const    0x08027a6c     0x10  MenuDiplay.o [1]
  .rodata             const    0x08027a7c     0x10  MenuDiplay.o [1]
  .rodata             const    0x08027a8c     0x10  MenuDiplay.o [1]
  .rodata             const    0x08027a9c     0x10  MenuDiplay.o [1]
  .rodata             const    0x08027aac     0x10  MenuDiplay.o [1]
  .rodata             const    0x08027abc     0x10  MenuDiplay.o [1]
  .rodata             const    0x08027acc     0x10  MenuDiplay.o [1]
  .rodata             const    0x08027adc     0x10  MenuDiplay.o [1]
  .rodata             const    0x08027aec     0x10  MenuDiplay.o [1]
  .rodata             const    0x08027afc     0x10  MenuDiplay.o [1]
  .rodata             const    0x08027b0c     0x10  MenuDiplay.o [1]
  .rodata             const    0x08027b1c     0x10  MenuDiplay.o [1]
  .rodata             const    0x08027b2c     0x10  MenuDiplay.o [1]
  .rodata             const    0x08027b3c     0x10  MenuDiplay.o [1]
  .rodata             const    0x08027b4c     0x10  PModbusS.o [1]
  .rodata             const    0x08027b5c     0x10  PModbusS.o [1]
  .rodata             const    0x08027b6c     0x10  PModbusS.o [1]
  .rodata             const    0x08027b7c     0x10  PModbusS.o [1]
  .rodata             const    0x08027b8c     0x10  PModbusS.o [1]
  .text               ro code  0x08027b9c     0x10  startup_stm32f10x_atf403a.o [1]
  .rodata             const    0x08027bac      0xc  lcd_drv.o [1]
  .rodata             const    0x08027bb8      0xc  lcd_drv.o [1]
  .rodata             const    0x08027bc4      0xc  MenuDiplay.o [1]
  .rodata             const    0x08027bd0      0xc  MenuDiplay.o [1]
  .rodata             const    0x08027bdc      0xc  MenuDiplay.o [1]
  .rodata             const    0x08027be8      0xc  MenuDiplay.o [1]
  .rodata             const    0x08027bf4      0xc  MenuDiplay.o [1]
  .rodata             const    0x08027c00      0xc  MenuDiplay.o [1]
  .rodata             const    0x08027c0c      0xc  MenuDiplay.o [1]
  .rodata             const    0x08027c18      0xc  MenuDiplay.o [1]
  .rodata             const    0x08027c24      0xc  MenuDiplay.o [1]
  .rodata             const    0x08027c30      0xc  MenuDiplay.o [1]
  .rodata             const    0x08027c3c      0xc  MenuDiplay.o [1]
  .rodata             const    0x08027c48      0xc  MenuDiplay.o [1]
  .rodata             const    0x08027c54      0xc  MenuDiplay.o [1]
  .rodata             const    0x08027c60      0xc  MenuDiplay.o [1]
  .rodata             const    0x08027c6c      0xc  MenuDiplay.o [1]
  .rodata             const    0x08027c78      0xc  MenuDiplay.o [1]
  .rodata             const    0x08027c84      0xc  MenuDiplay.o [1]
  .rodata             const    0x08027c90      0xc  MenuDiplay.o [1]
  .rodata             const    0x08027c9c      0xc  MenuDiplay.o [1]
  .rodata             const    0x08027ca8      0xc  MenuDiplay.o [1]
  .rodata             const    0x08027cb4      0xc  MenuDiplay.o [1]
  .rodata             const    0x08027cc0      0xc  MenuDiplay.o [1]
  .rodata             const    0x08027ccc      0xc  MenuDiplay.o [1]
  .rodata             const    0x08027cd8      0xc  MenuDiplay.o [1]
  .rodata             const    0x08027ce4      0xc  MenuDiplay.o [1]
  .rodata             const    0x08027cf0      0xc  MenuDiplay.o [1]
  .rodata             const    0x08027cfc      0xc  MenuDiplay.o [1]
  .rodata             const    0x08027d08      0xc  MenuDiplay.o [1]
  .rodata             const    0x08027d14      0xc  MenuDiplay.o [1]
  .rodata             const    0x08027d20      0xc  MenuDiplay.o [1]
  .rodata             const    0x08027d2c      0xc  MenuDiplay.o [1]
  .rodata             const    0x08027d38      0xc  MenuDiplay.o [1]
  .rodata             const    0x08027d44      0xc  MenuDiplay.o [1]
  .rodata             const    0x08027d50      0xc  MenuDiplay.o [1]
  .rodata             const    0x08027d5c      0xc  MenuDiplay.o [1]
  .rodata             const    0x08027d68      0xc  MenuDiplay.o [1]
  .rodata             const    0x08027d74      0xc  MenuDiplay.o [1]
  .rodata             const    0x08027d80      0xc  MenuDiplay.o [1]
  .rodata             const    0x08027d8c      0xc  MenuDiplay.o [1]
  .rodata             const    0x08027d98      0xc  MenuDiplay.o [1]
  .rodata             const    0x08027da4      0xc  MenuDiplay.o [1]
  .rodata             const    0x08027db0      0xc  MenuDiplay.o [1]
  .rodata             const    0x08027dbc      0xc  MenuDiplay.o [1]
  .rodata             const    0x08027dc8      0xc  MenuDiplay.o [1]
  .rodata             const    0x08027dd4      0xc  MenuDiplay.o [1]
  .rodata             const    0x08027de0      0xc  MenuDiplay.o [1]
  .rodata             const    0x08027dec      0xc  MenuDiplay.o [1]
  .rodata             const    0x08027df8      0xc  MenuDiplay.o [1]
  .rodata             const    0x08027e04      0xc  MenuDiplay.o [1]
  .rodata             const    0x08027e10      0xc  MenuDiplay.o [1]
  .rodata             const    0x08027e1c      0xc  PModbusS.o [1]
  .text               ro code  0x08027e28      0xc  cstartup_M.o [6]
  .rodata             const    0x08027e34      0x8  lcd_drv.o [1]
  .rodata             const    0x08027e3c      0x8  lcd_drv.o [1]
  .rodata             const    0x08027e44      0x8  lcd_drv.o [1]
  .rodata             const    0x08027e4c      0x8  MenuDiplay.o [1]
  .rodata             const    0x08027e54      0x8  MenuDiplay.o [1]
  .rodata             const    0x08027e5c      0x8  MenuDiplay.o [1]
  .rodata             const    0x08027e64      0x8  MenuDiplay.o [1]
  .rodata             const    0x08027e6c      0x8  MenuDiplay.o [1]
  .rodata             const    0x08027e74      0x8  MenuDiplay.o [1]
  .rodata             const    0x08027e7c      0x8  MenuDiplay.o [1]
  .rodata             const    0x08027e84      0x8  MenuDiplay.o [1]
  .rodata             const    0x08027e8c      0x8  MenuDiplay.o [1]
  .rodata             const    0x08027e94      0x8  MenuDiplay.o [1]
  .rodata             const    0x08027e9c      0x8  MenuDiplay.o [1]
  .rodata             const    0x08027ea4      0x8  MenuDiplay.o [1]
  .rodata             const    0x08027eac      0x8  MenuDiplay.o [1]
  .rodata             const    0x08027eb4      0x8  MenuDiplay.o [1]
  .rodata             const    0x08027ebc      0x8  MenuDiplay.o [1]
  .rodata             const    0x08027ec4      0x8  MenuDiplay.o [1]
  .rodata             const    0x08027ecc      0x8  MenuDiplay.o [1]
  .rodata             const    0x08027ed4      0x8  MenuDiplay.o [1]
  .rodata             const    0x08027edc      0x8  MenuDiplay.o [1]
  .rodata             const    0x08027ee4      0x8  MenuDiplay.o [1]
  .rodata             const    0x08027eec      0x8  MenuDiplay.o [1]
  .rodata             const    0x08027ef4      0x8  MenuDiplay.o [1]
  .rodata             const    0x08027efc      0x8  MenuDiplay.o [1]
  .rodata             const    0x08027f04      0x8  PModbusS.o [1]
  .rodata             const    0x08027f0c      0x4  MenuDiplay.o [1]
  .rodata             const    0x08027f10      0x4  MenuDiplay.o [1]
  .rodata             const    0x08027f14      0x4  MenuDiplay.o [1]
  .text               ro code  0x08027f18      0x4  startup_stm32f10x_atf403a.o [1]
  .text               ro code  0x08027f1c      0x4  startup_stm32f10x_atf403a.o [1]
  .text               ro code  0x08027f20      0x4  startup_stm32f10x_atf403a.o [1]
  .text               ro code  0x08027f24      0x4  startup_stm32f10x_atf403a.o [1]
  .text               ro code  0x08027f28      0x4  startup_stm32f10x_atf403a.o [1]
  .text               ro code  0x08027f2c      0x4  startup_stm32f10x_atf403a.o [1]
  .text               ro code  0x08027f30      0x4  startup_stm32f10x_atf403a.o [1]
  .text               ro code  0x08027f34      0x4  startup_stm32f10x_atf403a.o [1]
  .text               ro code  0x08027f38      0x4  startup_stm32f10x_atf403a.o [1]
  .text               ro code  0x08027f3c      0x4  startup_stm32f10x_atf403a.o [1]
  .text               ro code  0x08027f40      0x4  startup_stm32f10x_atf403a.o [1]
  .text               ro code  0x08027f44      0x4  startup_stm32f10x_atf403a.o [1]
  .text               ro code  0x08027f48      0x4  startup_stm32f10x_atf403a.o [1]
  .text               ro code  0x08027f4c      0x4  startup_stm32f10x_atf403a.o [1]
  .text               ro code  0x08027f50      0x4  startup_stm32f10x_atf403a.o [1]
  .text               ro code  0x08027f54      0x4  startup_stm32f10x_atf403a.o [1]
  .text               ro code  0x08027f58      0x4  startup_stm32f10x_atf403a.o [1]
  .text               ro code  0x08027f5c      0x4  startup_stm32f10x_atf403a.o [1]
  .text               ro code  0x08027f60      0x4  startup_stm32f10x_atf403a.o [1]
  .text               ro code  0x08027f64      0x4  startup_stm32f10x_atf403a.o [1]
  .text               ro code  0x08027f68      0x4  startup_stm32f10x_atf403a.o [1]
  .text               ro code  0x08027f6c      0x4  startup_stm32f10x_atf403a.o [1]
  .text               ro code  0x08027f70      0x4  startup_stm32f10x_atf403a.o [1]
  .text               ro code  0x08027f74      0x4  startup_stm32f10x_atf403a.o [1]
  .text               ro code  0x08027f78      0x4  startup_stm32f10x_atf403a.o [1]
  .text               ro code  0x08027f7c      0x4  startup_stm32f10x_atf403a.o [1]
  .text               ro code  0x08027f80      0x4  startup_stm32f10x_atf403a.o [1]
  .text               ro code  0x08027f84      0x4  startup_stm32f10x_atf403a.o [1]
  .text               ro code  0x08027f88      0x4  startup_stm32f10x_atf403a.o [1]
  .text               ro code  0x08027f8c      0x4  startup_stm32f10x_atf403a.o [1]
  .text               ro code  0x08027f90      0x4  startup_stm32f10x_atf403a.o [1]
  .text               ro code  0x08027f94      0x4  startup_stm32f10x_atf403a.o [1]
  .text               ro code  0x08027f98      0x4  startup_stm32f10x_atf403a.o [1]
  .text               ro code  0x08027f9c      0x4  startup_stm32f10x_atf403a.o [1]
  .text               ro code  0x08027fa0      0x4  startup_stm32f10x_atf403a.o [1]
  .text               ro code  0x08027fa4      0x4  startup_stm32f10x_atf403a.o [1]
  .text               ro code  0x08027fa8      0x4  startup_stm32f10x_atf403a.o [1]
  .text               ro code  0x08027fac      0x4  startup_stm32f10x_atf403a.o [1]
  .rodata             const    0x08027fb0      0x0  zero_init3.o [6]
  .rodata             const    0x08027fb0      0x0  packbits_init_single.o [6]
  Initializer bytes   const    0x08027fb0     0x8a  <for P2-1>
                             - 0x0802803a  0x23ebe

"A2":                                         0x20
  .xhtype             const    0x0803ffd0     0x20  GlobeDef.o [1]
                             - 0x0803fff0     0x20

"A1":                                          0x4
  .checksum           const    0x0803fffc      0x4  Place holder __checksum
                             - 0x08040000      0x4

"P2", part 1 of 3:                           0x17d
  P2-1                         0x20000000    0x17d  <Init block>
    .data             inited   0x20000000      0xc  GlobeDef.o [1]
    .data             inited   0x2000000c     0x14  GlobeDef.o [1]
    .data             inited   0x20000020      0xc  GlobeDef.o [1]
    .data             inited   0x2000002c      0xc  GlobeDef.o [1]
    .data             inited   0x20000038      0xc  GlobeDef.o [1]
    .data             inited   0x20000044     0x28  MenuDiplay.o [1]
    .data             inited   0x2000006c      0x8  stm32f10x_rcc.o [3]
    .data             inited   0x20000074      0x8  stm32f10x_rcc.o [3]
    __DLIB_PERTHREAD  inited   0x2000007c     0x88  localeconv.o [4]
    __DLIB_PERTHREAD  inited   0x20000104     0x74  setlocale.o [4]
    .data             inited   0x20000178      0x2  Bhjdq.o [1]
    .data             inited   0x2000017a      0x2  GlobeDef.o [1]
    .data             inited   0x2000017c      0x1  GlobeDef.o [1]
                             - 0x2000017d    0x17d

"P2", part 2 of 3:                          0x1800
  CSTACK                       0x20000180   0x1000  <Block>
    CSTACK            uninit   0x20000180   0x1000  <Block tail>
  HEAP                         0x20001180    0x800  <Block>
    HEAP              uninit   0x20001180    0x800  <Block tail>
                             - 0x20001980   0x1800

"P2", part 3 of 3:                          0x550c
  .bss                zero     0x20001980   0x1800  GlobeDef.o [1]
  .bss                zero     0x20003180   0x1000  Flash.o [1]
  .bss                zero     0x20004180    0x800  GlobeDef.o [1]
  .bss                zero     0x20004980    0x4b0  PModbusS.o [1]
  .bss                zero     0x20004e30    0x4b0  PModbusS.o [1]
  .bss                zero     0x200052e0    0x400  GlobeDef.o [1]
  .bss                zero     0x200056e0    0x300  GlobeDef.o [1]
  .bss                zero     0x200059e0    0x23c  GlobeDef.o [1]
  .bss                zero     0x20005c1c    0x168  GlobeDef.o [1]
  .bss                zero     0x20005d84    0x168  GlobeDef.o [1]
  .bss                zero     0x20005eec    0x140  Rly_lib.o [1]
  .bss                zero     0x2000602c     0xc0  GlobeDef.o [1]
  .bss                zero     0x200060ec     0xc0  lcd_drv.o [1]
  .bss                zero     0x200061ac     0xb0  GlobeDef.o [1]
  .bss                zero     0x2000625c     0xb0  GlobeDef.o [1]
  .bss                zero     0x2000630c     0xb0  lcd_drv.o [1]
  .bss                zero     0x200063bc     0xb0  lcd_drv.o [1]
  .bss                zero     0x2000646c     0x90  Tim.o [1]
  .bss                zero     0x200064fc     0x80  PModbusS.o [1]
  .bss                zero     0x2000657c     0x6c  GlobeDef.o [1]
  .bss                zero     0x200065e8     0x6c  GlobeDef.o [1]
  .bss                zero     0x20006654     0x5c  GlobeDef.o [1]
  .bss                zero     0x200066b0     0x5c  GlobeDef.o [1]
  .bss                zero     0x2000670c     0x54  GlobeDef.o [1]
  .bss                zero     0x20006760     0x54  GlobeDef.o [1]
  .bss                zero     0x200067b4     0x50  GlobeDef.o [1]
  .bss                zero     0x20006804     0x50  GlobeDef.o [1]
  .bss                zero     0x20006854     0x40  Drive.o [1]
  .bss                zero     0x20006894     0x40  GlobeDef.o [1]
  .bss                zero     0x200068d4     0x40  GlobeDef.o [1]
  .bss                zero     0x20006914     0x3c  GlobeDef.o [1]
  .bss                zero     0x20006950     0x3c  GlobeDef.o [1]
  .bss                zero     0x2000698c     0x34  GlobeDef.o [1]
  .bss                zero     0x200069c0     0x34  GlobeDef.o [1]
  .bss                zero     0x200069f4     0x34  GlobeDef.o [1]
  .bss                zero     0x20006a28     0x30  GlobeDef.o [1]
  .bss                zero     0x20006a58     0x30  GlobeDef.o [1]
  .bss                zero     0x20006a88     0x28  Lib.o [1]
  .bss                zero     0x20006ab0     0x20  Lib.o [1]
  .bss                zero     0x20006ad0     0x18  GlobeDef.o [1]
  .bss                zero     0x20006ae8     0x18  GlobeDef.o [1]
  .bss                zero     0x20006b00     0x18  GlobeDef.o [1]
  .bss                zero     0x20006b18     0x18  GlobeDef.o [1]
  .bss                zero     0x20006b30     0x18  GlobeDef.o [1]
  .bss                zero     0x20006b48     0x18  GlobeDef.o [1]
  .bss                zero     0x20006b60     0x18  GlobeDef.o [1]
  .bss                zero     0x20006b78     0x18  GlobeDef.o [1]
  .bss                zero     0x20006b90     0x18  GlobeDef.o [1]
  .bss                zero     0x20006ba8     0x14  GlobeDef.o [1]
  .bss                zero     0x20006bbc     0x14  lcd_drv.o [1]
  .bss                zero     0x20006bd0     0x10  GlobeDef.o [1]
  .bss                zero     0x20006be0     0x10  GlobeDef.o [1]
  .bss                zero     0x20006bf0     0x10  GlobeDef.o [1]
  .bss                zero     0x20006c00     0x10  lcd_drv.o [1]
  .bss                zero     0x20006c10      0xc  GlobeDef.o [1]
  .bss                zero     0x20006c1c      0xc  GlobeDef.o [1]
  .bss                zero     0x20006c28      0xc  GlobeDef.o [1]
  .bss                zero     0x20006c34      0xc  GlobeDef.o [1]
  .bss                zero     0x20006c40      0xc  GlobeDef.o [1]
  .bss                zero     0x20006c4c      0xc  GlobeDef.o [1]
  .bss                zero     0x20006c58      0x8  Bhjdq.o [1]
  .bss                zero     0x20006c60      0x8  GlobeDef.o [1]
  .bss                zero     0x20006c68      0x8  GlobeDef.o [1]
  .bss                zero     0x20006c70      0x8  GlobeDef.o [1]
  .bss                zero     0x20006c78      0x8  GlobeDef.o [1]
  .bss                zero     0x20006c80      0x8  lcd_drv.o [1]
  .bss                zero     0x20006c88      0x8  xxmemxmalloc.o [4]
  .bss                zero     0x20006c90      0x4  Bhjdq.o [1]
  .bss                zero     0x20006c94      0x4  Bhjdq.o [1]
  .bss                zero     0x20006c98      0x4  Bhjdq.o [1]
  .bss                zero     0x20006c9c      0x4  Bhjdq.o [1]
  .bss                zero     0x20006ca0      0x4  Bhjdq.o [1]
  .bss                zero     0x20006ca4      0x4  Bhjdq.o [1]
  .bss                zero     0x20006ca8      0x4  Bhjdq.o [1]
  .bss                zero     0x20006cac      0x4  Bhjdq.o [1]
  .bss                zero     0x20006cb0      0x4  Bhjdq.o [1]
  .bss                zero     0x20006cb4      0x4  Bhjdq.o [1]
  .bss                zero     0x20006cb8      0x4  Bhjdq.o [1]
  .bss                zero     0x20006cbc      0x4  Bhjdq.o [1]
  .bss                zero     0x20006cc0      0x4  Bhjdq.o [1]
  .bss                zero     0x20006cc4      0x4  Bhjdq.o [1]
  .bss                zero     0x20006cc8      0x4  Bhjdq.o [1]
  .bss                zero     0x20006ccc      0x4  Bhjdq.o [1]
  .bss                zero     0x20006cd0      0x4  Bhjdq.o [1]
  .bss                zero     0x20006cd4      0x4  Bhjdq.o [1]
  .bss                zero     0x20006cd8      0x4  Bhjdq.o [1]
  .bss                zero     0x20006cdc      0x4  Bhjdq.o [1]
  .bss                zero     0x20006ce0      0x4  Bhjdq.o [1]
  .bss                zero     0x20006ce4      0x4  Bhjdq.o [1]
  .bss                zero     0x20006ce8      0x4  Bhjdq.o [1]
  .bss                zero     0x20006cec      0x4  Bhjdq.o [1]
  .bss                zero     0x20006cf0      0x4  Bhjdq.o [1]
  .bss                zero     0x20006cf4      0x4  Bhjdq.o [1]
  .bss                zero     0x20006cf8      0x4  Bhjdq.o [1]
  .bss                zero     0x20006cfc      0x4  Bhjdq.o [1]
  .bss                zero     0x20006d00      0x4  Bhjdq.o [1]
  .bss                zero     0x20006d04      0x4  Bhjdq.o [1]
  .bss                zero     0x20006d08      0x4  Bhjdq.o [1]
  .bss                zero     0x20006d0c      0x4  EventManage.o [1]
  .bss                zero     0x20006d10      0x4  EventManage.o [1]
  .bss                zero     0x20006d14      0x4  EventManage.o [1]
  .bss                zero     0x20006d18      0x4  EventManage.o [1]
  .bss                zero     0x20006d1c      0x4  Flash.o [1]
  .bss                zero     0x20006d20      0x4  Flash.o [1]
  .bss                zero     0x20006d24      0x4  GlobeDef.o [1]
  .bss                zero     0x20006d28      0x4  GlobeDef.o [1]
  .bss                zero     0x20006d2c      0x4  GlobeDef.o [1]
  .bss                zero     0x20006d30      0x4  GlobeDef.o [1]
  .bss                zero     0x20006d34      0x4  GlobeDef.o [1]
  .bss                zero     0x20006d38      0x4  GlobeDef.o [1]
  .bss                zero     0x20006d3c      0x4  GlobeDef.o [1]
  .bss                zero     0x20006d40      0x4  GlobeDef.o [1]
  .bss                zero     0x20006d44      0x4  GlobeDef.o [1]
  .bss                zero     0x20006d48      0x4  GlobeDef.o [1]
  .bss                zero     0x20006d4c      0x4  GlobeDef.o [1]
  .bss                zero     0x20006d50      0x4  GlobeDef.o [1]
  .bss                zero     0x20006d54      0x4  GlobeDef.o [1]
  .bss                zero     0x20006d58      0x4  GlobeDef.o [1]
  .bss                zero     0x20006d5c      0x4  GlobeDef.o [1]
  .bss                zero     0x20006d60      0x4  GlobeDef.o [1]
  .bss                zero     0x20006d64      0x4  GlobeDef.o [1]
  .bss                zero     0x20006d68      0x4  GlobeDef.o [1]
  .bss                zero     0x20006d6c      0x4  lcd_drv.o [1]
  .bss                zero     0x20006d70      0x4  lcd_drv.o [1]
  .bss                zero     0x20006d74      0x4  lcd_drv.o [1]
  .bss                zero     0x20006d78      0x4  MenuDiplay.o [1]
  .bss                zero     0x20006d7c      0x4  PModbusS.o [1]
  .bss                zero     0x20006d80      0x4  PModbusS.o [1]
  .bss                zero     0x20006d84      0x4  PModbusS.o [1]
  .bss                zero     0x20006d88      0x4  PONLSJ.o [3]
  .bss                zero     0x20006d8c      0x4  xgetmemchunk.o [4]
  .bss                zero     0x20006d90      0x2  Bhjdq.o [1]
  .bss                zero     0x20006d92      0x2  Bhjdq.o [1]
  .bss                zero     0x20006d94      0x2  Bhjdq.o [1]
  .bss                zero     0x20006d96      0x2  Bhjdq.o [1]
  .bss                zero     0x20006d98      0x2  Bhjdq.o [1]
  .bss                zero     0x20006d9a      0x2  Bhjdq.o [1]
  .bss                zero     0x20006d9c      0x2  Bhjdq.o [1]
  .bss                zero     0x20006d9e      0x2  Bhjdq.o [1]
  .bss                zero     0x20006da0      0x2  Bhjdq.o [1]
  .bss                zero     0x20006da2      0x2  Bhjdq.o [1]
  .bss                zero     0x20006da4      0x2  Bhjdq.o [1]
  .bss                zero     0x20006da6      0x2  Bhjdq.o [1]
  .bss                zero     0x20006da8      0x2  Bhjdq.o [1]
  .bss                zero     0x20006daa      0x2  Bhjdq.o [1]
  .bss                zero     0x20006dac      0x2  Bhjdq.o [1]
  .bss                zero     0x20006dae      0x2  Bhjdq.o [1]
  .bss                zero     0x20006db0      0x2  Bhjdq.o [1]
  .bss                zero     0x20006db2      0x2  Bhjdq.o [1]
  .bss                zero     0x20006db4      0x2  Bhjdq.o [1]
  .bss                zero     0x20006db6      0x2  Bhjdq.o [1]
  .bss                zero     0x20006db8      0x2  Bhjdq.o [1]
  .bss                zero     0x20006dba      0x2  Bhjdq.o [1]
  .bss                zero     0x20006dbc      0x2  Bhjdq.o [1]
  .bss                zero     0x20006dbe      0x2  Bhjdq.o [1]
  .bss                zero     0x20006dc0      0x2  Bhjdq.o [1]
  .bss                zero     0x20006dc2      0x2  Bhjdq.o [1]
  .bss                zero     0x20006dc4      0x2  Bhjdq.o [1]
  .bss                zero     0x20006dc6      0x2  Bhjdq.o [1]
  .bss                zero     0x20006dc8      0x2  Bhjdq.o [1]
  .bss                zero     0x20006dca      0x2  Bhjdq.o [1]
  .bss                zero     0x20006dcc      0x2  Bhjdq.o [1]
  .bss                zero     0x20006dce      0x2  Bhjdq.o [1]
  .bss                zero     0x20006dd0      0x2  Drive.o [1]
  .bss                zero     0x20006dd2      0x2  Flash.o [1]
  .bss                zero     0x20006dd4      0x2  GlobeDef.o [1]
  .bss                zero     0x20006dd6      0x2  GlobeDef.o [1]
  .bss                zero     0x20006dd8      0x2  GlobeDef.o [1]
  .bss                zero     0x20006dda      0x2  GlobeDef.o [1]
  .bss                zero     0x20006ddc      0x2  GlobeDef.o [1]
  .bss                zero     0x20006dde      0x2  GlobeDef.o [1]
  .bss                zero     0x20006de0      0x2  GlobeDef.o [1]
  .bss                zero     0x20006de2      0x2  GlobeDef.o [1]
  .bss                zero     0x20006de4      0x2  GlobeDef.o [1]
  .bss                zero     0x20006de6      0x2  GlobeDef.o [1]
  .bss                zero     0x20006de8      0x2  GlobeDef.o [1]
  .bss                zero     0x20006dea      0x2  GlobeDef.o [1]
  .bss                zero     0x20006dec      0x2  GlobeDef.o [1]
  .bss                zero     0x20006dee      0x2  GlobeDef.o [1]
  .bss                zero     0x20006df0      0x2  GlobeDef.o [1]
  .bss                zero     0x20006df2      0x2  GlobeDef.o [1]
  .bss                zero     0x20006df4      0x2  GlobeDef.o [1]
  .bss                zero     0x20006df6      0x2  GlobeDef.o [1]
  .bss                zero     0x20006df8      0x2  GlobeDef.o [1]
  .bss                zero     0x20006dfa      0x2  GlobeDef.o [1]
  .bss                zero     0x20006dfc      0x2  GlobeDef.o [1]
  .bss                zero     0x20006dfe      0x2  GlobeDef.o [1]
  .bss                zero     0x20006e00      0x2  GlobeDef.o [1]
  .bss                zero     0x20006e02      0x2  GlobeDef.o [1]
  .bss                zero     0x20006e04      0x2  GlobeDef.o [1]
  .bss                zero     0x20006e06      0x2  GlobeDef.o [1]
  .bss                zero     0x20006e08      0x2  GlobeDef.o [1]
  .bss                zero     0x20006e0a      0x2  GlobeDef.o [1]
  .bss                zero     0x20006e0c      0x2  GlobeDef.o [1]
  .bss                zero     0x20006e0e      0x2  GlobeDef.o [1]
  .bss                zero     0x20006e10      0x2  GlobeDef.o [1]
  .bss                zero     0x20006e12      0x2  GlobeDef.o [1]
  .bss                zero     0x20006e14      0x2  GlobeDef.o [1]
  .bss                zero     0x20006e16      0x2  GlobeDef.o [1]
  .bss                zero     0x20006e18      0x2  GlobeDef.o [1]
  .bss                zero     0x20006e1a      0x2  GlobeDef.o [1]
  .bss                zero     0x20006e1c      0x2  GlobeDef.o [1]
  .bss                zero     0x20006e1e      0x2  lcd_drv.o [1]
  .bss                zero     0x20006e20      0x2  lcd_drv.o [1]
  .bss                zero     0x20006e22      0x2  lcd_drv.o [1]
  .bss                zero     0x20006e24      0x2  lcd_drv.o [1]
  .bss                zero     0x20006e26      0x2  main.o [1]
  .bss                zero     0x20006e28      0x2  MenuDiplay.o [1]
  .bss                zero     0x20006e2a      0x2  MenuDiplay.o [1]
  .bss                zero     0x20006e2c      0x2  MenuDiplay.o [1]
  .bss                zero     0x20006e2e      0x2  PModbusS.o [1]
  .bss                zero     0x20006e30      0x2  PModbusS.o [1]
  .bss                zero     0x20006e32      0x2  PModbusS.o [1]
  .bss                zero     0x20006e34      0x2  PModbusS.o [1]
  .bss                zero     0x20006e36      0x2  PModbusS.o [1]
  .bss                zero     0x20006e38      0x2  PModbusS.o [1]
  .bss                zero     0x20006e3a      0x2  PModbusS.o [1]
  .bss                zero     0x20006e3c      0x2  PModbusS.o [1]
  .bss                zero     0x20006e3e      0x2  PModbusS.o [1]
  .bss                zero     0x20006e40      0x2  PModbusS.o [1]
  .bss                zero     0x20006e42      0x2  PModbusS.o [1]
  .bss                zero     0x20006e44      0x2  PModbusS.o [1]
  .bss                zero     0x20006e46      0x2  PModbusS.o [1]
  .bss                zero     0x20006e48      0x2  PModbusS.o [1]
  .bss                zero     0x20006e4a      0x2  PModbusS.o [1]
  .bss                zero     0x20006e4c      0x2  PModbusS.o [1]
  .bss                zero     0x20006e4e      0x2  PModbusS.o [1]
  .bss                zero     0x20006e50      0x2  PModbusS.o [1]
  .bss                zero     0x20006e52      0x2  PModbusS.o [1]
  .bss                zero     0x20006e54      0x2  Rly_lib.o [1]
  .bss                zero     0x20006e56      0x2  Rly_lib.o [1]
  .bss                zero     0x20006e58      0x2  Rly_lib.o [1]
  .bss                zero     0x20006e5a      0x1  Bhjdq.o [1]
  .bss                zero     0x20006e5b      0x1  EventManage.o [1]
  .bss                zero     0x20006e5c      0x1  Flash.o [1]
  .bss                zero     0x20006e5d      0x1  GlobeDef.o [1]
  .bss                zero     0x20006e5e      0x1  GlobeDef.o [1]
  .bss                zero     0x20006e5f      0x1  GlobeDef.o [1]
  .bss                zero     0x20006e60      0x1  GlobeDef.o [1]
  .bss                zero     0x20006e61      0x1  GlobeDef.o [1]
  .bss                zero     0x20006e62      0x1  GlobeDef.o [1]
  .bss                zero     0x20006e63      0x1  GlobeDef.o [1]
  .bss                zero     0x20006e64      0x1  GlobeDef.o [1]
  .bss                zero     0x20006e65      0x1  GlobeDef.o [1]
  .bss                zero     0x20006e66      0x1  GlobeDef.o [1]
  .bss                zero     0x20006e67      0x1  GlobeDef.o [1]
  .bss                zero     0x20006e68      0x1  GlobeDef.o [1]
  .bss                zero     0x20006e69      0x1  GlobeDef.o [1]
  .bss                zero     0x20006e6a      0x1  GlobeDef.o [1]
  .bss                zero     0x20006e6b      0x1  GlobeDef.o [1]
  .bss                zero     0x20006e6c      0x1  GlobeDef.o [1]
  .bss                zero     0x20006e6d      0x1  GlobeDef.o [1]
  .bss                zero     0x20006e6e      0x1  GlobeDef.o [1]
  .bss                zero     0x20006e6f      0x1  GlobeDef.o [1]
  .bss                zero     0x20006e70      0x1  GlobeDef.o [1]
  .bss                zero     0x20006e71      0x1  GlobeDef.o [1]
  .bss                zero     0x20006e72      0x1  GlobeDef.o [1]
  .bss                zero     0x20006e73      0x1  GlobeDef.o [1]
  .bss                zero     0x20006e74      0x1  GlobeDef.o [1]
  .bss                zero     0x20006e75      0x1  GlobeDef.o [1]
  .bss                zero     0x20006e76      0x1  Lib.o [1]
  .bss                zero     0x20006e77      0x1  main.o [1]
  .bss                zero     0x20006e78      0x1  MenuDiplay.o [1]
  .bss                zero     0x20006e79      0x1  MenuDiplay.o [1]
  .bss                zero     0x20006e7a      0x1  MenuDiplay.o [1]
  .bss                zero     0x20006e7b      0x1  MenuDiplay.o [1]
  .bss                zero     0x20006e7c      0x1  MenuDiplay.o [1]
  .bss                zero     0x20006e7d      0x1  MenuDiplay.o [1]
  .bss                zero     0x20006e7e      0x1  MenuDiplay.o [1]
  .bss                zero     0x20006e7f      0x1  MenuDiplay.o [1]
  .bss                zero     0x20006e80      0x1  PModbusS.o [1]
  .bss                zero     0x20006e81      0x1  PModbusS.o [1]
  .bss                zero     0x20006e82      0x1  PModbusS.o [1]
  .bss                zero     0x20006e83      0x1  PModbusS.o [1]
  .bss                zero     0x20006e84      0x1  PModbusS.o [1]
  .bss                zero     0x20006e85      0x1  PModbusS.o [1]
  .bss                zero     0x20006e86      0x1  PModbusS.o [1]
  .bss                zero     0x20006e87      0x1  Rly_lib.o [1]
  .bss                zero     0x20006e88      0x1  Rly_lib.o [1]
  .bss                zero     0x20006e89      0x1  Tim.o [1]
  .bss                zero     0x20006e8a      0x1  Tim.o [1]
  .bss                zero     0x20006e8b      0x1  PONLSJ.o [3]
                             - 0x20006e8c   0x550c


*******************************************************************************
*** INIT TABLE
***

          Address     Size
          -------     ----
Zero (__iar_zero_init3)
    1 destination range, total size 0x550c:
          0x20001980  0x550c

Copy/packbits (__iar_packbits_init_single3)
    1 source range, total size 0x8a (36% of destination):
          0x08027fb0    0x8a
    1 destination range, total size 0x17d:
          0x20000000   0x17d



*******************************************************************************
*** MODULE SUMMARY
***

    Module                       ro code  ro data  rw data
    ------                       -------  -------  -------
D:\2-通用定制归档程序\04-通用程序\00-900F\【通用程序】ZRR900FV2HYLCD-ATF3.03-解决零漂-8BA6-0F1B-20260316\00-源码\ZRR900FV2HYLCDATFSoftUlib-V2.0-20260316\Debug\Obj: [1]
    Bhjdq.o                       12 192               199
    Drive.o                        5 760       16       66
    Eep.o                            222
    EventManage.o                  3 044                17
    Flash.o                        1 372             4 107
    GlobeDef.o                             20 256   13 678
    Hzk.o                                  15 136
    Lib.o                          4 728    1 032       73
    MenuDiplay.o                  24 240    3 031       58
    PModbusS.o                    11 186      324    2 585
    Rly_lib.o                      9 888      120      328
    Set.o                          3 464
    Tim.o                          1 452               146
    lcd_drv.o                      5 756       48      608
    main.o                         1 868                 3
    startup_stm32f10x_atf403a.o      548
    stm32f10x_it.o                   716
    system_stm32f10x.o               348
    ------------------------------------------------------
    Total:                        86 784   39 963   21 868

command line: [2]
    ------------------------------------------------------
    Total:

ZRR900FV2HYLCDATFALL.a: [3]
    PONLSJ.o                       1 568                 5
    SD3077.o                       1 234
    UartDrv.o                      2 860       28
    misc.o                           156
    stm32f10x_adc.o                  452
    stm32f10x_dma.o                  796
    stm32f10x_flash.o                368
    stm32f10x_gpio.o               1 624
    stm32f10x_iwdg.o                  56
    stm32f10x_pwr.o                   12
    stm32f10x_rcc.o                  504        5       16
    stm32f10x_rtc.o                   72
    stm32f10x_spi.o                  154
    stm32f10x_tim.o                  296
    stm32f10x_usart.o                468
    w25Q64.o                       1 348
    ------------------------------------------------------
    Total:                        11 968       33       21

dl7M_tlf.a: [4]
    abs.o                              8
    div.o                             14
    exit.o                             4
    localeconv.o                     108       50      136
    low_level_init.o                   4
    setlocale.o                       20       42      116
    sprintf.o                         52
    xencoding_sb.o                    96
    xgetmemchunk.o                    44                 4
    xmbcurmax.o                       10
    xmbtowc.o                         32
    xprintffull.o                  4 490
    xsprout.o                         10
    xtls.o                             2
    xwctomb.o                         26
    xxmemxfree.o                     128
    xxmemxmalloc.o                   176                 8
    ------------------------------------------------------
    Total:                         5 224       92      264

m7M_tls.a: [5]
    DblAdd.o                         212
    DblCmpGe.o                        46
    DblCmpLe.o                        46
    DblDiv.o                         598
    DblMul.o                         418
    DblSub.o                         384
    DblToFlt.o                       144
    DblToI32.o                        88
    FltToDbl.o                        78
    I32ToDbl.o                        48
    fpinit_M.o                        34
    xdnorm.o                          68
    xdscale.o                        276
    ------------------------------------------------------
    Total:                         2 440

rt7M_tl.a: [6]
    ABImemcpy_unaligned.o            118
    I64DivMod.o                      306
    I64DivZer.o                        2
    cexit.o                           10
    cmain.o                           26
    cstartup_M.o                      12
    data_init.o                       40
    memchr.o                          88
    memcmp_unaligned.o                98
    packbits_init_single.o            56
    strchr.o                          22
    strcmp_unaligned.o                66
    strlen.o                          54
    zero_init3.o                      64
    ------------------------------------------------------
    Total:                           962

shb_l.a: [7]
    exit.o                            20
    ------------------------------------------------------
    Total:                            20

    Gaps                              22        6
    Linker created                             32    6 144
----------------------------------------------------------
    Grand Total:                 107 420   40 130   28 297


*******************************************************************************
*** ENTRY LIST
***

Entry                      Address    Size  Type      Object
-----                      -------    ----  ----      ------
.iar.init_table$$Base   0x080275a8           --   Gb  - Linker created -
.iar.init_table$$Limit  0x080275c8           --   Gb  - Linker created -
?main                   0x080276b1          Code  Gb  cmain.o [6]
ACT_buffer              0x20006b30    0x18  Data  Gb  GlobeDef.o [1]
ADC1_2_IRQHandler       0x08025e49     0x2  Code  Gb  stm32f10x_it.o [1]
ADC3_IRQHandler         0x08025fc7     0x2  Code  Gb  stm32f10x_it.o [1]
ADCPscTable             0x20000074     0x8  Data  Lc  stm32f10x_rcc.o [3]
ADC_Cmd                 0x08014559    0x1a  Code  Gb  stm32f10x_adc.o [3]
ADC_ConvertedValue      0x2000646c    0x90  Data  Gb  Tim.o [1]
ADC_ExternalTrigInjectedConvConfig
                        0x080145b7    0x10  Code  Gb  stm32f10x_adc.o [3]
ADC_GetCalibrationStatus
                        0x0801459f    0x18  Code  Gb  stm32f10x_adc.o [3]
ADC_GetResetCalibrationStatus
                        0x0801457d    0x18  Code  Gb  stm32f10x_adc.o [3]
ADC_Init                0x08014505    0x54  Code  Gb  stm32f10x_adc.o [3]
ADC_InjectedChannelConfig
                        0x080145c7    0xb2  Code  Gb  stm32f10x_adc.o [3]
ADC_InjectedSequencerLengthConfig
                        0x08014679    0x1e  Code  Gb  stm32f10x_adc.o [3]
ADC_ResetCalibration    0x08014573     0xa  Code  Gb  stm32f10x_adc.o [3]
ADC_StartCalibration    0x08014595     0xa  Code  Gb  stm32f10x_adc.o [3]
ADC_TempSensorVrefintCmd
                        0x08014697    0x22  Code  Gb  stm32f10x_adc.o [3]
ADC_interrupt_handler   0x08024715   0x1f8  Code  Gb  Tim.o [1]
ADERR                   0x20006df0     0x2  Data  Gb  GlobeDef.o [1]
ADERRFlag               0x20006e62     0x1  Data  Gb  GlobeDef.o [1]
ADIntNum                0x20006dd4     0x2  Data  Gb  GlobeDef.o [1]
AD_Init                 0x0800ca35   0x1e2  Code  Gb  Drive.o [1]
ALL_Init                0x080238fd   0x24c  Code  Gb  main.o [1]
APBAHBPscTable          0x2000006c     0x8  Data  Lc  stm32f10x_rcc.o [3]
ASC5_YSBCD2             0x08004bd1    0x76  Code  Gb  MenuDiplay.o [1]
ASC_BCD16               0x0800dd2b    0x22  Code  Gb  Lib.o [1]
ASC_BCD32               0x0800dce7    0x44  Code  Gb  Lib.o [1]
ASC_HEX16               0x0800dc81    0x24  Code  Gb  Lib.o [1]
ASC_HEX32               0x0800dca5    0x42  Code  Gb  Lib.o [1]
ASC_HEX8                0x0800dc6f    0x12  Code  Gb  Lib.o [1]
AbcFunc                 0x0800ce43     0xc  Code  Gb  Lib.o [1]
Action_Buff             0x200059e0   0x23c  Data  Gb  GlobeDef.o [1]
ActiveCTL               0x0800aff7   0x120  Code  Gb  lcd_drv.o [1]
ActiveX                 0x080045db   0x5b8  Code  Gb  MenuDiplay.o [1]
ActiveXset              0x0800b179   0x512  Code  Gb  lcd_drv.o [1]
App_CHZ                 0x08018db1   0x170  Code  Gb  Bhjdq.o [1]
App_CHZ_CDFD            0x08018ab1   0x18a  Code  Gb  Bhjdq.o [1]
App_JSPB                0x08018c55   0x144  Code  Gb  Bhjdq.o [1]
App_PQ_Calculate        0x08012f19   0x754  Code  Gb  Rly_lib.o [1]
App_PQ_Calculate::EightCycleCount
                        0x20006e88     0x1  Data  Lc  Rly_lib.o [1]
App_PQ_Calculate::MeaValMidBuf
                        0x20005eec   0x140  Data  Lc  Rly_lib.o [1]
App_QD                  0x08017165   0x76a  Code  Gb  Bhjdq.o [1]
App_UI_Calculate        0x08017ced   0xd82  Code  Gb  Bhjdq.o [1]
Arg_Tan                 0x0800d3af    0xa2  Code  Gb  Lib.o [1]
Ask_Password            0x08004c47   0x284  Code  Gb  MenuDiplay.o [1]
BAK_BHUIpar             0x200069c0    0x34  Data  Gb  GlobeDef.o [1]
BAK_SET                 0x200066b0    0x5c  Data  Gb  GlobeDef.o [1]
BAK_SETBYQ              0x200068d4    0x40  Data  Gb  GlobeDef.o [1]
BAK_SETMOTO             0x20006760    0x54  Data  Gb  GlobeDef.o [1]
BAK_Syspar              0x20006c40     0xc  Data  Gb  GlobeDef.o [1]
BAK_YB                  0x20006b18    0x18  Data  Gb  GlobeDef.o [1]
BAK_YBBYQ               0x20006b60    0x18  Data  Gb  GlobeDef.o [1]
BAK_YBMOTO              0x20006b90    0x18  Data  Gb  GlobeDef.o [1]
BCD5_ASC32              0x0800db35   0x13a  Code  Gb  Lib.o [1]
BCD_08                  0x0800d925    0x2a  Code  Gb  Lib.o [1]
BCD_ASC16               0x0800da77    0x46  Code  Gb  Lib.o [1]
BCD_ASC32               0x0800dabd    0x78  Code  Gb  Lib.o [1]
BOOTBAK_SET             0x20006ae8    0x18  Data  Gb  GlobeDef.o [1]
BOOTRUN_SET             0x20006ad0    0x18  Data  Gb  GlobeDef.o [1]
BOOTSET_Default         0x0800eb85    0x52  Code  Gb  Set.o [1]
BOOTSET_Init            0x0800ebd7   0x11a  Code  Gb  Set.o [1]
BOOTSET_Save            0x0800ecf1    0xe6  Code  Gb  Set.o [1]
BOOTSET_len             0x2000017a     0x2  Data  Gb  GlobeDef.o [1]
BT_task                 0x080161d5    0xa2  Code  Gb  Bhjdq.o [1]
Bak_QFTZ                0x20006c68     0x8  Data  Gb  GlobeDef.o [1]
BcdHex                  0x0800dd4d    0x50  Code  Gb  Lib.o [1]
Bcd_Hex                 0x0800dd9d    0x26  Code  Gb  Lib.o [1]
Bit_clr                 0x0800d8d1    0x1c  Code  Gb  Lib.o [1]
Bit_set                 0x0800d8ed    0x1c  Code  Gb  Lib.o [1]
Bit_tst                 0x0800d909    0x1c  Code  Gb  Lib.o [1]
CAL_UI                  0x0800ce75    0xd2  Code  Gb  Lib.o [1]
CAL_UIB                 0x0800cf47    0xca  Code  Gb  Lib.o [1]
COMRXBUF                0x20004180   0x800  Data  Gb  GlobeDef.o [1]
COMRXHEAD               0x20006dd6     0x2  Data  Gb  GlobeDef.o [1]
COMRXTAIL               0x20006dd8     0x2  Data  Gb  GlobeDef.o [1]
COMTXBUF                0x200052e0   0x400  Data  Gb  GlobeDef.o [1]
COMTXHEAD               0x20006dda     0x2  Data  Gb  GlobeDef.o [1]
COMTXTAIL               0x20006ddc     0x2  Data  Gb  GlobeDef.o [1]
COM_TXLEN               0x20006e32     0x2  Data  Gb  PModbusS.o [1]
CSTACK$$Base            0x20000180           --   Gb  - Linker created -
CSTACK$$Limit           0x20001180           --   Gb  - Linker created -
CT_Set                  0x0800993d   0x22a  Code  Gb  MenuDiplay.o [1]
CT_Set::set_var         0x20006e7f     0x1  Data  Lc  MenuDiplay.o [1]
CT_inf                  0x20006d64     0x4  Data  Gb  GlobeDef.o [1]
CUP_NAME                0x080277e0    0x14  Data  Gb  GlobeDef.o [1]
CUP_NAMEBYQ             0x080276f4    0x18  Data  Gb  GlobeDef.o [1]
CUP_NAMEMOTO            0x080277f4    0x14  Data  Gb  GlobeDef.o [1]
CZJLMagBuff             0x20006c28     0xc  Data  Gb  GlobeDef.o [1]
CZJL_Buff               0x20005d84   0x168  Data  Gb  GlobeDef.o [1]
CZJL_Display            0x080076f5   0x26c  Code  Gb  MenuDiplay.o [1]
CZJL_Display::Note_info
                        0x20006e2c     0x2  Data  Lc  MenuDiplay.o [1]
CZJL_FG                 0x0800969d    0x8c  Code  Gb  MenuDiplay.o [1]
CalSum16                0x0800de69    0x2a  Code  Gb  Lib.o [1]
ChaFen_36DFT            0x0800cd63    0xe0  Code  Gb  Lib.o [1]
ChangToBCD              0x0801ea4d    0x28  Code  Gb  PModbusS.o [1]
ChangToBCD::by_BCD      0x20006e83     0x1  Data  Lc  PModbusS.o [1]
CharTimeOut             0x20006dde     0x2  Data  Gb  GlobeDef.o [1]
ChkLtDly                0x08012eb1    0x68  Code  Gb  Rly_lib.o [1]
ClockReflashFlag        0x20006e6c     0x1  Data  Gb  GlobeDef.o [1]
Clock_Raad              0x0802460d    0xd6  Code  Gb  Tim.o [1]
Clock_init              0x0800cc17    0x18  Code  Gb  Drive.o [1]
CntlCodeSJ              0x20006e8b     0x1  Data  Gb  PONLSJ.o [3]
Cpu_Init                0x0800bc41     0x2  Code  Gb  Drive.o [1]
Cur_FixVal_Buff         0x2000657c    0x6c  Data  Gb  GlobeDef.o [1]
DFT_XS                  0x08026c30    0xa0  Data  Gb  Lib.o [1]
DL_WZ                   0x08012e09    0xa0  Code  Gb  Rly_lib.o [1]
DMA1_Channel1_IRQHandler
                        0x08025e11     0x2  Code  Gb  stm32f10x_it.o [1]
DMA1_Channel2_IRQHandler
                        0x08025e13     0x2  Code  Gb  stm32f10x_it.o [1]
DMA1_Channel3_IRQHandler
                        0x08025e15     0x2  Code  Gb  stm32f10x_it.o [1]
DMA1_Channel4_IRQHandler
                        0x08025e17    0x2c  Code  Gb  stm32f10x_it.o [1]
DMA1_Channel5_IRQHandler
                        0x08025e43     0x2  Code  Gb  stm32f10x_it.o [1]
DMA1_Channel6_IRQHandler
                        0x08025e45     0x2  Code  Gb  stm32f10x_it.o [1]
DMA1_Channel7_IRQHandler
                        0x08025e47     0x2  Code  Gb  stm32f10x_it.o [1]
DMA2_Channel1_IRQHandler
                        0x0802609d     0x2  Code  Gb  stm32f10x_it.o [1]
DMA2_Channel2_IRQHandler
                        0x0802609f     0x2  Code  Gb  stm32f10x_it.o [1]
DMA2_Channel3_IRQHandler
                        0x080260a1     0x2  Code  Gb  stm32f10x_it.o [1]
DMA2_Channel4_5_IRQHandler
                        0x080260a3     0x2  Code  Gb  stm32f10x_it.o [1]
DMA_ClearFlag           0x08015d7d    0x10  Code  Gb  stm32f10x_dma.o [3]
DMA_ClearITPendingBit   0x08015db7    0x10  Code  Gb  stm32f10x_dma.o [3]
DMA_Cmd                 0x08015d37    0x1c  Code  Gb  stm32f10x_dma.o [3]
DMA_DeInit              0x08015aed   0x10a  Code  Gb  stm32f10x_dma.o [3]
DMA_Flexible_Config     0x08015c35   0x102  Code  Gb  stm32f10x_dma.o [3]
DMA_GetFlagStatus       0x08015d53    0x2a  Code  Gb  stm32f10x_dma.o [3]
DMA_GetITStatus         0x08015d8d    0x2a  Code  Gb  stm32f10x_dma.o [3]
DMA_Init                0x08015bf7    0x3e  Code  Gb  stm32f10x_dma.o [3]
DR_sub_Flex             0x0800ce4f    0x26  Code  Gb  Lib.o [1]
Display_Drive           0x080045b5    0x26  Code  Gb  MenuDiplay.o [1]
DisplyTimer             0x20006e68     0x1  Data  Gb  GlobeDef.o [1]
Drive_Eep_read_one      0x0800b6a9    0x16  Code  Gb  Drive.o [1]
Drive_Eep_write_two     0x0800b6bf    0x22  Code  Gb  Drive.o [1]
Drive_Read_clock        0x08010399    0xf2  Code  Gb  SD3077.o [3]
Drive_Wirte_clock       0x0801048b    0x44  Code  Gb  SD3077.o [3]
EVENT_Display           0x08006d39   0x24c  Code  Gb  MenuDiplay.o [1]
EVENT_FG                0x08009575    0x86  Code  Gb  MenuDiplay.o [1]
EXTI0_IRQHandler        0x08025e07     0x2  Code  Gb  stm32f10x_it.o [1]
EXTI15_10_IRQHandler    0x08025fbf     0x2  Code  Gb  stm32f10x_it.o [1]
EXTI1_IRQHandler        0x08025e09     0x2  Code  Gb  stm32f10x_it.o [1]
EXTI2_IRQHandler        0x08025e0b     0x2  Code  Gb  stm32f10x_it.o [1]
EXTI3_IRQHandler        0x08025e0d     0x2  Code  Gb  stm32f10x_it.o [1]
EXTI4_IRQHandler        0x08025e0f     0x2  Code  Gb  stm32f10x_it.o [1]
EXTI9_5_IRQHandler      0x08025e4b     0x2  Code  Gb  stm32f10x_it.o [1]
Eep_Read_FixValue       0x0800f96b    0x1c  Code  Gb  Eep.o [1]
Eep_Read_FixValueMag    0x0800f9a3    0x12  Code  Gb  Eep.o [1]
Eep_Read_Signal         0x0800f9c7    0x12  Code  Gb  Eep.o [1]
Eep_Write               0x0800f90d    0x5e  Code  Gb  Eep.o [1]
Eep_Write_FixValue      0x0800f987    0x1c  Code  Gb  Eep.o [1]
Eep_Write_FixValueMag   0x0800f9b5    0x12  Code  Gb  Eep.o [1]
Eep_Write_Signal        0x0800f9d9    0x12  Code  Gb  Eep.o [1]
Event                   0x20006e00     0x2  Data  Gb  GlobeDef.o [1]
EventBuff_Init          0x0800cc8d    0x3a  Code  Gb  Drive.o [1]
EventLen                0x20006e02     0x2  Data  Gb  GlobeDef.o [1]
EventManage_Bhdz_Event  0x0800e3df   0x446  Code  Gb  EventManage.o [1]
EventManage_Bhdz_SOE    0x0800e901    0xb8  Code  Gb  EventManage.o [1]
EventManage_Bhgj_Event  0x0800e31d    0xc2  Code  Gb  EventManage.o [1]
EventManage_Bhgj_SOE    0x0800e825    0xdc  Code  Gb  EventManage.o [1]
EventManage_CZJL_Write  0x0800ea79    0xbc  Code  Gb  EventManage.o [1]
EventManage_SOE_Write   0x0800e9b9    0xc0  Code  Gb  EventManage.o [1]
EventNote_Info          0x20006e14     0x2  Data  Gb  GlobeDef.o [1]
EventRead1              0x20006e04     0x2  Data  Gb  GlobeDef.o [1]
EventRead2              0x20006e06     0x2  Data  Gb  GlobeDef.o [1]
EventTimer              0x20006e66     0x1  Data  Gb  GlobeDef.o [1]
Event_Record            0x0800dfa1   0x37c  Code  Gb  EventManage.o [1]
Event_num               0x20006e10     0x2  Data  Gb  GlobeDef.o [1]
FG_Scan                 0x08019051    0x32  Code  Gb  Bhjdq.o [1]
FG_Timer_Over           0x08019083    0x50  Code  Gb  Bhjdq.o [1]
FLAG_BHQD               0x20006c98     0x4  Data  Gb  Bhjdq.o [1]
FLAG_FX                 0x20006c94     0x4  Data  Gb  Bhjdq.o [1]
FLAG_FZ                 0x20006c9c     0x4  Data  Gb  Bhjdq.o [1]
FLASH_GetBank1Status    0x08023eef    0x34  Code  Gb  stm32f10x_flash.o [3]
FLASH_GetReadOutProtectionStatus
                        0x08023ed7    0x18  Code  Gb  stm32f10x_flash.o [3]
FLASH_IRQHandler        0x08025e03     0x2  Code  Gb  stm32f10x_it.o [1]
FLASH_ReadOutProtection
                        0x08023e17    0xc0  Code  Gb  stm32f10x_flash.o [3]
FLASH_Unlock            0x08023e01    0x16  Code  Gb  stm32f10x_flash.o [3]
FLASH_WaitForLastOperation
                        0x08023f23    0x2e  Code  Gb  stm32f10x_flash.o [3]
FLT_task                0x080162cd   0xbee  Code  Gb  Bhjdq.o [1]
FL_Erase_Sector         0x0800fa6d    0x1c  Code  Gb  Flash.o [1]
FM_Init_Rpt             0x0800fa91   0x22a  Code  Gb  Flash.o [1]
FM_Init_Rpt::b_checkover
                        0x20006e5c     0x1  Data  Lc  Flash.o [1]
FM_Init_Rpt::d_check    0x20006d20     0x4  Data  Lc  Flash.o [1]
FM_Init_Rpt::i          0x20006dd2     0x2  Data  Lc  Flash.o [1]
FM_Init_Rpt::p_InitRptData
                        0x20006d1c     0x4  Data  Lc  Flash.o [1]
FSX_TAB1_M              0x08027350    0x3c  Data  Gb  Rly_lib.o [1]
FSX_TAB1_M002           0x0802738c    0x3c  Data  Gb  Rly_lib.o [1]
Fault_BT                0x080128ff   0x126  Code  Gb  Rly_lib.o [1]
Fault_DDJQDPB           0x080178f5   0x200  Code  Gb  Bhjdq.o [1]
Fault_DF                0x08012755   0x1aa  Code  Gb  Rly_lib.o [1]
Fault_FSX               0x080119e7   0x25e  Code  Gb  Rly_lib.o [1]
Fault_GFH               0x08011d71   0x11a  Code  Gb  Rly_lib.o [1]
Fault_Gzxx              0x08011035   0x170  Code  Gb  Rly_lib.o [1]
Fault_IDL               0x080117af   0x238  Code  Gb  Rly_lib.o [1]
Fault_IFXDY             0x080113bd   0x3f2  Code  Gb  Rly_lib.o [1]
Fault_IJS               0x08011c51   0x116  Code  Gb  Rly_lib.o [1]
Fault_QD                0x080111a5    0x8c  Code  Gb  Rly_lib.o [1]
Fault_QDL               0x08011231    0x3e  Code  Gb  Rly_lib.o [1]
Fault_TVDXPB            0x08012ab1   0x1e0  Code  Gb  Rly_lib.o [1]
Fault_TY                0x08011e91   0x128  Code  Gb  Rly_lib.o [1]
Fault_UH                0x08011fbd   0x136  Code  Gb  Rly_lib.o [1]
Fault_UL                0x0801212d   0x2dc  Code  Gb  Rly_lib.o [1]
Fault_ULL               0x08012415   0x338  Code  Gb  Rly_lib.o [1]
Fault_ZZFG              0x08018fb1     0xc  Code  Gb  Bhjdq.o [1]
FixBYQValueTable        0x08022768   0xf4c  Data  Gb  GlobeDef.o [1]
FixMOTOValueTable       0x080213f0  0x1378  Data  Gb  GlobeDef.o [1]
FixVal_Manage           0x20006d50     0x4  Data  Gb  GlobeDef.o [1]
FixValueTable           0x20006d38     0x4  Data  Gb  GlobeDef.o [1]
FixValueTableLN         0x08020078  0x1378  Data  Gb  GlobeDef.o [1]
Flag_BHALM              0x20006dfe     0x2  Data  Gb  GlobeDef.o [1]
Flag_BHER               0x20006dfc     0x2  Data  Gb  GlobeDef.o [1]
Flag_Eep_DZ             0x20006e72     0x1  Data  Gb  GlobeDef.o [1]
Flag_Tx_Busy            0x20006de0     0x2  Data  Gb  GlobeDef.o [1]
Flash_Earse             0x0800ff21    0x74  Code  Gb  Flash.o [1]
Flash_Operat_edit       0x0800fe6f    0x2c  Code  Gb  Flash.o [1]
Flash_Read_EventFun     0x0800fec7    0x5a  Code  Gb  Flash.o [1]
Flash_Read_EventSum     0x0800fe9b    0x2c  Code  Gb  Flash.o [1]
Flash_Write_CZJLFun     0x0800fddd    0x92  Code  Gb  Flash.o [1]
Flash_Write_EventFun    0x0800fcbb    0x90  Code  Gb  Flash.o [1]
Flash_Write_SoeFun      0x0800fd4b    0x92  Code  Gb  Flash.o [1]
Flash_task              0x0800fa89     0x8  Code  Gb  Flash.o [1]
Fm_Operat_Request       0x20006e6b     0x1  Data  Gb  GlobeDef.o [1]
Freq_Calculate          0x0800d4fd   0x248  Code  Gb  Lib.o [1]
GPIO_Configuration      0x0800b6e1   0x2f6  Code  Gb  Drive.o [1]
GPIO_DeInit             0x08013d4d    0x86  Code  Gb  stm32f10x_gpio.o [3]
GPIO_Init               0x08013dd3   0x136  Code  Gb  stm32f10x_gpio.o [3]
GPIO_PinRemapConfig     0x08013f41   0x430  Code  Gb  stm32f10x_gpio.o [3]
GPIO_ReadInputData      0x08013f23     0x6  Code  Gb  stm32f10x_gpio.o [3]
GPIO_ReadInputDataBit   0x08013f09    0x1a  Code  Gb  stm32f10x_gpio.o [3]
GPIO_ReadOutputData     0x08013f29     0x6  Code  Gb  stm32f10x_gpio.o [3]
GPIO_ResetBits          0x08013f35     0x6  Code  Gb  stm32f10x_gpio.o [3]
GPIO_SetBits            0x08013f2f     0x6  Code  Gb  stm32f10x_gpio.o [3]
GPIO_Write              0x08013f3b     0x6  Code  Gb  stm32f10x_gpio.o [3]
GetCRC16                0x0800dee1    0x36  Code  Gb  Lib.o [1]
GetCRC16NOT             0x0800dea9    0x38  Code  Gb  Lib.o [1]
GetCRC16T               0x0800df17    0x36  Code  Gb  Lib.o [1]
GetLAC                  0x0800df85    0x1c  Code  Gb  Lib.o [1]
HEAP$$Base              0x20001180           --   Gb  - Linker created -
HEAP$$Limit             0x20001980           --   Gb  - Linker created -
HEX_ASC16               0x0800d9a3    0x42  Code  Gb  Lib.o [1]
HEX_ASC32               0x0800d9e5    0x92  Code  Gb  Lib.o [1]
HEX_ASC8                0x0800d991    0x12  Code  Gb  Lib.o [1]
HYG160160A6G_Initial    0x0800c4ef   0x1ba  Code  Gb  Drive.o [1]
HexBcd                  0x0800de01    0x68  Code  Gb  Lib.o [1]
Hex_Bcd                 0x0800ddc3    0x3e  Code  Gb  Lib.o [1]
I2C1_ER_IRQHandler      0x08025e8f     0x2  Code  Gb  stm32f10x_it.o [1]
I2C1_EV_IRQHandler      0x08025e8d     0x2  Code  Gb  stm32f10x_it.o [1]
I2C2_ER_IRQHandler      0x08025e93     0x2  Code  Gb  stm32f10x_it.o [1]
I2C2_EV_IRQHandler      0x08025e91     0x2  Code  Gb  stm32f10x_it.o [1]
I2C_SD3077_Ack          0x080100ab    0x2c  Code  Lc  SD3077.o [3]
I2C_SD3077_GPIO_Config  0x0801000b    0x38  Code  Gb  SD3077.o [3]
I2C_SD3077_NoAck        0x080100d7    0x2c  Code  Lc  SD3077.o [3]
I2C_SD3077_ReceiveByte  0x08010185    0x46  Code  Lc  SD3077.o [3]
I2C_SD3077_SendByte     0x0801013f    0x46  Code  Lc  SD3077.o [3]
I2C_SD3077_Start        0x08010043    0x3c  Code  Lc  SD3077.o [3]
I2C_SD3077_Stop         0x0801007f    0x2c  Code  Lc  SD3077.o [3]
I2C_SD3077_WaitAck      0x08010103    0x3c  Code  Lc  SD3077.o [3]
I2C_SD3077_delay        0x0800fffd     0xe  Code  Lc  SD3077.o [3]
IDC                     0x20006a58    0x30  Data  Gb  GlobeDef.o [1]
ID_Sdata                0x20006e0c     0x2  Data  Gb  GlobeDef.o [1]
IWDG_Enable             0x080143c7     0xa  Code  Gb  stm32f10x_iwdg.o [3]
IWDG_ReloadCounter      0x080143bd     0xa  Code  Gb  stm32f10x_iwdg.o [3]
IWDG_SetPrescaler       0x080143ad     0x8  Code  Gb  stm32f10x_iwdg.o [3]
IWDG_SetReload          0x080143b5     0x8  Code  Gb  stm32f10x_iwdg.o [3]
IWDG_WriteAccessCmd     0x080143a5     0x8  Code  Gb  stm32f10x_iwdg.o [3]
Imax_Val                0x20006e1a     0x2  Data  Gb  GlobeDef.o [1]
JK103_Set_clock         0x0801f839    0x86  Code  Gb  PModbusS.o [1]
KEY_Str                 0x20006d58     0x4  Data  Gb  GlobeDef.o [1]
KEY_err                 0x20006e6d     0x1  Data  Gb  GlobeDef.o [1]
KG1                     0x08027608    0x1c  Data  Gb  GlobeDef.o [1]
KG2                     0x08027808    0x14  Data  Gb  GlobeDef.o [1]
KG4                     0x08027518    0x24  Data  Gb  GlobeDef.o [1]
KG5                     0x0802781c    0x14  Data  Gb  GlobeDef.o [1]
KG6                     0x08027624    0x1c  Data  Gb  GlobeDef.o [1]
KG7                     0x0802753c    0x24  Data  Gb  GlobeDef.o [1]
KG8                     0x08027560    0x24  Data  Gb  GlobeDef.o [1]
KR_Hinterrupt           0x0800bcdb   0x16c  Code  Gb  Drive.o [1]
KZDXBJ                  0x08012c9d    0xf0  Code  Gb  Rly_lib.o [1]
KisRlyBJ                0x08012a29    0x82  Code  Gb  Rly_lib.o [1]
LCD_Clear               0x0800a02d    0x7c  Code  Gb  lcd_drv.o [1]
LCD_Event               0x08006a99   0x294  Code  Gb  MenuDiplay.o [1]
LCD_Menu                0x080041db   0x3da  Code  Gb  MenuDiplay.o [1]
LED_Init                0x0800bc15    0x2c  Code  Gb  Drive.o [1]
LG_tab                  0x080277cc    0x14  Data  Gb  GlobeDef.o [1]
LcdWrite_Code           0x0800c89f    0x56  Code  Gb  Drive.o [1]
LcdWrite_Data           0x0800c8f5    0x56  Code  Gb  Drive.o [1]
Lcd_WR_MEAVALUE         0x0800a329   0x378  Code  Gb  lcd_drv.o [1]
Lcd_WR_MEAVALUE::dXS    0x20006d74     0x4  Data  Lc  lcd_drv.o [1]
Lcd_WR_MEAVALUE::i      0x20006e22     0x2  Data  Lc  lcd_drv.o [1]
Lcd_WR_MEAVALUE::wXS    0x20006c80     0x8  Data  Lc  lcd_drv.o [1]
Lcd_WR_MEAVALUE::wZS    0x20006e24     0x2  Data  Lc  lcd_drv.o [1]
Lcd_WR_TSETER           0x0800ab8d   0x258  Code  Gb  lcd_drv.o [1]
Lcd_Write               0x0800a299    0x90  Code  Gb  lcd_drv.o [1]
Lcd_WriteBH             0x0800a6b1   0x1ca  Code  Gb  lcd_drv.o [1]
Lcd_WriteCZJL           0x08007979   0x208  Code  Gb  MenuDiplay.o [1]
Lcd_WriteDWORD          0x0800a0a9   0x1e8  Code  Gb  lcd_drv.o [1]
Lcd_WriteDWORD::dDat    0x20006d6c     0x4  Data  Lc  lcd_drv.o [1]
Lcd_WriteDWORD::dK      0x20006d70     0x4  Data  Lc  lcd_drv.o [1]
Lcd_WriteDWORD::i       0x20006e1e     0x2  Data  Lc  lcd_drv.o [1]
Lcd_WriteDWORD::wNo     0x20006e20     0x2  Data  Lc  lcd_drv.o [1]
Lcd_WriteDWORD::wWRDat  0x20006bbc    0x14  Data  Lc  lcd_drv.o [1]
Lcd_WriteFixname        0x0800ade5    0x88  Code  Gb  lcd_drv.o [1]
Lcd_WriteMeasure        0x0800a881   0x2c4  Code  Gb  lcd_drv.o [1]
Lcd_WriteRpt            0x08006f99   0x2c0  Code  Gb  MenuDiplay.o [1]
Lcd_WriteSOE            0x08007505   0x1c6  Code  Gb  MenuDiplay.o [1]
Lcd_WriteStr            0x0800c42d    0xc2  Code  Gb  Drive.o [1]
Lcd_WriteValname        0x0800ae89   0x16e  Code  Gb  lcd_drv.o [1]
Lcd_closecur            0x0800bef9    0xa0  Code  Gb  Drive.o [1]
Lcd_clrram              0x0800c72b   0x174  Code  Gb  Drive.o [1]
Lcd_opencur             0x0800be47    0xb2  Code  Gb  Drive.o [1]
Lcd_printstr            0x0800c345    0x74  Code  Gb  Drive.o [1]
Lcd_printstr_W          0x0800c3b9    0x74  Code  Gb  Drive.o [1]
Lcd_wrchar              0x0800c0a1   0x108  Code  Gb  Drive.o [1]
Lcd_wrchar_T            0x0800bf99   0x108  Code  Gb  Drive.o [1]
Lcd_wrhz                0x0800c1a9   0x186  Code  Gb  Drive.o [1]
Lib_CRC16               0x0800cd29    0x3a  Code  Gb  Lib.o [1]
LightTimer              0x20006df2     0x2  Data  Gb  GlobeDef.o [1]
LoadInt                 0x08014fc7    0x6e  Code  Lc  xprintffull.o [4]
LockFlashWrite          0x20006df8     0x2  Data  Gb  GlobeDef.o [1]
MAX_2                   0x0800d94f    0x1a  Code  Gb  Lib.o [1]
MAX_3                   0x0800d969    0x28  Code  Gb  Lib.o [1]
MEA_Chk_PowScale        0x0800d805    0x44  Code  Gb  Lib.o [1]
MEA_Verify_POWER        0x08009b75   0x128  Code  Gb  MenuDiplay.o [1]
MEM_clear               0x0800d8b1    0x20  Code  Gb  Lib.o [1]
MEM_copy                0x0800d88d    0x24  Code  Gb  Lib.o [1]
MMI_Timer               0x20006df4     0x2  Data  Gb  GlobeDef.o [1]
Make_FaultData          0x0801f7cd    0x54  Code  Gb  PModbusS.o [1]
Make_FaultData::pData   0x20006d84     0x4  Data  Lc  PModbusS.o [1]
MeaValTab               0x08026ad0    0xb0  Data  Gb  GlobeDef.o [1]
MeaValTab1              0x0802688c    0xd0  Data  Gb  GlobeDef.o [1]
MeaValTabBYQ            0x08026b80    0xb0  Data  Gb  GlobeDef.o [1]
MeaValTabMOTO           0x0802695c    0xc0  Data  Gb  GlobeDef.o [1]
MenuTimer               0x20006e67     0x1  Data  Gb  GlobeDef.o [1]
MenuTimer_nom           0x20006e69     0x1  Data  Gb  GlobeDef.o [1]
Menu_Clear              0x0800417d    0x5e  Code  Gb  MenuDiplay.o [1]
Menu_Data0              0x080275c8    0x20  Data  Gb  MenuDiplay.o [1]
Menu_EventInfo_Data     0x08026fd4    0x8c  Data  Gb  MenuDiplay.o [1]
Menu_EventInfo_Index    0x08026f48    0x8c  Data  Gb  MenuDiplay.o [1]
Menu_List_Head          0x20006d78     0x4  Data  Gb  MenuDiplay.o [1]
Menu_Main_Data0         0x080271c0    0x50  Data  Gb  MenuDiplay.o [1]
Menu_Main_Data2         0x08027258    0x40  Data  Gb  MenuDiplay.o [1]
Menu_Main_Data3         0x08027754    0x18  Data  Gb  MenuDiplay.o [1]
Menu_Main_Data4         0x08027210    0x48  Data  Gb  MenuDiplay.o [1]
Menu_Main_Index         0x08026a1c    0xb4  Data  Gb  MenuDiplay.o [1]
Menu_Normal_Index       0x08027920    0x14  Data  Gb  MenuDiplay.o [1]
Menu_Others_Index       0x080274c8    0x28  Data  Gb  MenuDiplay.o [1]
Menu_ParaManage_Data    0x08027478    0x28  Data  Gb  MenuDiplay.o [1]
[...]
UIMOTO_buffer           0x2000602c    0xc0  Data  Gb  GlobeDef.o [1]
UIPQ_buffer             0x200069f4    0x34  Data  Gb  GlobeDef.o [1]
UI_ANG                  0x0800d32d    0x82  Code  Gb  Lib.o [1]
UI_buff                 0x2000630c    0xb0  Data  Gb  lcd_drv.o [1]
UI_buffer               0x200061ac    0xb0  Data  Gb  GlobeDef.o [1]
UI_bufferJY             0x20006a28    0x30  Data  Gb  GlobeDef.o [1]
UI_bufferJYtemp         0x200056e0   0x300  Data  Gb  GlobeDef.o [1]
UL_DOORNUM              0x20006e18     0x2  Data  Gb  GlobeDef.o [1]
USART1_IRQHandler       0x08025e97    0x4a  Code  Gb  stm32f10x_it.o [1]
USART2_IRQHandler       0x08025ee1    0x4a  Code  Gb  stm32f10x_it.o [1]
USART3_IRQHandler       0x08025f2b    0x4a  Code  Gb  stm32f10x_it.o [1]
USART6_IRQHandler       0x08025f75    0x4a  Code  Gb  stm32f10x_it.o [1]
USART_ClearITPendingBit
                        0x08015fb7    0x26  Code  Gb  stm32f10x_usart.o [3]
USART_Cmd               0x08015f09    0x1c  Code  Gb  stm32f10x_usart.o [3]
USART_DMACmd            0x08015f7b    0x16  Code  Gb  stm32f10x_usart.o [3]
USART_GetFlagStatus     0x08015f99    0x1e  Code  Gb  stm32f10x_usart.o [3]
USART_ITConfig          0x08015f25    0x56  Code  Gb  stm32f10x_usart.o [3]
USART_Init              0x08015e09    0xf0  Code  Gb  stm32f10x_usart.o [3]
USART_ReceiveData       0x08015f91     0x8  Code  Gb  stm32f10x_usart.o [3]
USBWakeUp_IRQHandler    0x08025fc3     0x2  Code  Gb  stm32f10x_it.o [1]
Uart_GetInputData       0x08010529    0x58  Code  Gb  UartDrv.o [3]
Uart_Init               0x080105e5   0x49a  Code  Gb  UartDrv.o [3]
Uart_PutInputData       0x08010581    0x64  Code  Gb  UartDrv.o [3]
Uart_Read               0x08010ae9    0x8e  Code  Gb  UartDrv.o [3]
Uart_Write              0x08010b77   0x42a  Code  Gb  UartDrv.o [3]
Uart_delay_ms           0x08010509    0x20  Code  Gb  UartDrv.o [3]
Uart_rate               0x08027694    0x1c  Data  Gb  UartDrv.o [3]
Umax_Val                0x20006e1c     0x2  Data  Gb  GlobeDef.o [1]
Usr_DMA_Config          0x08010a7f    0x6a  Code  Gb  UartDrv.o [3]
VAR_crc1                0x20006e08     0x2  Data  Gb  GlobeDef.o [1]
W25Q64Test              0x08013cbd    0x90  Code  Gb  w25Q64.o [3]
W25Q_Busy               0x08013a65    0x36  Code  Gb  w25Q64.o [3]
W25Q_Erase_Block32K     0x080139bd    0x54  Code  Gb  w25Q64.o [3]
W25Q_Erase_Block64K     0x08013a11    0x54  Code  Gb  w25Q64.o [3]
W25Q_Erase_Chip         0x08013937    0x36  Code  Gb  w25Q64.o [3]
W25Q_Erase_Sector       0x0801396d    0x50  Code  Gb  w25Q64.o [3]
W25Q_ReadMultiBytes     0x080138e1    0x56  Code  Gb  w25Q64.o [3]
W25Q_SPI_Init           0x08013809    0x9e  Code  Gb  w25Q64.o [3]
W25Q_SendByte           0x080138a7    0x3a  Code  Gb  w25Q64.o [3]
W25Q_WritePageBytes     0x08013a9b   0x14c  Code  Gb  w25Q64.o [3]
WDog_Clear              0x0800c977     0x8  Code  Gb  Drive.o [1]
WDog_Enable             0x0800c955    0x22  Code  Gb  Drive.o [1]
WWDG_IRQHandler         0x08025dd9     0x2  Code  Gb  stm32f10x_it.o [1]
W_THWFCZB               0x20006e16     0x2  Data  Gb  GlobeDef.o [1]
WriteRTC_Disable        0x08010243    0x4a  Code  Gb  SD3077.o [3]
WriteRTC_Enable         0x080101dd    0x66  Code  Gb  SD3077.o [3]
XH_Make1                0x08023b49    0x9e  Code  Gb  main.o [1]
YC_Change_CAN           0x0801de49    0x14  Code  Gb  PModbusS.o [1]
YK_Pluse                0x20006de6     0x2  Data  Gb  GlobeDef.o [1]
YX1_sts                 0x20006bd0    0x10  Data  Gb  GlobeDef.o [1]
YX_cnt                  0x20006854    0x40  Data  Gb  Drive.o [1]
ZJ_FixVal_Buff          0x200065e8    0x6c  Data  Gb  GlobeDef.o [1]
_EncodingSb_Mbtowc      0x08019a37    0x30  Code  Gb  xencoding_sb.o [4]
_EncodingSb_Mbtowc::initial
                        0x08019a74     0x8  Data  Lc  xencoding_sb.o [4]
_EncodingSb_Wctomb      0x08019a1d    0x1a  Code  Gb  xencoding_sb.o [4]
_EncodingSb_Wctomb::initial
                        0x08019a6c     0x8  Data  Lc  xencoding_sb.o [4]
_GenldFull              0x0801584d   0x254  Code  Lc  xprintffull.o [4]
_IsdstStr               0x20000108     0x4  Data  Gb  setlocale.o [4]
_LdtobFull              0x0801544d   0x3fa  Code  Lc  xprintffull.o [4]
_LitobFull              0x08015341   0x10a  Code  Lc  xprintffull.o [4]
_LocaleEncoding         0x08019a09     0xe  Code  Gb  setlocale.o [4]
_LocaleReturnString     0x20000128    0x50  Data  Lc  setlocale.o [4]
_Locale_Profile         0x2000010c    0x1c  Data  Gb  setlocale.o [4]
_Locale_aeabi_lconv     0x200000cc    0x38  Data  Gb  localeconv.o [4]
_Locale_lconv           0x2000007c    0x50  Data  Gb  localeconv.o [4]
_Mbtowc                 0x0801946b    0x20  Code  Gb  xmbtowc.o [4]
_PrintfFull             0x08014961   0x650  Code  Gb  xprintffull.o [4]
_PutcharsFull           0x08015aa1    0x2e  Code  Lc  xprintffull.o [4]
_PutstrFull             0x08015035   0x306  Code  Lc  xprintffull.o [4]
_SProut                 0x0800f9eb     0xa  Code  Gb  xsprout.o [4]
_TzoneStr               0x20000104     0x4  Data  Gb  setlocale.o [4]
_Wctomb                 0x080195b9    0x1a  Code  Gb  xwctomb.o [4]
__aeabi_cdcmple         0x08019699          Code  Gb  DblCmpLe.o [5]
__aeabi_cdrcmple        0x080196c9          Code  Gb  DblCmpGe.o [5]
__aeabi_d2f             0x0801ffa5          Code  Gb  DblToFlt.o [5]
__aeabi_d2iz            0x0801489d          Code  Gb  DblToI32.o [5]
__aeabi_d2uiz           0x080148c9          Code  Gb  DblToI32.o [5]
__aeabi_ddiv            0x08019175          Code  Gb  DblDiv.o [5]
__aeabi_dmul            0x080146f9          Code  Gb  DblMul.o [5]
__aeabi_dsub            0x0801980d          Code  Gb  DblSub.o [5]
__aeabi_f2d             0x0801ff55          Code  Gb  FltToDbl.o [5]
__aeabi_i2d             0x080146c9          Code  Gb  I32ToDbl.o [5]
__aeabi_ldiv0           0x080193cd          Code  Gb  I64DivZer.o [6]
__aeabi_ldivmod         0x080136d5          Code  Gb  I64DivMod.o [6]
__aeabi_ui2d            0x080146dd          Code  Gb  I32ToDbl.o [5]
__aeabi_uldivmod        0x08013719          Code  Gb  I64DivMod.o [6]
__checksum              0x0803fffc     0x4  Data  Gb  Place holder __checksum
__checksum_begin {Abs}  0x08004000          Data  Gb  command line/config [2]
__checksum_end {Abs}    0x0803fffb          Data  Gb  command line/config [2]
__cmain                 0x080276b1          Code  Gb  cmain.o [6]
__data_Aldata           0x20006c88     0x8  Data  Gb  xxmemxmalloc.o [4]
__data_GetMemChunk      0x08019a7d    0x2c  Code  Gb  xgetmemchunk.o [4]
__data_GetMemChunk::start
                        0x20006d8c     0x4  Data  Lc  xgetmemchunk.o [4]
__exit                  0x080276e1    0x14  Code  Gb  exit.o [7]
__iar_Dnorm             0x08019655    0x44  Code  Gb  xdnorm.o [5]
__iar_Dscale            0x080196f9   0x114  Code  Gb  xdscale.o [5]
__iar_Locale_lconv_init
                        0x0801998d    0x3a  Code  Gb  localeconv.o [4]
__iar_Mbcurmax          0x080194fd     0xa  Code  Gb  xmbcurmax.o [4]
__iar_Memchr            0x080194a5          Code  Gb  memchr.o [6]
__iar_Strchr            0x0801948d          Code  Gb  strchr.o [6]
__iar_d2uiz             0x080148d5          Code  Gb  DblToI32.o [5]
__iar_dadd              0x08019aa9          Code  Gb  DblAdd.o [5]
__iar_data_init3        0x080274f1    0x28  Code  Gb  data_init.o [6]
__iar_dlib_perthread_access
                        0x08019b7d     0x2  Code  Gb  xtls.o [4]
__iar_dsub              0x08019821          Code  Gb  DblSub.o [5]
__iar_dsubStart         0x08019833          Code  Gb  DblSub.o [5]
__iar_init_vfp          0x08027585          Code  Gb  fpinit_M.o [5]
__iar_packbits_init_single3
                        0x080273c9    0x38  Code  Gb  packbits_init_single.o [6]
__iar_program_start     0x08027e29          Code  Gb  cstartup_M.o [6]
__iar_ui2d              0x080146e1          Code  Gb  I32ToDbl.o [5]
__iar_unaligned___aeabi_memcpy
                        0x0800f9f5          Code  Gb  ABImemcpy_unaligned.o [6]
__iar_unaligned___aeabi_memcpy4
                        0x0800fa15          Code  Gb  ABImemcpy_unaligned.o [6]
__iar_unaligned___aeabi_memcpy8
                        0x0800fa15          Code  Gb  ABImemcpy_unaligned.o [6]
__iar_unaligned_memcmp  0x080148fd          Code  Gb  memcmp_unaligned.o [6]
__iar_unaligned_strcmp  0x08020035          Code  Gb  strcmp_unaligned.o [6]
__iar_zero_init3        0x08027299    0x40  Code  Gb  zero_init3.o [6]
__low_level_init        0x080276cb     0x4  Code  Gb  low_level_init.o [4]
__vector_table          0x08004000          Data  Gb  startup_stm32f10x_atf403a.o [1]
_call_main              0x080276bd          Code  Gb  cmain.o [6]
_exit                   0x080276d5          Code  Gb  cexit.o [6]
_main                   0x080276c7          Code  Gb  cmain.o [6]
abs                     0x080148f5     0x8  Code  Gb  abs.o [4]
asc_tab1                0x20000000     0xc  Data  Gb  GlobeDef.o [1]
asc_tab2                0x2000000c    0x14  Data  Gb  GlobeDef.o [1]
auchCRCHi               0x080263bc   0x100  Data  Gb  Lib.o [1]
auchCRCLo               0x080264bc   0x100  Data  Gb  Lib.o [1]
by_103SOESta            0x20006e74     0x1  Data  Gb  GlobeDef.o [1]
by_Com103Buf            0x200064fc    0x80  Data  Lc  PModbusS.o [1]
bytedata                0x20006e78     0x1  Data  Gb  MenuDiplay.o [1]
com_flag                0x20006e82     0x1  Data  Gb  PModbusS.o [1]
crcrevhware             0x0800df4d    0x38  Code  Gb  Lib.o [1]
currRecvIdSJ            0x20006d88     0x4  Data  Gb  PONLSJ.o [3]
d_flg_start             0x20006c90     0x4  Data  Gb  Bhjdq.o [1]
delay_ms                0x0800bbcb    0x22  Code  Gb  Drive.o [1]
delay_us                0x0800bbed    0x28  Code  Gb  Drive.o [1]
disp_dots               0x0800c6bd    0x6e  Code  Gb  Drive.o [1]
div                     0x080199f9     0xe  Code  Gb  div.o [4]
exit                    0x080276cf     0x4  Code  Gb  exit.o [4]
fax                     0x20006ab0    0x20  Data  Gb  Lib.o [1]
fint                    0x20006e76     0x1  Data  Gb  Lib.o [1]
free                    0x080195d5    0x7a  Code  Gb  xxmemxfree.o [4]
hzIndex                 0x08025ab8   0x320  Data  Gb  Hzk.o [1]
l_DCValue               0x20006a88    0x28  Data  Gb  Lib.o [1]
l_MeaValBuf             0x20006804    0x50  Data  Gb  GlobeDef.o [1]
l_fRelayAlarm           0x20006d48     0x4  Data  Gb  GlobeDef.o [1]
l_fRelayAlarmBak        0x20006d10     0x4  Data  Gb  EventManage.o [1]
l_fRelayBHkr            0x20006d4c     0x4  Data  Gb  GlobeDef.o [1]
l_fRelayBHkrBak         0x20006d14     0x4  Data  Gb  EventManage.o [1]
l_fRelayTrip            0x20006d44     0x4  Data  Gb  GlobeDef.o [1]
l_fRelayTripBak         0x20006d0c     0x4  Data  Gb  EventManage.o [1]
l_fRelayTripsgz         0x20006e5b     0x1  Data  Gb  EventManage.o [1]
l_fRelaytim             0x20006d18     0x4  Data  Gb  EventManage.o [1]
localeconv              0x080199c7    0x16  Code  Gb  localeconv.o [4]
m_ModSAddress           0x20006e80     0x1  Data  Gb  PModbusS.o [1]
m_ModSRXLength          0x20006e2e     0x2  Data  Gb  PModbusS.o [1]
m_ModSTXLength          0x20006e30     0x2  Data  Gb  PModbusS.o [1]
m_ModScurrRecvId        0x20006e81     0x1  Data  Gb  PModbusS.o [1]
m_pModSRXData           0x20004980   0x4b0  Data  Gb  PModbusS.o [1]
m_pModSTXData           0x20004e30   0x4b0  Data  Gb  PModbusS.o [1]
main                    0x080236b5   0x152  Code  Gb  main.o [1]
malloc                  0x08019509    0xac  Code  Gb  xxmemxmalloc.o [4]
memchr                  0x080194a5          Code  Gb  memchr.o [6]
name1                   0x08027c60     0xc  Data  Gb  MenuDiplay.o [1]
name1_1                 0x08027a5c    0x10  Data  Gb  MenuDiplay.o [1]
name1_1_1               0x08027e64     0x8  Data  Gb  MenuDiplay.o [1]
name1_1_2               0x08027e6c     0x8  Data  Gb  MenuDiplay.o [1]
name1_1_3               0x08027e74     0x8  Data  Gb  MenuDiplay.o [1]
name1_2                 0x08027a6c    0x10  Data  Gb  MenuDiplay.o [1]
name1_3_1               0x08027e7c     0x8  Data  Gb  MenuDiplay.o [1]
name2                   0x08027c6c     0xc  Data  Gb  MenuDiplay.o [1]
name2_2                 0x08027e84     0x8  Data  Gb  MenuDiplay.o [1]
name2_3                 0x08027e8c     0x8  Data  Gb  MenuDiplay.o [1]
name2_4                 0x08027e94     0x8  Data  Gb  MenuDiplay.o [1]
name2_5                 0x08027e9c     0x8  Data  Gb  MenuDiplay.o [1]
name3                   0x08027c78     0xc  Data  Gb  MenuDiplay.o [1]
name4                   0x08027c84     0xc  Data  Gb  MenuDiplay.o [1]
name4_1                 0x08027cc0     0xc  Data  Gb  MenuDiplay.o [1]
name4_2                 0x08027ccc     0xc  Data  Gb  MenuDiplay.o [1]
name4_2_3               0x08027f0c     0x4  Data  Gb  MenuDiplay.o [1]
name4_3                 0x08027cd8     0xc  Data  Gb  MenuDiplay.o [1]
name4_3_2               0x08027ea4     0x8  Data  Gb  MenuDiplay.o [1]
name4_3_3               0x08027eac     0x8  Data  Gb  MenuDiplay.o [1]
name4_4                 0x08027a7c    0x10  Data  Gb  MenuDiplay.o [1]
name4_5                 0x08027a8c    0x10  Data  Gb  MenuDiplay.o [1]
name4_6                 0x08027a9c    0x10  Data  Gb  MenuDiplay.o [1]
name5                   0x08027c90     0xc  Data  Gb  MenuDiplay.o [1]
name5_1_2               0x08027cf0     0xc  Data  Gb  MenuDiplay.o [1]
name5_1_3               0x08027cfc     0xc  Data  Gb  MenuDiplay.o [1]
name5_1_4               0x08027d08     0xc  Data  Gb  MenuDiplay.o [1]
name5_1_5               0x08027d14     0xc  Data  Gb  MenuDiplay.o [1]
name5_1_7               0x08027d20     0xc  Data  Gb  MenuDiplay.o [1]
name5_2                 0x08027ce4     0xc  Data  Gb  MenuDiplay.o [1]
name5_2_1               0x08027aac    0x10  Data  Gb  MenuDiplay.o [1]
name5_2_2               0x08027abc    0x10  Data  Gb  MenuDiplay.o [1]
name5_xx                0x080278f8    0x14  Data  Gb  MenuDiplay.o [1]
name6                   0x08027c9c     0xc  Data  Gb  MenuDiplay.o [1]
name6_1                 0x08027d2c     0xc  Data  Gb  MenuDiplay.o [1]
name6_2                 0x08027eb4     0x8  Data  Gb  MenuDiplay.o [1]
name6_3                 0x08027f10     0x4  Data  Gb  MenuDiplay.o [1]
name6_4                 0x08027f14     0x4  Data  Gb  MenuDiplay.o [1]
name6_xx                0x0802790c    0x14  Data  Gb  MenuDiplay.o [1]
name7                   0x08027ca8     0xc  Data  Gb  MenuDiplay.o [1]
name7_1                 0x08027acc    0x10  Data  Gb  MenuDiplay.o [1]
name7_1_1               0x08027b2c    0x10  Data  Gb  MenuDiplay.o [1]
name7_1_2               0x080278d0    0x14  Data  Gb  MenuDiplay.o [1]
name7_2                 0x08027adc    0x10  Data  Gb  MenuDiplay.o [1]
name7_3                 0x08027aec    0x10  Data  Gb  MenuDiplay.o [1]
name7_3_1               0x08027d44     0xc  Data  Gb  MenuDiplay.o [1]
name7_3_2               0x08027d50     0xc  Data  Gb  MenuDiplay.o [1]
name7_3_2_1             0x08027ebc     0x8  Data  Gb  MenuDiplay.o [1]
name7_3_2_2             0x08027ec4     0x8  Data  Gb  MenuDiplay.o [1]
name7_3_2_3             0x08027ecc     0x8  Data  Gb  MenuDiplay.o [1]
name7_3_2_4             0x08027ed4     0x8  Data  Gb  MenuDiplay.o [1]
name7_3_3               0x08027d5c     0xc  Data  Gb  MenuDiplay.o [1]
name7_3_3_1             0x08027edc     0x8  Data  Gb  MenuDiplay.o [1]
name7_3_3_2             0x08027ee4     0x8  Data  Gb  MenuDiplay.o [1]
name7_3_4               0x08027d68     0xc  Data  Gb  MenuDiplay.o [1]
name7_3_4_1             0x08027eec     0x8  Data  Gb  MenuDiplay.o [1]
name7_3_4_2             0x08027ef4     0x8  Data  Gb  MenuDiplay.o [1]
name7_4                 0x08027afc    0x10  Data  Gb  MenuDiplay.o [1]
name7_4_1               0x08027d74     0xc  Data  Gb  MenuDiplay.o [1]
name7_5                 0x08027d38     0xc  Data  Gb  MenuDiplay.o [1]
name7_5_1               0x08027b3c    0x10  Data  Gb  MenuDiplay.o [1]
name7_5_2               0x080278e4    0x14  Data  Gb  MenuDiplay.o [1]
name7_6_1               0x08027d80     0xc  Data  Gb  MenuDiplay.o [1]
name7_6_2               0x08027d8c     0xc  Data  Gb  MenuDiplay.o [1]
name7_7                 0x08027b0c    0x10  Data  Gb  MenuDiplay.o [1]
name7_8                 0x08027b1c    0x10  Data  Gb  MenuDiplay.o [1]
name8_1_2               0x08027efc     0x8  Data  Gb  MenuDiplay.o [1]
name9                   0x08027cb4     0xc  Data  Gb  MenuDiplay.o [1]
name9_1_1               0x08027d98     0xc  Data  Gb  MenuDiplay.o [1]
name9_1_1_1             0x08027dbc     0xc  Data  Gb  MenuDiplay.o [1]
name9_1_1_2             0x08027dc8     0xc  Data  Gb  MenuDiplay.o [1]
name9_1_1_3             0x08027dd4     0xc  Data  Gb  MenuDiplay.o [1]
name9_1_1_4             0x08027de0     0xc  Data  Gb  MenuDiplay.o [1]
name9_1_2               0x08027da4     0xc  Data  Gb  MenuDiplay.o [1]
name9_1_2_1             0x08027dec     0xc  Data  Gb  MenuDiplay.o [1]
name9_1_2_2             0x08027df8     0xc  Data  Gb  MenuDiplay.o [1]
name9_1_3               0x08027db0     0xc  Data  Gb  MenuDiplay.o [1]
name9_1_4_1             0x08027e04     0xc  Data  Gb  MenuDiplay.o [1]
name9_1_4_2             0x08027e10     0xc  Data  Gb  MenuDiplay.o [1]
name_VAR                0x0802797c    0x10  Data  Gb  GlobeDef.o [1]
name_date               0x0802796c    0x10  Data  Gb  GlobeDef.o [1]
p_data                  0x20006d7c     0x4  Data  Lc  PModbusS.o [1]
ping_it                 0x20006e87     0x1  Data  Gb  Rly_lib.o [1]
sprintf                 0x0800ffc9    0x34  Code  Gb  sprintf.o [4]
strchr                  0x0801948d          Code  Gb  strchr.o [6]
strlen                  0x080104d1          Code  Gb  strlen.o [6]
szType                  0x20006d34     0x4  Data  Gb  GlobeDef.o [1]
szType_NAME             0x20000020     0xc  Data  Gb  GlobeDef.o [1]
szType_NAMEBYQ          0x2000002c     0xc  Data  Gb  GlobeDef.o [1]
szType_NAMEMOTO         0x20000038     0xc  Data  Gb  GlobeDef.o [1]
tDITab                  0x20006d28     0x4  Data  Gb  GlobeDef.o [1]
tDITab_Default          0x080265bc    0xf0  Data  Gb  GlobeDef.o [1]
tDITab_DefaultBYQ       0x080266ac    0xf0  Data  Gb  GlobeDef.o [1]
tDITab_DefaultMOTO      0x0802679c    0xf0  Data  Gb  GlobeDef.o [1]
tDoTab_Default          0x08027060    0x88  Data  Gb  GlobeDef.o [1]
tEvtTab                 0x20006d24     0x4  Data  Gb  GlobeDef.o [1]
tEvtTab_BYQ             0x080250b8   0x500  Data  Gb  GlobeDef.o [1]
tEvtTab_LN              0x08024bb8   0x500  Data  Gb  GlobeDef.o [1]
tEvtTab_MOTO            0x080255b8   0x500  Data  Gb  GlobeDef.o [1]
text                    0x200067b4    0x50  Data  Gb  GlobeDef.o [1]
tim_kr                  0x20006dd0     0x2  Data  Gb  Drive.o [1]
uGhOvertime             0x20006e73     0x1  Data  Gb  GlobeDef.o [1]
w_DataLen               0x20006e36     0x2  Data  Lc  PModbusS.o [1]
w_DataStart             0x20006e34     0x2  Data  Lc  PModbusS.o [1]
w_QD_Cnt                0x20006dca     0x2  Data  Gb  Bhjdq.o [1]
w_SetScale              0x20006e28     0x2  Data  Gb  MenuDiplay.o [1]
w_tCntMotoQD            0x20006dc8     0x2  Data  Gb  Bhjdq.o [1]
w_tCntQD                0x20006dcc     0x2  Data  Gb  Bhjdq.o [1]
ybTab                   0x20006d2c     0x4  Data  Gb  GlobeDef.o [1]
ybTab_BYQ               0x080270e8    0x78  Data  Gb  GlobeDef.o [1]
ybTab_LN                0x08026e10    0x9c  Data  Gb  GlobeDef.o [1]
ybTab_MOTO              0x08026eac    0x9c  Data  Gb  GlobeDef.o [1]
zichar                  0x0802400c   0x600  Data  Gb  Hzk.o [1]
zilib                   0x08019b80  0x3200  Data  Gb  Hzk.o [1]


[1] = D:\2-通用定制归档程序\04-通用程序\00-900F\【通用程序】ZRR900FV2HYLCD-ATF3.03-解决零漂-8BA6-0F1B-20260316\00-源码\ZRR900FV2HYLCDATFSoftUlib-V2.0-20260316\Debug\Obj
[2] = command line
[3] = ZRR900FV2HYLCDATFALL.a
[4] = dl7M_tlf.a
[5] = m7M_tls.a
[6] = rt7M_tl.a
[7] = shb_l.a

  107 420 bytes of readonly  code memory
   40 130 bytes of readonly  data memory
   28 297 bytes of readwrite data memory

Errors: none
Warnings: none
